Archive member included to satisfy reference by file (symbol)

C:/Users/germmeja/Downloads/STM32CubeCLT_1.16.0/GNU-tools-for-STM32/bin/../lib/gcc/arm-none-eabi/12.3.1/../../../../arm-none-eabi/lib/thumb/v7e-m+fp/hard\libc_nano.a(libc_a-exit.o)
                              C:/Users/germmeja/Downloads/STM32CubeCLT_1.16.0/GNU-tools-for-STM32/bin/../lib/gcc/arm-none-eabi/12.3.1/../../../../arm-none-eabi/lib/thumb/v7e-m+fp/hard/crt0.o (exit)
C:/Users/germmeja/Downloads/STM32CubeCLT_1.16.0/GNU-tools-for-STM32/bin/../lib/gcc/arm-none-eabi/12.3.1/../../../../arm-none-eabi/lib/thumb/v7e-m+fp/hard\libc_nano.a(libc_a-findfp.o)
                              C:/Users/germmeja/Downloads/STM32CubeCLT_1.16.0/GNU-tools-for-STM32/bin/../lib/gcc/arm-none-eabi/12.3.1/../../../../arm-none-eabi/lib/thumb/v7e-m+fp/hard\libc_nano.a(libc_a-exit.o) (__stdio_exit_handler)
C:/Users/germmeja/Downloads/STM32CubeCLT_1.16.0/GNU-tools-for-STM32/bin/../lib/gcc/arm-none-eabi/12.3.1/../../../../arm-none-eabi/lib/thumb/v7e-m+fp/hard\libc_nano.a(libc_a-fwalk.o)
                              C:/Users/germmeja/Downloads/STM32CubeCLT_1.16.0/GNU-tools-for-STM32/bin/../lib/gcc/arm-none-eabi/12.3.1/../../../../arm-none-eabi/lib/thumb/v7e-m+fp/hard\libc_nano.a(libc_a-findfp.o) (_fwalk_sglue)
C:/Users/germmeja/Downloads/STM32CubeCLT_1.16.0/GNU-tools-for-STM32/bin/../lib/gcc/arm-none-eabi/12.3.1/../../../../arm-none-eabi/lib/thumb/v7e-m+fp/hard\libc_nano.a(libc_a-stdio.o)
                              C:/Users/germmeja/Downloads/STM32CubeCLT_1.16.0/GNU-tools-for-STM32/bin/../lib/gcc/arm-none-eabi/12.3.1/../../../../arm-none-eabi/lib/thumb/v7e-m+fp/hard\libc_nano.a(libc_a-findfp.o) (__sread)
C:/Users/germmeja/Downloads/STM32CubeCLT_1.16.0/GNU-tools-for-STM32/bin/../lib/gcc/arm-none-eabi/12.3.1/../../../../arm-none-eabi/lib/thumb/v7e-m+fp/hard\libc_nano.a(libc_a-memset.o)
                              C:/Users/germmeja/Downloads/STM32CubeCLT_1.16.0/GNU-tools-for-STM32/bin/../lib/gcc/arm-none-eabi/12.3.1/../../../../arm-none-eabi/lib/thumb/v7e-m+fp/hard/crt0.o (memset)
C:/Users/germmeja/Downloads/STM32CubeCLT_1.16.0/GNU-tools-for-STM32/bin/../lib/gcc/arm-none-eabi/12.3.1/../../../../arm-none-eabi/lib/thumb/v7e-m+fp/hard\libc_nano.a(libc_a-closer.o)
                              C:/Users/germmeja/Downloads/STM32CubeCLT_1.16.0/GNU-tools-for-STM32/bin/../lib/gcc/arm-none-eabi/12.3.1/../../../../arm-none-eabi/lib/thumb/v7e-m+fp/hard\libc_nano.a(libc_a-stdio.o) (_close_r)
C:/Users/germmeja/Downloads/STM32CubeCLT_1.16.0/GNU-tools-for-STM32/bin/../lib/gcc/arm-none-eabi/12.3.1/../../../../arm-none-eabi/lib/thumb/v7e-m+fp/hard\libc_nano.a(libc_a-reent.o)
                              C:/Users/germmeja/Downloads/STM32CubeCLT_1.16.0/GNU-tools-for-STM32/bin/../lib/gcc/arm-none-eabi/12.3.1/../../../../arm-none-eabi/lib/thumb/v7e-m+fp/hard\libc_nano.a(libc_a-closer.o) (errno)
C:/Users/germmeja/Downloads/STM32CubeCLT_1.16.0/GNU-tools-for-STM32/bin/../lib/gcc/arm-none-eabi/12.3.1/../../../../arm-none-eabi/lib/thumb/v7e-m+fp/hard\libc_nano.a(libc_a-impure.o)
                              C:/Users/germmeja/Downloads/STM32CubeCLT_1.16.0/GNU-tools-for-STM32/bin/../lib/gcc/arm-none-eabi/12.3.1/../../../../arm-none-eabi/lib/thumb/v7e-m+fp/hard\libc_nano.a(libc_a-reent.o) (_impure_ptr)
C:/Users/germmeja/Downloads/STM32CubeCLT_1.16.0/GNU-tools-for-STM32/bin/../lib/gcc/arm-none-eabi/12.3.1/../../../../arm-none-eabi/lib/thumb/v7e-m+fp/hard\libc_nano.a(libc_a-lseekr.o)
                              C:/Users/germmeja/Downloads/STM32CubeCLT_1.16.0/GNU-tools-for-STM32/bin/../lib/gcc/arm-none-eabi/12.3.1/../../../../arm-none-eabi/lib/thumb/v7e-m+fp/hard\libc_nano.a(libc_a-stdio.o) (_lseek_r)
C:/Users/germmeja/Downloads/STM32CubeCLT_1.16.0/GNU-tools-for-STM32/bin/../lib/gcc/arm-none-eabi/12.3.1/../../../../arm-none-eabi/lib/thumb/v7e-m+fp/hard\libc_nano.a(libc_a-readr.o)
                              C:/Users/germmeja/Downloads/STM32CubeCLT_1.16.0/GNU-tools-for-STM32/bin/../lib/gcc/arm-none-eabi/12.3.1/../../../../arm-none-eabi/lib/thumb/v7e-m+fp/hard\libc_nano.a(libc_a-stdio.o) (_read_r)
C:/Users/germmeja/Downloads/STM32CubeCLT_1.16.0/GNU-tools-for-STM32/bin/../lib/gcc/arm-none-eabi/12.3.1/../../../../arm-none-eabi/lib/thumb/v7e-m+fp/hard\libc_nano.a(libc_a-writer.o)
                              C:/Users/germmeja/Downloads/STM32CubeCLT_1.16.0/GNU-tools-for-STM32/bin/../lib/gcc/arm-none-eabi/12.3.1/../../../../arm-none-eabi/lib/thumb/v7e-m+fp/hard\libc_nano.a(libc_a-stdio.o) (_write_r)
C:/Users/germmeja/Downloads/STM32CubeCLT_1.16.0/GNU-tools-for-STM32/bin/../lib/gcc/arm-none-eabi/12.3.1/../../../../arm-none-eabi/lib/thumb/v7e-m+fp/hard\libc_nano.a(libc_a-init.o)
                              C:/Users/germmeja/Downloads/STM32CubeCLT_1.16.0/GNU-tools-for-STM32/bin/../lib/gcc/arm-none-eabi/12.3.1/../../../../arm-none-eabi/lib/thumb/v7e-m+fp/hard/crt0.o (__libc_init_array)
[...]
Memory Configuration

Name             Origin             Length             Attributes
RAM              0x20000000         0x00018000         xrw
RAM2             0x10000000         0x00008000         xrw
FLASH            0x08000000         0x00100000         xr
*default*        0x00000000         0xffffffff

Linker script and memory map

LOAD C:/Users/germmeja/Downloads/STM32CubeCLT_1.16.0/GNU-tools-for-STM32/bin/../lib/gcc/arm-none-eabi/12.3.1/thumb/v7e-m+fp/hard/crti.o
LOAD C:/Users/germmeja/Downloads/STM32CubeCLT_1.16.0/GNU-tools-for-STM32/bin/../lib/gcc/arm-none-eabi/12.3.1/thumb/v7e-m+fp/hard/crtbegin.o
LOAD C:/Users/germmeja/Downloads/STM32CubeCLT_1.16.0/GNU-tools-for-STM32/bin/../lib/gcc/arm-none-eabi/12.3.1/../../../../arm-none-eabi/lib/thumb/v7e-m+fp/hard/crt0.o
START GROUP
LOAD C:/Users/germmeja/Downloads/STM32CubeCLT_1.16.0/GNU-tools-for-STM32/bin/../lib/gcc/arm-none-eabi/12.3.1/../../../../arm-none-eabi/lib/thumb/v7e-m+fp/hard\libc_nano.a
LOAD C:/Users/germmeja/Downloads/STM32CubeCLT_1.16.0/GNU-tools-for-STM32/bin/../lib/gcc/arm-none-eabi/12.3.1/../../../../arm-none-eabi/lib/thumb/v7e-m+fp/hard\libm.a
END GROUP
LOAD CMakeFiles/4100901-Final_Project_2024_2.dir/Core/Src/main.c.obj
LOAD CMakeFiles/4100901-Final_Project_2024_2.dir/Core/Src/stm32l4xx_it.c.obj
LOAD CMakeFiles/4100901-Final_Project_2024_2.dir/Core/Src/stm32l4xx_hal_msp.c.obj
LOAD CMakeFiles/4100901-Final_Project_2024_2.dir/Drivers/STM32L4xx_HAL_Driver/Src/stm32l4xx_hal_uart.c.obj
LOAD CMakeFiles/4100901-Final_Project_2024_2.dir/Drivers/STM32L4xx_HAL_Driver/Src/stm32l4xx_hal_uart_ex.c.obj
LOAD CMakeFiles/4100901-Final_Project_2024_2.dir/Drivers/STM32L4xx_HAL_Driver/Src/stm32l4xx_hal.c.obj
LOAD CMakeFiles/4100901-Final_Project_2024_2.dir/Drivers/STM32L4xx_HAL_Driver/Src/stm32l4xx_hal_rcc.c.obj
LOAD CMakeFiles/4100901-Final_Project_2024_2.dir/Drivers/STM32L4xx_HAL_Driver/Src/stm32l4xx_hal_rcc_ex.c.obj
LOAD CMakeFiles/4100901-Final_Project_2024_2.dir/Drivers/STM32L4xx_HAL_Driver/Src/stm32l4xx_hal_flash.c.obj
LOAD CMakeFiles/4100901-Final_Project_2024_2.dir/Drivers/STM32L4xx_HAL_Driver/Src/stm32l4xx_hal_flash_ex.c.obj
LOAD CMakeFiles/4100901-Final_Project_2024_2.dir/Drivers/STM32L4xx_HAL_Driver/Src/stm32l4xx_hal_flash_ramfunc.c.obj
LOAD CMakeFiles/4100901-Final_Project_2024_2.dir/Drivers/STM32L4xx_HAL_Driver/Src/stm32l4xx_hal_gpio.c.obj
LOAD CMakeFiles/4100901-Final_Project_2024_2.dir/Drivers/STM32L4xx_HAL_Driver/Src/stm32l4xx_hal_i2c.c.obj
LOAD CMakeFiles/4100901-Final_Project_2024_2.dir/Drivers/STM32L4xx_HAL_Driver/Src/stm32l4xx_hal_i2c_ex.c.obj
LOAD CMakeFiles/4100901-Final_Project_2024_2.dir/Drivers/STM32L4xx_HAL_Driver/Src/stm32l4xx_hal_dma.c.obj
LOAD CMakeFiles/4100901-Final_Project_2024_2.dir/Drivers/STM32L4xx_HAL_Driver/Src/stm32l4xx_hal_dma_ex.c.obj
LOAD CMakeFiles/4100901-Final_Project_2024_2.dir/Drivers/STM32L4xx_HAL_Driver/Src/stm32l4xx_hal_pwr.c.obj
LOAD CMakeFiles/4100901-Final_Project_2024_2.dir/Drivers/STM32L4xx_HAL_Driver/Src/stm32l4xx_hal_pwr_ex.c.obj
LOAD CMakeFiles/4100901-Final_Project_2024_2.dir/Drivers/STM32L4xx_HAL_Driver/Src/stm32l4xx_hal_cortex.c.obj
LOAD CMakeFiles/4100901-Final_Project_2024_2.dir/Drivers/STM32L4xx_HAL_Driver/Src/stm32l4xx_hal_exti.c.obj
LOAD CMakeFiles/4100901-Final_Project_2024_2.dir/Core/Src/system_stm32l4xx.c.obj
LOAD CMakeFiles/4100901-Final_Project_2024_2.dir/Core/Src/sysmem.c.obj
LOAD CMakeFiles/4100901-Final_Project_2024_2.dir/Core/Src/syscalls.c.obj
LOAD CMakeFiles/4100901-Final_Project_2024_2.dir/startup_stm32l476xx.s.obj
START GROUP
LOAD C:/Users/germmeja/Downloads/STM32CubeCLT_1.16.0/GNU-tools-for-STM32/bin/../lib/gcc/arm-none-eabi/12.3.1/thumb/v7e-m+fp/hard\libgcc.a
LOAD C:/Users/germmeja/Downloads/STM32CubeCLT_1.16.0/GNU-tools-for-STM32/bin/../lib/gcc/arm-none-eabi/12.3.1/../../../../arm-none-eabi/lib/thumb/v7e-m+fp/hard\libg_nano.a
LOAD C:/Users/germmeja/Downloads/STM32CubeCLT_1.16.0/GNU-tools-for-STM32/bin/../lib/gcc/arm-none-eabi/12.3.1/../../../../arm-none-eabi/lib/thumb/v7e-m+fp/hard\libc_nano.a
END GROUP
START GROUP
LOAD C:/Users/germmeja/Downloads/STM32CubeCLT_1.16.0/GNU-tools-for-STM32/bin/../lib/gcc/arm-none-eabi/12.3.1/thumb/v7e-m+fp/hard\libgcc.a
LOAD C:/Users/germmeja/Downloads/STM32CubeCLT_1.16.0/GNU-tools-for-STM32/bin/../lib/gcc/arm-none-eabi/12.3.1/../../../../arm-none-eabi/lib/thumb/v7e-m+fp/hard\libc_nano.a
END GROUP
LOAD C:/Users/germmeja/Downloads/STM32CubeCLT_1.16.0/GNU-tools-for-STM32/bin/../lib/gcc/arm-none-eabi/12.3.1/thumb/v7e-m+fp/hard/crtend.o
LOAD C:/Users/germmeja/Downloads/STM32CubeCLT_1.16.0/GNU-tools-for-STM32/bin/../lib/gcc/arm-none-eabi/12.3.1/thumb/v7e-m+fp/hard/crtn.o
                0x20018000                        _estack = (ORIGIN (RAM) + LENGTH (RAM))
                0x00000200                        _Min_Heap_Size = 0x200
                0x00000400                        _Min_Stack_Size = 0x400

.isr_vector     0x08000000      0x188
                0x08000000                        . = ALIGN (0x8)
 *(.isr_vector)
 .isr_vector    0x08000000      0x188 CMakeFiles/4100901-Final_Project_2024_2.dir/startup_stm32l476xx.s.obj
                0x08000000                g_pfnVectors
                0x08000188                        . = ALIGN (0x8)

.text           0x08000188     0x3db8
                0x08000188                        . = ALIGN (0x8)
 *(.text)
 .text          0x08000188       0x40 C:/Users/germmeja/Downloads/STM32CubeCLT_1.16.0/GNU-tools-for-STM32/bin/../lib/gcc/arm-none-eabi/12.3.1/thumb/v7e-m+fp/hard/crtbegin.o
 .text          0x080001c8       0x30 C:/Users/germmeja/Downloads/STM32CubeCLT_1.16.0/GNU-tools-for-STM32/bin/../lib/gcc/arm-none-eabi/12.3.1/thumb/v7e-m+fp/hard\libgcc.a(_aeabi_uldivmod.o)
                0x080001c8                __aeabi_uldivmod
 .text          0x080001f8      0x2bc C:/Users/germmeja/Downloads/STM32CubeCLT_1.16.0/GNU-tools-for-STM32/bin/../lib/gcc/arm-none-eabi/12.3.1/thumb/v7e-m+fp/hard\libgcc.a(_udivmoddi4.o)
                0x080001f8                __udivmoddi4
 .text          0x080004b4        0x4 C:/Users/germmeja/Downloads/STM32CubeCLT_1.16.0/GNU-tools-for-STM32/bin/../lib/gcc/arm-none-eabi/12.3.1/thumb/v7e-m+fp/hard\libgcc.a(_dvmd_tls.o)
                0x080004b4                __aeabi_idiv0
                0x080004b4                __aeabi_ldiv0
 *(.text*)
 .text.memset   0x080004b8       0x10 C:/Users/germmeja/Downloads/STM32CubeCLT_1.16.0/GNU-tools-for-STM32/bin/../lib/gcc/arm-none-eabi/12.3.1/../../../../arm-none-eabi/lib/thumb/v7e-m+fp/hard\libc_nano.a(libc_a-memset.o)
                0x080004b8                memset
 .text.__libc_init_array
                0x080004c8       0x48 C:/Users/germmeja/Downloads/STM32CubeCLT_1.16.0/GNU-tools-for-STM32/bin/../lib/gcc/arm-none-eabi/12.3.1/../../../../arm-none-eabi/lib/thumb/v7e-m+fp/hard\libc_nano.a(libc_a-init.o)
                0x080004c8                __libc_init_array
 .text.HAL_GPIO_EXTI_Callback
                0x08000510      0x474 CMakeFiles/4100901-Final_Project_2024_2.dir/Core/Src/main.c.obj
                0x08000510                HAL_GPIO_EXTI_Callback
 .text.main     0x08000984       0x18 CMakeFiles/4100901-Final_Project_2024_2.dir/Core/Src/main.c.obj
                0x08000984                main
 .text.SystemClock_Config
                0x0800099c       0xa2 CMakeFiles/4100901-Final_Project_2024_2.dir/Core/Src/main.c.obj
                0x0800099c                SystemClock_Config
 *fill*         0x08000a3e        0x2 
 .text.MX_USART2_UART_Init
                0x08000a40       0x60 CMakeFiles/4100901-Final_Project_2024_2.dir/Core/Src/main.c.obj
 .text.MX_GPIO_Init
                0x08000aa0      0x18c CMakeFiles/4100901-Final_Project_2024_2.dir/Core/Src/main.c.obj
 .text.Error_Handler
                0x08000c2c        0xc CMakeFiles/4100901-Final_Project_2024_2.dir/Core/Src/main.c.obj
                0x08000c2c                Error_Handler
 .text.NMI_Handler
                0x08000c38        0x8 CMakeFiles/4100901-Final_Project_2024_2.dir/Core/Src/stm32l4xx_it.c.obj
                0x08000c38                NMI_Handler
 .text.HardFault_Handler
                0x08000c40        0x8 CMakeFiles/4100901-Final_Project_2024_2.dir/Core/Src/stm32l4xx_it.c.obj
                0x08000c40                HardFault_Handler
 .text.MemManage_Handler
                0x08000c48        0x8 CMakeFiles/4100901-Final_Project_2024_2.dir/Core/Src/stm32l4xx_it.c.obj
                0x08000c48                MemManage_Handler
 .text.BusFault_Handler
                0x08000c50        0x8 CMakeFiles/4100901-Final_Project_2024_2.dir/Core/Src/stm32l4xx_it.c.obj
                0x08000c50                BusFault_Handler
 .text.UsageFault_Handler
                0x08000c58        0x8 CMakeFiles/4100901-Final_Project_2024_2.dir/Core/Src/stm32l4xx_it.c.obj
                0x08000c58                UsageFault_Handler
 .text.SVC_Handler
                0x08000c60        0xe CMakeFiles/4100901-Final_Project_2024_2.dir/Core/Src/stm32l4xx_it.c.obj
                0x08000c60                SVC_Handler
 .text.DebugMon_Handler
                0x08000c6e        0xe CMakeFiles/4100901-Final_Project_2024_2.dir/Core/Src/stm32l4xx_it.c.obj
                0x08000c6e                DebugMon_Handler
 .text.PendSV_Handler
                0x08000c7c        0xe CMakeFiles/4100901-Final_Project_2024_2.dir/Core/Src/stm32l4xx_it.c.obj
                0x08000c7c                PendSV_Handler
 .text.SysTick_Handler
                0x08000c8a        0xc CMakeFiles/4100901-Final_Project_2024_2.dir/Core/Src/stm32l4xx_it.c.obj
                0x08000c8a                SysTick_Handler
 .text.EXTI9_5_IRQHandler
                0x08000c96       0x1e CMakeFiles/4100901-Final_Project_2024_2.dir/Core/Src/stm32l4xx_it.c.obj
                0x08000c96                EXTI9_5_IRQHandler
 .text.USART2_IRQHandler
                0x08000cb4       0x14 CMakeFiles/4100901-Final_Project_2024_2.dir/Core/Src/stm32l4xx_it.c.obj
                0x08000cb4                USART2_IRQHandler
 .text.EXTI15_10_IRQHandler
                0x08000cc8       0x18 CMakeFiles/4100901-Final_Project_2024_2.dir/Core/Src/stm32l4xx_it.c.obj
                0x08000cc8                EXTI15_10_IRQHandler
 .text.HAL_MspInit
                0x08000ce0       0x48 CMakeFiles/4100901-Final_Project_2024_2.dir/Core/Src/stm32l4xx_hal_msp.c.obj
                0x08000ce0                HAL_MspInit
 .text.HAL_UART_MspInit
                0x08000d28       0xc8 CMakeFiles/4100901-Final_Project_2024_2.dir/Core/Src/stm32l4xx_hal_msp.c.obj
                0x08000d28                HAL_UART_MspInit
 .text.HAL_UART_Init
                0x08000df0       0x9c CMakeFiles/4100901-Final_Project_2024_2.dir/Drivers/STM32L4xx_HAL_Driver/Src/stm32l4xx_hal_uart.c.obj
                0x08000df0                HAL_UART_Init
 .text.HAL_UART_Transmit
                0x08000e8c      0x112 CMakeFiles/4100901-Final_Project_2024_2.dir/Drivers/STM32L4xx_HAL_Driver/Src/stm32l4xx_hal_uart.c.obj
                0x08000e8c                HAL_UART_Transmit
 *fill*         0x08000f9e        0x2 
 .text.HAL_UART_IRQHandler
                0x08000fa0      0x60c CMakeFiles/4100901-Final_Project_2024_2.dir/Drivers/STM32L4xx_HAL_Driver/Src/stm32l4xx_hal_uart.c.obj
                0x08000fa0                HAL_UART_IRQHandler
 .text.HAL_UART_TxCpltCallback
                0x080015ac       0x14 CMakeFiles/4100901-Final_Project_2024_2.dir/Drivers/STM32L4xx_HAL_Driver/Src/stm32l4xx_hal_uart.c.obj
                0x080015ac                HAL_UART_TxCpltCallback
 .text.HAL_UART_ErrorCallback
                0x080015c0       0x14 CMakeFiles/4100901-Final_Project_2024_2.dir/Drivers/STM32L4xx_HAL_Driver/Src/stm32l4xx_hal_uart.c.obj
                0x080015c0                HAL_UART_ErrorCallback
 .text.HAL_UARTEx_RxEventCallback
                0x080015d4       0x18 CMakeFiles/4100901-Final_Project_2024_2.dir/Drivers/STM32L4xx_HAL_Driver/Src/stm32l4xx_hal_uart.c.obj
                0x080015d4                HAL_UARTEx_RxEventCallback
 .text.UART_SetConfig
                0x080015ec      0x570 CMakeFiles/4100901-Final_Project_2024_2.dir/Drivers/STM32L4xx_HAL_Driver/Src/stm32l4xx_hal_uart.c.obj
                0x080015ec                UART_SetConfig
 .text.UART_AdvFeatureConfig
                0x08001b5c      0x144 CMakeFiles/4100901-Final_Project_2024_2.dir/Drivers/STM32L4xx_HAL_Driver/Src/stm32l4xx_hal_uart.c.obj
                0x08001b5c                UART_AdvFeatureConfig
 .text.UART_CheckIdleState
                0x08001ca0      0x150 CMakeFiles/4100901-Final_Project_2024_2.dir/Drivers/STM32L4xx_HAL_Driver/Src/stm32l4xx_hal_uart.c.obj
                0x08001ca0                UART_CheckIdleState
 .text.UART_WaitOnFlagUntilTimeout
                0x08001df0       0xda CMakeFiles/4100901-Final_Project_2024_2.dir/Drivers/STM32L4xx_HAL_Driver/Src/stm32l4xx_hal_uart.c.obj
                0x08001df0                UART_WaitOnFlagUntilTimeout
 .text.UART_EndRxTransfer
                0x08001eca       0xc8 CMakeFiles/4100901-Final_Project_2024_2.dir/Drivers/STM32L4xx_HAL_Driver/Src/stm32l4xx_hal_uart.c.obj
 .text.UART_DMAAbortOnError
                0x08001f92       0x2c CMakeFiles/4100901-Final_Project_2024_2.dir/Drivers/STM32L4xx_HAL_Driver/Src/stm32l4xx_hal_uart.c.obj
 .text.UART_EndTransmit_IT
                0x08001fbe       0x54 CMakeFiles/4100901-Final_Project_2024_2.dir/Drivers/STM32L4xx_HAL_Driver/Src/stm32l4xx_hal_uart.c.obj
 .text.HAL_UARTEx_WakeupCallback
                0x08002012       0x14 CMakeFiles/4100901-Final_Project_2024_2.dir/Drivers/STM32L4xx_HAL_Driver/Src/stm32l4xx_hal_uart_ex.c.obj
                0x08002012                HAL_UARTEx_WakeupCallback
 *fill*         0x08002026        0x2 
 .text.HAL_Init
                0x08002028       0x40 CMakeFiles/4100901-Final_Project_2024_2.dir/Drivers/STM32L4xx_HAL_Driver/Src/stm32l4xx_hal.c.obj
                0x08002028                HAL_Init
 .text.HAL_InitTick
                0x08002068       0x78 CMakeFiles/4100901-Final_Project_2024_2.dir/Drivers/STM32L4xx_HAL_Driver/Src/stm32l4xx_hal.c.obj
                0x08002068                HAL_InitTick
 .text.HAL_IncTick
                0x080020e0       0x28 CMakeFiles/4100901-Final_Project_2024_2.dir/Drivers/STM32L4xx_HAL_Driver/Src/stm32l4xx_hal.c.obj
                0x080020e0                HAL_IncTick
 .text.HAL_GetTick
                0x08002108       0x18 CMakeFiles/4100901-Final_Project_2024_2.dir/Drivers/STM32L4xx_HAL_Driver/Src/stm32l4xx_hal.c.obj
                0x08002108                HAL_GetTick
 .text.HAL_Delay
                0x08002120       0x48 CMakeFiles/4100901-Final_Project_2024_2.dir/Drivers/STM32L4xx_HAL_Driver/Src/stm32l4xx_hal.c.obj
                0x08002120                HAL_Delay
 .text.HAL_RCC_OscConfig
                0x08002168      0x7b8 CMakeFiles/4100901-Final_Project_2024_2.dir/Drivers/STM32L4xx_HAL_Driver/Src/stm32l4xx_hal_rcc.c.obj
                0x08002168                HAL_RCC_OscConfig
 .text.HAL_RCC_ClockConfig
                0x08002920      0x200 CMakeFiles/4100901-Final_Project_2024_2.dir/Drivers/STM32L4xx_HAL_Driver/Src/stm32l4xx_hal_rcc.c.obj
                0x08002920                HAL_RCC_ClockConfig
 .text.HAL_RCC_GetSysClockFreq
                0x08002b20      0x118 CMakeFiles/4100901-Final_Project_2024_2.dir/Drivers/STM32L4xx_HAL_Driver/Src/stm32l4xx_hal_rcc.c.obj
                0x08002b20                HAL_RCC_GetSysClockFreq
 .text.HAL_RCC_GetHCLKFreq
                0x08002c38       0x18 CMakeFiles/4100901-Final_Project_2024_2.dir/Drivers/STM32L4xx_HAL_Driver/Src/stm32l4xx_hal_rcc.c.obj
                0x08002c38                HAL_RCC_GetHCLKFreq
 .text.HAL_RCC_GetPCLK1Freq
                0x08002c50       0x2c CMakeFiles/4100901-Final_Project_2024_2.dir/Drivers/STM32L4xx_HAL_Driver/Src/stm32l4xx_hal_rcc.c.obj
                0x08002c50                HAL_RCC_GetPCLK1Freq
 .text.HAL_RCC_GetPCLK2Freq
                0x08002c7c       0x2c CMakeFiles/4100901-Final_Project_2024_2.dir/Drivers/STM32L4xx_HAL_Driver/Src/stm32l4xx_hal_rcc.c.obj
                0x08002c7c                HAL_RCC_GetPCLK2Freq
 .text.RCC_SetFlashLatencyFromMSIRange
                0x08002ca8       0xc0 CMakeFiles/4100901-Final_Project_2024_2.dir/Drivers/STM32L4xx_HAL_Driver/Src/stm32l4xx_hal_rcc.c.obj
 .text.HAL_RCCEx_PeriphCLKConfig
                0x08002d68      0x5d4 CMakeFiles/4100901-Final_Project_2024_2.dir/Drivers/STM32L4xx_HAL_Driver/Src/stm32l4xx_hal_rcc_ex.c.obj
                0x08002d68                HAL_RCCEx_PeriphCLKConfig
 .text.RCCEx_PLLSAI1_Config
                0x0800333c      0x1e8 CMakeFiles/4100901-Final_Project_2024_2.dir/Drivers/STM32L4xx_HAL_Driver/Src/stm32l4xx_hal_rcc_ex.c.obj
 .text.RCCEx_PLLSAI2_Config
                0x08003524      0x1bc CMakeFiles/4100901-Final_Project_2024_2.dir/Drivers/STM32L4xx_HAL_Driver/Src/stm32l4xx_hal_rcc_ex.c.obj
 .text.HAL_GPIO_Init
                0x080036e0      0x354 CMakeFiles/4100901-Final_Project_2024_2.dir/Drivers/STM32L4xx_HAL_Driver/Src/stm32l4xx_hal_gpio.c.obj
                0x080036e0                HAL_GPIO_Init
 .text.HAL_GPIO_ReadPin
                0x08003a34       0x30 CMakeFiles/4100901-Final_Project_2024_2.dir/Drivers/STM32L4xx_HAL_Driver/Src/stm32l4xx_hal_gpio.c.obj
                0x08003a34                HAL_GPIO_ReadPin
 .text.HAL_GPIO_WritePin
                0x08003a64       0x30 CMakeFiles/4100901-Final_Project_2024_2.dir/Drivers/STM32L4xx_HAL_Driver/Src/stm32l4xx_hal_gpio.c.obj
                0x08003a64                HAL_GPIO_WritePin
 .text.HAL_GPIO_EXTI_IRQHandler
                0x08003a94       0x30 CMakeFiles/4100901-Final_Project_2024_2.dir/Drivers/STM32L4xx_HAL_Driver/Src/stm32l4xx_hal_gpio.c.obj
                0x08003a94                HAL_GPIO_EXTI_IRQHandler
 .text.HAL_DMA_Abort
                0x08003ac4       0x7c CMakeFiles/4100901-Final_Project_2024_2.dir/Drivers/STM32L4xx_HAL_Driver/Src/stm32l4xx_hal_dma.c.obj
                0x08003ac4                HAL_DMA_Abort
 .text.HAL_DMA_Abort_IT
                0x08003b40       0x82 CMakeFiles/4100901-Final_Project_2024_2.dir/Drivers/STM32L4xx_HAL_Driver/Src/stm32l4xx_hal_dma.c.obj
                0x08003b40                HAL_DMA_Abort_IT
 *fill*         0x08003bc2        0x2 
 .text.HAL_PWREx_GetVoltageRange
                0x08003bc4       0x1c CMakeFiles/4100901-Final_Project_2024_2.dir/Drivers/STM32L4xx_HAL_Driver/Src/stm32l4xx_hal_pwr_ex.c.obj
                0x08003bc4                HAL_PWREx_GetVoltageRange
 .text.HAL_PWREx_ControlVoltageScaling
                0x08003be0       0xac CMakeFiles/4100901-Final_Project_2024_2.dir/Drivers/STM32L4xx_HAL_Driver/Src/stm32l4xx_hal_pwr_ex.c.obj
                0x08003be0                HAL_PWREx_ControlVoltageScaling
 .text.__NVIC_SetPriorityGrouping
                0x08003c8c       0x48 CMakeFiles/4100901-Final_Project_2024_2.dir/Drivers/STM32L4xx_HAL_Driver/Src/stm32l4xx_hal_cortex.c.obj
 .text.__NVIC_GetPriorityGrouping
                0x08003cd4       0x1c CMakeFiles/4100901-Final_Project_2024_2.dir/Drivers/STM32L4xx_HAL_Driver/Src/stm32l4xx_hal_cortex.c.obj
 .text.__NVIC_EnableIRQ
                0x08003cf0       0x3c CMakeFiles/4100901-Final_Project_2024_2.dir/Drivers/STM32L4xx_HAL_Driver/Src/stm32l4xx_hal_cortex.c.obj
 .text.__NVIC_SetPriority
                0x08003d2c       0x54 CMakeFiles/4100901-Final_Project_2024_2.dir/Drivers/STM32L4xx_HAL_Driver/Src/stm32l4xx_hal_cortex.c.obj
 .text.NVIC_EncodePriority
                0x08003d80       0x66 CMakeFiles/4100901-Final_Project_2024_2.dir/Drivers/STM32L4xx_HAL_Driver/Src/stm32l4xx_hal_cortex.c.obj
 *fill*         0x08003de6        0x2 
 .text.SysTick_Config
                0x08003de8       0x44 CMakeFiles/4100901-Final_Project_2024_2.dir/Drivers/STM32L4xx_HAL_Driver/Src/stm32l4xx_hal_cortex.c.obj
 .text.HAL_NVIC_SetPriorityGrouping
                0x08003e2c       0x16 CMakeFiles/4100901-Final_Project_2024_2.dir/Drivers/STM32L4xx_HAL_Driver/Src/stm32l4xx_hal_cortex.c.obj
                0x08003e2c                HAL_NVIC_SetPriorityGrouping
 .text.HAL_NVIC_SetPriority
                0x08003e42       0x38 CMakeFiles/4100901-Final_Project_2024_2.dir/Drivers/STM32L4xx_HAL_Driver/Src/stm32l4xx_hal_cortex.c.obj
                0x08003e42                HAL_NVIC_SetPriority
 .text.HAL_NVIC_EnableIRQ
                0x08003e7a       0x1c CMakeFiles/4100901-Final_Project_2024_2.dir/Drivers/STM32L4xx_HAL_Driver/Src/stm32l4xx_hal_cortex.c.obj
                0x08003e7a                HAL_NVIC_EnableIRQ
 .text.HAL_SYSTICK_Config
                0x08003e96       0x18 CMakeFiles/4100901-Final_Project_2024_2.dir/Drivers/STM32L4xx_HAL_Driver/Src/stm32l4xx_hal_cortex.c.obj
                0x08003e96                HAL_SYSTICK_Config
 *fill*         0x08003eae        0x2 
 .text.SystemInit
                0x08003eb0       0x24 CMakeFiles/4100901-Final_Project_2024_2.dir/Core/Src/system_stm32l4xx.c.obj
                0x08003eb0                SystemInit
 .text.Reset_Handler
                0x08003ed4       0x50 CMakeFiles/4100901-Final_Project_2024_2.dir/startup_stm32l476xx.s.obj
                0x08003ed4                Reset_Handler
 .text.Default_Handler
                0x08003f24        0x2 CMakeFiles/4100901-Final_Project_2024_2.dir/startup_stm32l476xx.s.obj
                0x08003f24                RTC_Alarm_IRQHandler
                0x08003f24                EXTI2_IRQHandler
                0x08003f24                TIM8_TRG_COM_IRQHandler
                0x08003f24                TIM8_CC_IRQHandler
                0x08003f24                TIM1_CC_IRQHandler
                0x08003f24                TSC_IRQHandler
                0x08003f24                TAMP_STAMP_IRQHandler
                0x08003f24                EXTI3_IRQHandler
                0x08003f24                LPTIM2_IRQHandler
                0x08003f24                DFSDM1_FLT1_IRQHandler
                0x08003f24                I2C3_ER_IRQHandler
                0x08003f24                DFSDM1_FLT2_IRQHandler
                0x08003f24                EXTI0_IRQHandler
                0x08003f24                I2C2_EV_IRQHandler
                0x08003f24                CAN1_RX0_IRQHandler
                0x08003f24                FPU_IRQHandler
                0x08003f24                TIM1_UP_TIM16_IRQHandler
                0x08003f24                ADC1_2_IRQHandler
                0x08003f24                SPI1_IRQHandler
                0x08003f24                TIM6_DAC_IRQHandler
                0x08003f24                TIM8_UP_IRQHandler
                0x08003f24                DMA2_Channel2_IRQHandler
                0x08003f24                DMA1_Channel4_IRQHandler
                0x08003f24                SAI2_IRQHandler
                0x08003f24                DFSDM1_FLT3_IRQHandler
                0x08003f24                USART3_IRQHandler
                0x08003f24                DMA1_Channel7_IRQHandler
                0x08003f24                CAN1_RX1_IRQHandler
                0x08003f24                LCD_IRQHandler
                0x08003f24                UART5_IRQHandler
                0x08003f24                ADC3_IRQHandler
                0x08003f24                TIM4_IRQHandler
                0x08003f24                DMA2_Channel1_IRQHandler
                0x08003f24                QUADSPI_IRQHandler
                0x08003f24                I2C1_EV_IRQHandler
                0x08003f24                DMA1_Channel6_IRQHandler
                0x08003f24                UART4_IRQHandler
                0x08003f24                DMA2_Channel4_IRQHandler
                0x08003f24                TIM3_IRQHandler
                0x08003f24                RCC_IRQHandler
                0x08003f24                DMA1_Channel1_IRQHandler
                0x08003f24                Default_Handler
                0x08003f24                DMA2_Channel7_IRQHandler
                0x08003f24                TIM7_IRQHandler
                0x08003f24                SDMMC1_IRQHandler
                0x08003f24                TIM5_IRQHandler
                0x08003f24                I2C3_EV_IRQHandler
                0x08003f24                RTC_WKUP_IRQHandler
                0x08003f24                PVD_PVM_IRQHandler
                0x08003f24                SPI2_IRQHandler
                0x08003f24                CAN1_TX_IRQHandler
                0x08003f24                DMA2_Channel5_IRQHandler
                0x08003f24                DMA1_Channel5_IRQHandler
                0x08003f24                EXTI4_IRQHandler
                0x08003f24                RNG_IRQHandler
                0x08003f24                TIM1_TRG_COM_TIM17_IRQHandler
                0x08003f24                DMA1_Channel3_IRQHandler
                0x08003f24                COMP_IRQHandler
                0x08003f24                WWDG_IRQHandler
                0x08003f24                LPUART1_IRQHandler
                0x08003f24                DMA2_Channel6_IRQHandler
                0x08003f24                TIM2_IRQHandler
                0x08003f24                EXTI1_IRQHandler
                0x08003f24                DFSDM1_FLT0_IRQHandler
                0x08003f24                I2C2_ER_IRQHandler
                0x08003f24                DMA1_Channel2_IRQHandler
                0x08003f24                TIM8_BRK_IRQHandler
                0x08003f24                CAN1_SCE_IRQHandler
                0x08003f24                FLASH_IRQHandler
                0x08003f24                USART1_IRQHandler
                0x08003f24                OTG_FS_IRQHandler
                0x08003f24                SPI3_IRQHandler
                0x08003f24                I2C1_ER_IRQHandler
                0x08003f24                FMC_IRQHandler
                0x08003f24                SWPMI1_IRQHandler
                0x08003f24                LPTIM1_IRQHandler
                0x08003f24                SAI1_IRQHandler
                0x08003f24                DMA2_Channel3_IRQHandler
                0x08003f24                TIM1_BRK_TIM15_IRQHandler
 *(.glue_7)
 .glue_7        0x08003f26        0x0 linker stubs
 *(.glue_7t)
 .glue_7t       0x08003f26        0x0 linker stubs
 *(.eh_frame)
 *fill*         0x08003f26        0x2 
 .eh_frame      0x08003f28        0x0 C:/Users/germmeja/Downloads/STM32CubeCLT_1.16.0/GNU-tools-for-STM32/bin/../lib/gcc/arm-none-eabi/12.3.1/thumb/v7e-m+fp/hard/crtbegin.o
 *(.init)
 .init          0x08003f28        0x4 C:/Users/germmeja/Downloads/STM32CubeCLT_1.16.0/GNU-tools-for-STM32/bin/../lib/gcc/arm-none-eabi/12.3.1/thumb/v7e-m+fp/hard/crti.o
                0x08003f28                _init
 .init          0x08003f2c        0x8 C:/Users/germmeja/Downloads/STM32CubeCLT_1.16.0/GNU-tools-for-STM32/bin/../lib/gcc/arm-none-eabi/12.3.1/thumb/v7e-m+fp/hard/crtn.o
 *(.fini)
 .fini          0x08003f34        0x4 C:/Users/germmeja/Downloads/STM32CubeCLT_1.16.0/GNU-tools-for-STM32/bin/../lib/gcc/arm-none-eabi/12.3.1/thumb/v7e-m+fp/hard/crti.o
                0x08003f34                _fini
 .fini          0x08003f38        0x8 C:/Users/germmeja/Downloads/STM32CubeCLT_1.16.0/GNU-tools-for-STM32/bin/../lib/gcc/arm-none-eabi/12.3.1/thumb/v7e-m+fp/hard/crtn.o
                0x08003f40                        . = ALIGN (0x8)
                0x08003f40                        _etext = .

.vfp11_veneer   0x08003f40        0x0
 .vfp11_veneer  0x08003f40        0x0 linker stubs

.v4_bx          0x08003f40        0x0
 .v4_bx         0x08003f40        0x0 linker stubs

.iplt           0x08003f40        0x0
 .iplt          0x08003f40        0x0 C:/Users/germmeja/Downloads/STM32CubeCLT_1.16.0/GNU-tools-for-STM32/bin/../lib/gcc/arm-none-eabi/12.3.1/thumb/v7e-m+fp/hard/crtbegin.o

.rodata         0x08003f40       0x90
                0x08003f40                        . = ALIGN (0x8)
 *(.rodata)
 .rodata        0x08003f40       0x42 CMakeFiles/4100901-Final_Project_2024_2.dir/Core/Src/main.c.obj
 *(.rodata*)
 *fill*         0x08003f82        0x2 
 .rodata.AHBPrescTable
                0x08003f84       0x10 CMakeFiles/4100901-Final_Project_2024_2.dir/Core/Src/system_stm32l4xx.c.obj
                0x08003f84                AHBPrescTable
 .rodata.APBPrescTable
                0x08003f94        0x8 CMakeFiles/4100901-Final_Project_2024_2.dir/Core/Src/system_stm32l4xx.c.obj
                0x08003f94                APBPrescTable
 .rodata.MSIRangeTable
                0x08003f9c       0x30 CMakeFiles/4100901-Final_Project_2024_2.dir/Core/Src/system_stm32l4xx.c.obj
                0x08003f9c                MSIRangeTable
                0x08003fd0                        . = ALIGN (0x8)
 *fill*         0x08003fcc        0x4 

.ARM.extab      0x08003fd0        0x0
                0x08003fd0                        . = ALIGN (0x8)
 *(.ARM.extab* .gnu.linkonce.armextab.*)
                0x08003fd0                        . = ALIGN (0x8)

.ARM            0x08003fd0        0x8
                0x08003fd0                        . = ALIGN (0x8)
                0x08003fd0                        __exidx_start = .
 *(.ARM.exidx*)
 .ARM.exidx     0x08003fd0        0x8 C:/Users/germmeja/Downloads/STM32CubeCLT_1.16.0/GNU-tools-for-STM32/bin/../lib/gcc/arm-none-eabi/12.3.1/thumb/v7e-m+fp/hard\libgcc.a(_udivmoddi4.o)
                0x08003fd8                        __exidx_end = .
                0x08003fd8                        . = ALIGN (0x8)

.rel.dyn        0x08003fd8        0x0
 .rel.iplt      0x08003fd8        0x0 C:/Users/germmeja/Downloads/STM32CubeCLT_1.16.0/GNU-tools-for-STM32/bin/../lib/gcc/arm-none-eabi/12.3.1/thumb/v7e-m+fp/hard/crtbegin.o

.preinit_array  0x08003fd8        0x0
                0x08003fd8                        . = ALIGN (0x8)
                0x08003fd8                        PROVIDE (__preinit_array_start = .)
 *(.preinit_array*)
                0x08003fd8                        PROVIDE (__preinit_array_end = .)
                0x08003fd8                        . = ALIGN (0x8)

.init_array     0x08003fd8        0x8
                0x08003fd8                        . = ALIGN (0x8)
                0x08003fd8                        PROVIDE (__init_array_start = .)
 *(SORT_BY_NAME(.init_array.*))
 *(.init_array*)
 .init_array    0x08003fd8        0x4 C:/Users/germmeja/Downloads/STM32CubeCLT_1.16.0/GNU-tools-for-STM32/bin/../lib/gcc/arm-none-eabi/12.3.1/thumb/v7e-m+fp/hard/crtbegin.o
                0x08003fdc                        PROVIDE (__init_array_end = .)
                0x08003fe0                        . = ALIGN (0x8)
 *fill*         0x08003fdc        0x4 

.fini_array     0x08003fe0        0x8
                0x08003fe0                        . = ALIGN (0x8)
                [!provide]                        PROVIDE (__fini_array_start = .)
 *(SORT_BY_NAME(.fini_array.*))
 *(.fini_array*)
 .fini_array    0x08003fe0        0x4 C:/Users/germmeja/Downloads/STM32CubeCLT_1.16.0/GNU-tools-for-STM32/bin/../lib/gcc/arm-none-eabi/12.3.1/thumb/v7e-m+fp/hard/crtbegin.o
                [!provide]                        PROVIDE (__fini_array_end = .)
                0x08003fe8                        . = ALIGN (0x8)
 *fill*         0x08003fe4        0x4 
                0x08003fe8                        _sidata = LOADADDR (.data)

.data           0x20000000       0x10 load address 0x08003fe8
                0x20000000                        . = ALIGN (0x8)
                0x20000000                        _sdata = .
 *(.data)
 *(.data*)
 .data.uwTickPrio
                0x20000000        0x4 CMakeFiles/4100901-Final_Project_2024_2.dir/Drivers/STM32L4xx_HAL_Driver/Src/stm32l4xx_hal.c.obj
                0x20000000                uwTickPrio
 .data.uwTickFreq
                0x20000004        0x1 CMakeFiles/4100901-Final_Project_2024_2.dir/Drivers/STM32L4xx_HAL_Driver/Src/stm32l4xx_hal.c.obj
                0x20000004                uwTickFreq
 *fill*         0x20000005        0x3 
 .data.SystemCoreClock
                0x20000008        0x4 CMakeFiles/4100901-Final_Project_2024_2.dir/Core/Src/system_stm32l4xx.c.obj
                0x20000008                SystemCoreClock
                0x20000010                        . = ALIGN (0x8)
 *fill*         0x2000000c        0x4 
                0x20000010                        _edata = .

.igot.plt       0x20000010        0x0 load address 0x08003ff8
 .igot.plt      0x20000010        0x0 C:/Users/germmeja/Downloads/STM32CubeCLT_1.16.0/GNU-tools-for-STM32/bin/../lib/gcc/arm-none-eabi/12.3.1/thumb/v7e-m+fp/hard/crtbegin.o
                0x20000010                        . = ALIGN (0x4)

.bss            0x20000010       0xac load address 0x08003ff8
                0x20000010                        _sbss = .
                0x20000010                        __bss_start__ = _sbss
 *(.bss)
 .bss           0x20000010       0x1c C:/Users/germmeja/Downloads/STM32CubeCLT_1.16.0/GNU-tools-for-STM32/bin/../lib/gcc/arm-none-eabi/12.3.1/thumb/v7e-m+fp/hard/crtbegin.o
 *(.bss*)
 .bss.huart2    0x2000002c       0x88 CMakeFiles/4100901-Final_Project_2024_2.dir/Core/Src/main.c.obj
                0x2000002c                huart2
 .bss.last_interrupt_time.0
                0x200000b4        0x4 CMakeFiles/4100901-Final_Project_2024_2.dir/Core/Src/main.c.obj
 .bss.uwTick    0x200000b8        0x4 CMakeFiles/4100901-Final_Project_2024_2.dir/Drivers/STM32L4xx_HAL_Driver/Src/stm32l4xx_hal.c.obj
                0x200000b8                uwTick
 *(COMMON)
                0x200000bc                        . = ALIGN (0x4)
                0x200000bc                        _ebss = .
                0x200000bc                        __bss_end__ = _ebss

._user_heap_stack
                0x200000bc      0x604 load address 0x08003ff8
                0x200000c0                        . = ALIGN (0x8)
 *fill*         0x200000bc        0x4 
                [!provide]                        PROVIDE (end = .)
                0x200000c0                        PROVIDE (_end = .)
                0x200002c0                        . = (. + _Min_Heap_Size)
 *fill*         0x200000c0      0x200 
                0x200006c0                        . = (. + _Min_Stack_Size)
 *fill*         0x200002c0      0x400 
                0x200006c0                        . = ALIGN (0x8)

/DISCARD/
 libc.a(*)
 libm.a(*)
 libgcc.a(*)
OUTPUT(4100901-Final_Project_2024_2.elf elf32-littlearm)
LOAD linker stubs
LOAD C:/Users/germmeja/Downloads/STM32CubeCLT_1.16.0/GNU-tools-for-STM32/bin/../lib/gcc/arm-none-eabi/12.3.1/../../../../arm-none-eabi/lib/thumb/v7e-m+fp/hard\libc.a
LOAD C:/Users/germmeja/Downloads/STM32CubeCLT_1.16.0/GNU-tools-for-STM32/bin/../lib/gcc/arm-none-eabi/12.3.1/../../../../arm-none-eabi/lib/thumb/v7e-m+fp/hard\libm.a
LOAD C:/Users/germmeja/Downloads/STM32CubeCLT_1.16.0/GNU-tools-for-STM32/bin/../lib/gcc/arm-none-eabi/12.3.1/thumb/v7e-m+fp/hard\libgcc.a

.ARM.attributes
                0x00000000       0x30
 .ARM.attributes
                0x00000000       0x22 C:/Users/germmeja/Downloads/STM32CubeCLT_1.16.0/GNU-tools-for-STM32/bin/../lib/gcc/arm-none-eabi/12.3.1/thumb/v7e-m+fp/hard/crti.o
 .ARM.attributes
                0x00000022       0x34 C:/Users/germmeja/Downloads/STM32CubeCLT_1.16.0/GNU-tools-for-STM32/bin/../lib/gcc/arm-none-eabi/12.3.1/thumb/v7e-m+fp/hard/crtbegin.o
 .ARM.attributes
                0x00000056       0x34 C:/Users/germmeja/Downloads/STM32CubeCLT_1.16.0/GNU-tools-for-STM32/bin/../lib/gcc/arm-none-eabi/12.3.1/../../../../arm-none-eabi/lib/thumb/v7e-m+fp/hard\libc_nano.a(libc_a-memset.o)
 .ARM.attributes
                0x0000008a       0x34 C:/Users/germmeja/Downloads/STM32CubeCLT_1.16.0/GNU-tools-for-STM32/bin/../lib/gcc/arm-none-eabi/12.3.1/../../../../arm-none-eabi/lib/thumb/v7e-m+fp/hard\libc_nano.a(libc_a-init.o)
 .ARM.attributes
                0x000000be       0x34 CMakeFiles/4100901-Final_Project_2024_2.dir/Core/Src/main.c.obj
 .ARM.attributes
                0x000000f2       0x34 CMakeFiles/4100901-Final_Project_2024_2.dir/Core/Src/stm32l4xx_it.c.obj
 .ARM.attributes
                0x00000126       0x34 CMakeFiles/4100901-Final_Project_2024_2.dir/Core/Src/stm32l4xx_hal_msp.c.obj
 .ARM.attributes
                0x0000015a       0x34 CMakeFiles/4100901-Final_Project_2024_2.dir/Drivers/STM32L4xx_HAL_Driver/Src/stm32l4xx_hal_uart.c.obj
 .ARM.attributes
                0x0000018e       0x34 CMakeFiles/4100901-Final_Project_2024_2.dir/Drivers/STM32L4xx_HAL_Driver/Src/stm32l4xx_hal_uart_ex.c.obj
 .ARM.attributes
                0x000001c2       0x34 CMakeFiles/4100901-Final_Project_2024_2.dir/Drivers/STM32L4xx_HAL_Driver/Src/stm32l4xx_hal.c.obj
 .ARM.attributes
                0x000001f6       0x34 CMakeFiles/4100901-Final_Project_2024_2.dir/Drivers/STM32L4xx_HAL_Driver/Src/stm32l4xx_hal_rcc.c.obj
 .ARM.attributes
                0x0000022a       0x34 CMakeFiles/4100901-Final_Project_2024_2.dir/Drivers/STM32L4xx_HAL_Driver/Src/stm32l4xx_hal_rcc_ex.c.obj
 .ARM.attributes
                0x0000025e       0x34 CMakeFiles/4100901-Final_Project_2024_2.dir/Drivers/STM32L4xx_HAL_Driver/Src/stm32l4xx_hal_gpio.c.obj
 .ARM.attributes
                0x00000292       0x34 CMakeFiles/4100901-Final_Project_2024_2.dir/Drivers/STM32L4xx_HAL_Driver/Src/stm32l4xx_hal_dma.c.obj
 .ARM.attributes
                0x000002c6       0x34 CMakeFiles/4100901-Final_Project_2024_2.dir/Drivers/STM32L4xx_HAL_Driver/Src/stm32l4xx_hal_pwr_ex.c.obj
 .ARM.attributes
                0x000002fa       0x34 CMakeFiles/4100901-Final_Project_2024_2.dir/Drivers/STM32L4xx_HAL_Driver/Src/stm32l4xx_hal_cortex.c.obj
 .ARM.attributes
                0x0000032e       0x34 CMakeFiles/4100901-Final_Project_2024_2.dir/Core/Src/system_stm32l4xx.c.obj
 .ARM.attributes
                0x00000362       0x21 CMakeFiles/4100901-Final_Project_2024_2.dir/startup_stm32l476xx.s.obj
 .ARM.attributes
                0x00000383       0x22 C:/Users/germmeja/Downloads/STM32CubeCLT_1.16.0/GNU-tools-for-STM32/bin/../lib/gcc/arm-none-eabi/12.3.1/thumb/v7e-m+fp/hard\libgcc.a(_aeabi_uldivmod.o)
 .ARM.attributes
                0x000003a5       0x34 C:/Users/germmeja/Downloads/STM32CubeCLT_1.16.0/GNU-tools-for-STM32/bin/../lib/gcc/arm-none-eabi/12.3.1/thumb/v7e-m+fp/hard\libgcc.a(_udivmoddi4.o)
 .ARM.attributes
                0x000003d9       0x22 C:/Users/germmeja/Downloads/STM32CubeCLT_1.16.0/GNU-tools-for-STM32/bin/../lib/gcc/arm-none-eabi/12.3.1/thumb/v7e-m+fp/hard\libgcc.a(_dvmd_tls.o)
 .ARM.attributes
                0x000003fb       0x22 C:/Users/germmeja/Downloads/STM32CubeCLT_1.16.0/GNU-tools-for-STM32/bin/../lib/gcc/arm-none-eabi/12.3.1/thumb/v7e-m+fp/hard/crtn.o

.comment        0x00000000       0x43
 .comment       0x00000000       0x43 CMakeFiles/4100901-Final_Project_2024_2.dir/Core/Src/main.c.obj
                                 0x44 (size before relaxing)
 .comment       0x00000043       0x44 CMakeFiles/4100901-Final_Project_2024_2.dir/Core/Src/stm32l4xx_it.c.obj
 .comment       0x00000043       0x44 CMakeFiles/4100901-Final_Project_2024_2.dir/Core/Src/stm32l4xx_hal_msp.c.obj
 .comment       0x00000043       0x44 CMakeFiles/4100901-Final_Project_2024_2.dir/Drivers/STM32L4xx_HAL_Driver/Src/stm32l4xx_hal_uart.c.obj
 .comment       0x00000043       0x44 CMakeFiles/4100901-Final_Project_2024_2.dir/Drivers/STM32L4xx_HAL_Driver/Src/stm32l4xx_hal_uart_ex.c.obj
 .comment       0x00000043       0x44 CMakeFiles/4100901-Final_Project_2024_2.dir/Drivers/STM32L4xx_HAL_Driver/Src/stm32l4xx_hal.c.obj
 .comment       0x00000043       0x44 CMakeFiles/4100901-Final_Project_2024_2.dir/Drivers/STM32L4xx_HAL_Driver/Src/stm32l4xx_hal_rcc.c.obj
 .comment       0x00000043       0x44 CMakeFiles/4100901-Final_Project_2024_2.dir/Drivers/STM32L4xx_HAL_Driver/Src/stm32l4xx_hal_rcc_ex.c.obj
 .comment       0x00000043       0x44 CMakeFiles/4100901-Final_Project_2024_2.dir/Drivers/STM32L4xx_HAL_Driver/Src/stm32l4xx_hal_gpio.c.obj
 .comment       0x00000043       0x44 CMakeFiles/4100901-Final_Project_2024_2.dir/Drivers/STM32L4xx_HAL_Driver/Src/stm32l4xx_hal_dma.c.obj
 .comment       0x00000043       0x44 CMakeFiles/4100901-Final_Project_2024_2.dir/Drivers/STM32L4xx_HAL_Driver/Src/stm32l4xx_hal_pwr_ex.c.obj
 .comment       0x00000043       0x44 CMakeFiles/4100901-Final_Project_2024_2.dir/Drivers/STM32L4xx_HAL_Driver/Src/stm32l4xx_hal_cortex.c.obj
 .comment       0x00000043       0x44 CMakeFiles/4100901-Final_Project_2024_2.dir/Core/Src/system_stm32l4xx.c.obj

.debug_frame    0x00000000     0x2714
 .debug_frame   0x00000000       0x20 C:/Users/germmeja/Downloads/STM32CubeCLT_1.16.0/GNU-tools-for-STM32/bin/../lib/gcc/arm-none-eabi/12.3.1/../../../../arm-none-eabi/lib/thumb/v7e-m+fp/hard\libc_nano.a(libc_a-memset.o)
 .debug_frame   0x00000020       0x2c C:/Users/germmeja/Downloads/STM32CubeCLT_1.16.0/GNU-tools-for-STM32/bin/../lib/gcc/arm-none-eabi/12.3.1/../../../../arm-none-eabi/lib/thumb/v7e-m+fp/hard\libc_nano.a(libc_a-init.o)
 .debug_frame   0x0000004c       0xd0 CMakeFiles/4100901-Final_Project_2024_2.dir/Core/Src/main.c.obj
 .debug_frame   0x0000011c      0x158 CMakeFiles/4100901-Final_Project_2024_2.dir/Core/Src/stm32l4xx_it.c.obj
 .debug_frame   0x00000274       0x84 CMakeFiles/4100901-Final_Project_2024_2.dir/Core/Src/stm32l4xx_hal_msp.c.obj
 .debug_frame   0x000002f8      0x9f4 CMakeFiles/4100901-Final_Project_2024_2.dir/Drivers/STM32L4xx_HAL_Driver/Src/stm32l4xx_hal_uart.c.obj
 .debug_frame   0x00000cec      0x204 CMakeFiles/4100901-Final_Project_2024_2.dir/Drivers/STM32L4xx_HAL_Driver/Src/stm32l4xx_hal_uart_ex.c.obj
 .debug_frame   0x00000ef0      0x498 CMakeFiles/4100901-Final_Project_2024_2.dir/Drivers/STM32L4xx_HAL_Driver/Src/stm32l4xx_hal.c.obj
 .debug_frame   0x00001388      0x21c CMakeFiles/4100901-Final_Project_2024_2.dir/Drivers/STM32L4xx_HAL_Driver/Src/stm32l4xx_hal_rcc.c.obj
 .debug_frame   0x000015a4      0x2fc CMakeFiles/4100901-Final_Project_2024_2.dir/Drivers/STM32L4xx_HAL_Driver/Src/stm32l4xx_hal_rcc_ex.c.obj
 .debug_frame   0x000018a0      0x14c CMakeFiles/4100901-Final_Project_2024_2.dir/Drivers/STM32L4xx_HAL_Driver/Src/stm32l4xx_hal_gpio.c.obj
 .debug_frame   0x000019ec      0x204 CMakeFiles/4100901-Final_Project_2024_2.dir/Drivers/STM32L4xx_HAL_Driver/Src/stm32l4xx_hal_dma.c.obj
 .debug_frame   0x00001bf0      0x584 CMakeFiles/4100901-Final_Project_2024_2.dir/Drivers/STM32L4xx_HAL_Driver/Src/stm32l4xx_hal_pwr_ex.c.obj
 .debug_frame   0x00002174      0x4e8 CMakeFiles/4100901-Final_Project_2024_2.dir/Drivers/STM32L4xx_HAL_Driver/Src/stm32l4xx_hal_cortex.c.obj
 .debug_frame   0x0000265c       0x58 CMakeFiles/4100901-Final_Project_2024_2.dir/Core/Src/system_stm32l4xx.c.obj
 .debug_frame   0x000026b4       0x2c C:/Users/germmeja/Downloads/STM32CubeCLT_1.16.0/GNU-tools-for-STM32/bin/../lib/gcc/arm-none-eabi/12.3.1/thumb/v7e-m+fp/hard\libgcc.a(_aeabi_uldivmod.o)
 .debug_frame   0x000026e0       0x34 C:/Users/germmeja/Downloads/STM32CubeCLT_1.16.0/GNU-tools-for-STM32/bin/../lib/gcc/arm-none-eabi/12.3.1/thumb/v7e-m+fp/hard\libgcc.a(_udivmoddi4.o)

.debug_info     0x00000000     0xc220
 .debug_info    0x00000000     0x103f CMakeFiles/4100901-Final_Project_2024_2.dir/Core/Src/main.c.obj
 .debug_info    0x0000103f      0x760 CMakeFiles/4100901-Final_Project_2024_2.dir/Core/Src/stm32l4xx_it.c.obj
 .debug_info    0x0000179f      0xfa0 CMakeFiles/4100901-Final_Project_2024_2.dir/Core/Src/stm32l4xx_hal_msp.c.obj
 .debug_info    0x0000273f     0x3b69 CMakeFiles/4100901-Final_Project_2024_2.dir/Drivers/STM32L4xx_HAL_Driver/Src/stm32l4xx_hal_uart.c.obj
 .debug_info    0x000062a8      0xdff CMakeFiles/4100901-Final_Project_2024_2.dir/Drivers/STM32L4xx_HAL_Driver/Src/stm32l4xx_hal_uart_ex.c.obj
 .debug_info    0x000070a7      0xc09 CMakeFiles/4100901-Final_Project_2024_2.dir/Drivers/STM32L4xx_HAL_Driver/Src/stm32l4xx_hal.c.obj
 .debug_info    0x00007cb0      0xc14 CMakeFiles/4100901-Final_Project_2024_2.dir/Drivers/STM32L4xx_HAL_Driver/Src/stm32l4xx_hal_rcc.c.obj
 .debug_info    0x000088c4      0xe11 CMakeFiles/4100901-Final_Project_2024_2.dir/Drivers/STM32L4xx_HAL_Driver/Src/stm32l4xx_hal_rcc_ex.c.obj
 .debug_info    0x000096d5      0x757 CMakeFiles/4100901-Final_Project_2024_2.dir/Drivers/STM32L4xx_HAL_Driver/Src/stm32l4xx_hal_gpio.c.obj
 .debug_info    0x00009e2c      0x6f4 CMakeFiles/4100901-Final_Project_2024_2.dir/Drivers/STM32L4xx_HAL_Driver/Src/stm32l4xx_hal_dma.c.obj
 .debug_info    0x0000a520      0x99e CMakeFiles/4100901-Final_Project_2024_2.dir/Drivers/STM32L4xx_HAL_Driver/Src/stm32l4xx_hal_pwr_ex.c.obj
 .debug_info    0x0000aebe      0xd81 CMakeFiles/4100901-Final_Project_2024_2.dir/Drivers/STM32L4xx_HAL_Driver/Src/stm32l4xx_hal_cortex.c.obj
 .debug_info    0x0000bc3f      0x5b1 CMakeFiles/4100901-Final_Project_2024_2.dir/Core/Src/system_stm32l4xx.c.obj
 .debug_info    0x0000c1f0       0x30 CMakeFiles/4100901-Final_Project_2024_2.dir/startup_stm32l476xx.s.obj

.debug_abbrev   0x00000000     0x1cfe
 .debug_abbrev  0x00000000      0x270 CMakeFiles/4100901-Final_Project_2024_2.dir/Core/Src/main.c.obj
 .debug_abbrev  0x00000270      0x172 CMakeFiles/4100901-Final_Project_2024_2.dir/Core/Src/stm32l4xx_it.c.obj
 .debug_abbrev  0x000003e2      0x1d8 CMakeFiles/4100901-Final_Project_2024_2.dir/Core/Src/stm32l4xx_hal_msp.c.obj
 .debug_abbrev  0x000005ba      0x2d0 CMakeFiles/4100901-Final_Project_2024_2.dir/Drivers/STM32L4xx_HAL_Driver/Src/stm32l4xx_hal_uart.c.obj
 .debug_abbrev  0x0000088a      0x2be CMakeFiles/4100901-Final_Project_2024_2.dir/Drivers/STM32L4xx_HAL_Driver/Src/stm32l4xx_hal_uart_ex.c.obj
 .debug_abbrev  0x00000b48      0x243 CMakeFiles/4100901-Final_Project_2024_2.dir/Drivers/STM32L4xx_HAL_Driver/Src/stm32l4xx_hal.c.obj
 .debug_abbrev  0x00000d8b      0x2cb CMakeFiles/4100901-Final_Project_2024_2.dir/Drivers/STM32L4xx_HAL_Driver/Src/stm32l4xx_hal_rcc.c.obj
 .debug_abbrev  0x00001056      0x2a6 CMakeFiles/4100901-Final_Project_2024_2.dir/Drivers/STM32L4xx_HAL_Driver/Src/stm32l4xx_hal_rcc_ex.c.obj
 .debug_abbrev  0x000012fc      0x1cb CMakeFiles/4100901-Final_Project_2024_2.dir/Drivers/STM32L4xx_HAL_Driver/Src/stm32l4xx_hal_gpio.c.obj
 .debug_abbrev  0x000014c7      0x1e4 CMakeFiles/4100901-Final_Project_2024_2.dir/Drivers/STM32L4xx_HAL_Driver/Src/stm32l4xx_hal_dma.c.obj
 .debug_abbrev  0x000016ab      0x1f9 CMakeFiles/4100901-Final_Project_2024_2.dir/Drivers/STM32L4xx_HAL_Driver/Src/stm32l4xx_hal_pwr_ex.c.obj
 .debug_abbrev  0x000018a4      0x31c CMakeFiles/4100901-Final_Project_2024_2.dir/Drivers/STM32L4xx_HAL_Driver/Src/stm32l4xx_hal_cortex.c.obj
 .debug_abbrev  0x00001bc0      0x11a CMakeFiles/4100901-Final_Project_2024_2.dir/Core/Src/system_stm32l4xx.c.obj
 .debug_abbrev  0x00001cda       0x24 CMakeFiles/4100901-Final_Project_2024_2.dir/startup_stm32l476xx.s.obj

.debug_aranges  0x00000000      0x9c8
 .debug_aranges
                0x00000000       0x48 CMakeFiles/4100901-Final_Project_2024_2.dir/Core/Src/main.c.obj
 .debug_aranges
                0x00000048       0x78 CMakeFiles/4100901-Final_Project_2024_2.dir/Core/Src/stm32l4xx_it.c.obj
 .debug_aranges
                0x000000c0       0x30 CMakeFiles/4100901-Final_Project_2024_2.dir/Core/Src/stm32l4xx_hal_msp.c.obj
 .debug_aranges
                0x000000f0      0x228 CMakeFiles/4100901-Final_Project_2024_2.dir/Drivers/STM32L4xx_HAL_Driver/Src/stm32l4xx_hal_uart.c.obj
 .debug_aranges
                0x00000318       0x80 CMakeFiles/4100901-Final_Project_2024_2.dir/Drivers/STM32L4xx_HAL_Driver/Src/stm32l4xx_hal_uart_ex.c.obj
 .debug_aranges
                0x00000398      0x130 CMakeFiles/4100901-Final_Project_2024_2.dir/Drivers/STM32L4xx_HAL_Driver/Src/stm32l4xx_hal.c.obj
 .debug_aranges
                0x000004c8       0x90 CMakeFiles/4100901-Final_Project_2024_2.dir/Drivers/STM32L4xx_HAL_Driver/Src/stm32l4xx_hal_rcc.c.obj
 .debug_aranges
                0x00000558       0xc0 CMakeFiles/4100901-Final_Project_2024_2.dir/Drivers/STM32L4xx_HAL_Driver/Src/stm32l4xx_hal_rcc_ex.c.obj
 .debug_aranges
                0x00000618       0x58 CMakeFiles/4100901-Final_Project_2024_2.dir/Drivers/STM32L4xx_HAL_Driver/Src/stm32l4xx_hal_gpio.c.obj
 .debug_aranges
                0x00000670       0x80 CMakeFiles/4100901-Final_Project_2024_2.dir/Drivers/STM32L4xx_HAL_Driver/Src/stm32l4xx_hal_dma.c.obj
 .debug_aranges
                0x000006f0      0x160 CMakeFiles/4100901-Final_Project_2024_2.dir/Drivers/STM32L4xx_HAL_Driver/Src/stm32l4xx_hal_pwr_ex.c.obj
 .debug_aranges
                0x00000850      0x128 CMakeFiles/4100901-Final_Project_2024_2.dir/Drivers/STM32L4xx_HAL_Driver/Src/stm32l4xx_hal_cortex.c.obj
 .debug_aranges
                0x00000978       0x28 CMakeFiles/4100901-Final_Project_2024_2.dir/Core/Src/system_stm32l4xx.c.obj
 .debug_aranges
                0x000009a0       0x28 CMakeFiles/4100901-Final_Project_2024_2.dir/startup_stm32l476xx.s.obj

.debug_rnglists
                0x00000000      0x77e
 .debug_rnglists
                0x00000000       0x34 CMakeFiles/4100901-Final_Project_2024_2.dir/Core/Src/main.c.obj
 .debug_rnglists
                0x00000034       0x55 CMakeFiles/4100901-Final_Project_2024_2.dir/Core/Src/stm32l4xx_it.c.obj
 .debug_rnglists
                0x00000089       0x20 CMakeFiles/4100901-Final_Project_2024_2.dir/Core/Src/stm32l4xx_hal_msp.c.obj
 .debug_rnglists
                0x000000a9      0x1db CMakeFiles/4100901-Final_Project_2024_2.dir/Drivers/STM32L4xx_HAL_Driver/Src/stm32l4xx_hal_uart.c.obj
 .debug_rnglists
                0x00000284       0x60 CMakeFiles/4100901-Final_Project_2024_2.dir/Drivers/STM32L4xx_HAL_Driver/Src/stm32l4xx_hal_uart_ex.c.obj
 .debug_rnglists
                0x000002e4       0xdf CMakeFiles/4100901-Final_Project_2024_2.dir/Drivers/STM32L4xx_HAL_Driver/Src/stm32l4xx_hal.c.obj
 .debug_rnglists
                0x000003c3       0x6d CMakeFiles/4100901-Final_Project_2024_2.dir/Drivers/STM32L4xx_HAL_Driver/Src/stm32l4xx_hal_rcc.c.obj
 .debug_rnglists
                0x00000430       0x95 CMakeFiles/4100901-Final_Project_2024_2.dir/Drivers/STM32L4xx_HAL_Driver/Src/stm32l4xx_hal_rcc_ex.c.obj
 .debug_rnglists
                0x000004c5       0x3f CMakeFiles/4100901-Final_Project_2024_2.dir/Drivers/STM32L4xx_HAL_Driver/Src/stm32l4xx_hal_gpio.c.obj
 .debug_rnglists
                0x00000504       0x64 CMakeFiles/4100901-Final_Project_2024_2.dir/Drivers/STM32L4xx_HAL_Driver/Src/stm32l4xx_hal_dma.c.obj
 .debug_rnglists
                0x00000568      0x109 CMakeFiles/4100901-Final_Project_2024_2.dir/Drivers/STM32L4xx_HAL_Driver/Src/stm32l4xx_hal_pwr_ex.c.obj
 .debug_rnglists
                0x00000671       0xda CMakeFiles/4100901-Final_Project_2024_2.dir/Drivers/STM32L4xx_HAL_Driver/Src/stm32l4xx_hal_cortex.c.obj
 .debug_rnglists
                0x0000074b       0x1a CMakeFiles/4100901-Final_Project_2024_2.dir/Core/Src/system_stm32l4xx.c.obj
 .debug_rnglists
                0x00000765       0x19 CMakeFiles/4100901-Final_Project_2024_2.dir/startup_stm32l476xx.s.obj

.debug_macro    0x00000000    0x25017
 .debug_macro   0x00000000      0x1bb CMakeFiles/4100901-Final_Project_2024_2.dir/Core/Src/main.c.obj
 .debug_macro   0x000001bb      0xab4 CMakeFiles/4100901-Final_Project_2024_2.dir/Core/Src/main.c.obj
 .debug_macro   0x00000c6f      0x1a1 CMakeFiles/4100901-Final_Project_2024_2.dir/Core/Src/main.c.obj
 .debug_macro   0x00000e10       0x2e CMakeFiles/4100901-Final_Project_2024_2.dir/Core/Src/main.c.obj
 .debug_macro   0x00000e3e       0x28 CMakeFiles/4100901-Final_Project_2024_2.dir/Core/Src/main.c.obj
 .debug_macro   0x00000e66       0x22 CMakeFiles/4100901-Final_Project_2024_2.dir/Core/Src/main.c.obj
 .debug_macro   0x00000e88       0x8e CMakeFiles/4100901-Final_Project_2024_2.dir/Core/Src/main.c.obj
 .debug_macro   0x00000f16       0x51 CMakeFiles/4100901-Final_Project_2024_2.dir/Core/Src/main.c.obj
 .debug_macro   0x00000f67      0x103 CMakeFiles/4100901-Final_Project_2024_2.dir/Core/Src/main.c.obj
 .debug_macro   0x0000106a       0x6a CMakeFiles/4100901-Final_Project_2024_2.dir/Core/Src/main.c.obj
 .debug_macro   0x000010d4      0x1df CMakeFiles/4100901-Final_Project_2024_2.dir/Core/Src/main.c.obj
 .debug_macro   0x000012b3       0x1c CMakeFiles/4100901-Final_Project_2024_2.dir/Core/Src/main.c.obj
 .debug_macro   0x000012cf       0x22 CMakeFiles/4100901-Final_Project_2024_2.dir/Core/Src/main.c.obj
 .debug_macro   0x000012f1       0xfb CMakeFiles/4100901-Final_Project_2024_2.dir/Core/Src/main.c.obj
 .debug_macro   0x000013ec     0x1011 CMakeFiles/4100901-Final_Project_2024_2.dir/Core/Src/main.c.obj
 .debug_macro   0x000023fd      0x11f CMakeFiles/4100901-Final_Project_2024_2.dir/Core/Src/main.c.obj
 .debug_macro   0x0000251c    0x1a17a CMakeFiles/4100901-Final_Project_2024_2.dir/Core/Src/main.c.obj
 .debug_macro   0x0001c696       0x6d CMakeFiles/4100901-Final_Project_2024_2.dir/Core/Src/main.c.obj
 .debug_macro   0x0001c703     0x38fb CMakeFiles/4100901-Final_Project_2024_2.dir/Core/Src/main.c.obj
 .debug_macro   0x0001fffe      0x189 CMakeFiles/4100901-Final_Project_2024_2.dir/Core/Src/main.c.obj
 .debug_macro   0x00020187       0x5c CMakeFiles/4100901-Final_Project_2024_2.dir/Core/Src/main.c.obj
 .debug_macro   0x000201e3     0x159e CMakeFiles/4100901-Final_Project_2024_2.dir/Core/Src/main.c.obj
 .debug_macro   0x00021781      0x5a5 CMakeFiles/4100901-Final_Project_2024_2.dir/Core/Src/main.c.obj
 .debug_macro   0x00021d26      0x1b9 CMakeFiles/4100901-Final_Project_2024_2.dir/Core/Src/main.c.obj
 .debug_macro   0x00021edf      0x18b CMakeFiles/4100901-Final_Project_2024_2.dir/Core/Src/main.c.obj
 .debug_macro   0x0002206a      0x26b CMakeFiles/4100901-Final_Project_2024_2.dir/Core/Src/main.c.obj
 .debug_macro   0x000222d5      0x23d CMakeFiles/4100901-Final_Project_2024_2.dir/Core/Src/main.c.obj
 .debug_macro   0x00022512      0x241 CMakeFiles/4100901-Final_Project_2024_2.dir/Core/Src/main.c.obj
 .debug_macro   0x00022753      0x37c CMakeFiles/4100901-Final_Project_2024_2.dir/Core/Src/main.c.obj
 .debug_macro   0x00022acf       0xd6 CMakeFiles/4100901-Final_Project_2024_2.dir/Core/Src/main.c.obj
 .debug_macro   0x00022ba5      0x122 CMakeFiles/4100901-Final_Project_2024_2.dir/Core/Src/main.c.obj
 .debug_macro   0x00022cc7      0x3ef CMakeFiles/4100901-Final_Project_2024_2.dir/Core/Src/main.c.obj
 .debug_macro   0x000230b6      0x5cf CMakeFiles/4100901-Final_Project_2024_2.dir/Core/Src/main.c.obj
 .debug_macro   0x00023685       0x44 CMakeFiles/4100901-Final_Project_2024_2.dir/Core/Src/main.c.obj
 .debug_macro   0x000236c9      0x330 CMakeFiles/4100901-Final_Project_2024_2.dir/Core/Src/main.c.obj
 .debug_macro   0x000239f9       0xca CMakeFiles/4100901-Final_Project_2024_2.dir/Core/Src/main.c.obj
 .debug_macro   0x00023ac3      0x1c5 CMakeFiles/4100901-Final_Project_2024_2.dir/Core/Src/stm32l4xx_it.c.obj
 .debug_macro   0x00023c88      0x1bb CMakeFiles/4100901-Final_Project_2024_2.dir/Core/Src/stm32l4xx_hal_msp.c.obj
 .debug_macro   0x00023e43      0x1d7 CMakeFiles/4100901-Final_Project_2024_2.dir/Drivers/STM32L4xx_HAL_Driver/Src/stm32l4xx_hal_uart.c.obj
 .debug_macro   0x0002401a      0x1ac CMakeFiles/4100901-Final_Project_2024_2.dir/Drivers/STM32L4xx_HAL_Driver/Src/stm32l4xx_hal_uart_ex.c.obj
 .debug_macro   0x000241c6      0x1fa CMakeFiles/4100901-Final_Project_2024_2.dir/Drivers/STM32L4xx_HAL_Driver/Src/stm32l4xx_hal.c.obj
 .debug_macro   0x000243c0      0x1ee CMakeFiles/4100901-Final_Project_2024_2.dir/Drivers/STM32L4xx_HAL_Driver/Src/stm32l4xx_hal_rcc.c.obj
 .debug_macro   0x000245ae      0x1e2 CMakeFiles/4100901-Final_Project_2024_2.dir/Drivers/STM32L4xx_HAL_Driver/Src/stm32l4xx_hal_rcc_ex.c.obj
 .debug_macro   0x00024790      0x1b3 CMakeFiles/4100901-Final_Project_2024_2.dir/Drivers/STM32L4xx_HAL_Driver/Src/stm32l4xx_hal_gpio.c.obj
 .debug_macro   0x00024943      0x1ac CMakeFiles/4100901-Final_Project_2024_2.dir/Drivers/STM32L4xx_HAL_Driver/Src/stm32l4xx_hal_dma.c.obj
 .debug_macro   0x00024aef      0x1d0 CMakeFiles/4100901-Final_Project_2024_2.dir/Drivers/STM32L4xx_HAL_Driver/Src/stm32l4xx_hal_pwr_ex.c.obj
 .debug_macro   0x00024cbf      0x1ac CMakeFiles/4100901-Final_Project_2024_2.dir/Drivers/STM32L4xx_HAL_Driver/Src/stm32l4xx_hal_cortex.c.obj
 .debug_macro   0x00024e6b      0x1ac CMakeFiles/4100901-Final_Project_2024_2.dir/Core/Src/system_stm32l4xx.c.obj

.debug_line     0x00000000     0xca39
 .debug_line    0x00000000      0xa45 CMakeFiles/4100901-Final_Project_2024_2.dir/Core/Src/main.c.obj
 .debug_line    0x00000a45      0x8ce CMakeFiles/4100901-Final_Project_2024_2.dir/Core/Src/stm32l4xx_it.c.obj
 .debug_line    0x00001313      0x822 CMakeFiles/4100901-Final_Project_2024_2.dir/Core/Src/stm32l4xx_hal_msp.c.obj
 .debug_line    0x00001b35     0x32c8 CMakeFiles/4100901-Final_Project_2024_2.dir/Drivers/STM32L4xx_HAL_Driver/Src/stm32l4xx_hal_uart.c.obj
 .debug_line    0x00004dfd      0xcbc CMakeFiles/4100901-Final_Project_2024_2.dir/Drivers/STM32L4xx_HAL_Driver/Src/stm32l4xx_hal_uart_ex.c.obj
 .debug_line    0x00005ab9      0xbb7 CMakeFiles/4100901-Final_Project_2024_2.dir/Drivers/STM32L4xx_HAL_Driver/Src/stm32l4xx_hal.c.obj
 .debug_line    0x00006670     0x102f CMakeFiles/4100901-Final_Project_2024_2.dir/Drivers/STM32L4xx_HAL_Driver/Src/stm32l4xx_hal_rcc.c.obj
 .debug_line    0x0000769f     0x15a1 CMakeFiles/4100901-Final_Project_2024_2.dir/Drivers/STM32L4xx_HAL_Driver/Src/stm32l4xx_hal_rcc_ex.c.obj
 .debug_line    0x00008c40      0xc42 CMakeFiles/4100901-Final_Project_2024_2.dir/Drivers/STM32L4xx_HAL_Driver/Src/stm32l4xx_hal_gpio.c.obj
 .debug_line    0x00009882      0xdbb CMakeFiles/4100901-Final_Project_2024_2.dir/Drivers/STM32L4xx_HAL_Driver/Src/stm32l4xx_hal_dma.c.obj
 .debug_line    0x0000a63d      0xda8 CMakeFiles/4100901-Final_Project_2024_2.dir/Drivers/STM32L4xx_HAL_Driver/Src/stm32l4xx_hal_pwr_ex.c.obj
 .debug_line    0x0000b3e5      0xd7f CMakeFiles/4100901-Final_Project_2024_2.dir/Drivers/STM32L4xx_HAL_Driver/Src/stm32l4xx_hal_cortex.c.obj
 .debug_line    0x0000c164      0x85b CMakeFiles/4100901-Final_Project_2024_2.dir/Core/Src/system_stm32l4xx.c.obj
 .debug_line    0x0000c9bf       0x7a CMakeFiles/4100901-Final_Project_2024_2.dir/startup_stm32l476xx.s.obj

.debug_str      0x00000000    0xe4568
 .debug_str     0x00000000    0xe1965 CMakeFiles/4100901-Final_Project_2024_2.dir/Core/Src/main.c.obj
                              0xe1d1c (size before relaxing)
 .debug_str     0x000e1965      0x16d CMakeFiles/4100901-Final_Project_2024_2.dir/Core/Src/stm32l4xx_it.c.obj
                              0xe14a7 (size before relaxing)
 .debug_str     0x000e1ad2      0x32b CMakeFiles/4100901-Final_Project_2024_2.dir/Core/Src/stm32l4xx_hal_msp.c.obj
                              0xe1d94 (size before relaxing)
 .debug_str     0x000e1dfd      0x977 CMakeFiles/4100901-Final_Project_2024_2.dir/Drivers/STM32L4xx_HAL_Driver/Src/stm32l4xx_hal_uart.c.obj
                              0xe1ba6 (size before relaxing)
 .debug_str     0x000e2774      0x23d CMakeFiles/4100901-Final_Project_2024_2.dir/Drivers/STM32L4xx_HAL_Driver/Src/stm32l4xx_hal_uart_ex.c.obj
                              0xe13d2 (size before relaxing)
 .debug_str     0x000e29b1      0x6de CMakeFiles/4100901-Final_Project_2024_2.dir/Drivers/STM32L4xx_HAL_Driver/Src/stm32l4xx_hal.c.obj
                              0xe1a4d (size before relaxing)
 .debug_str     0x000e308f      0x409 CMakeFiles/4100901-Final_Project_2024_2.dir/Drivers/STM32L4xx_HAL_Driver/Src/stm32l4xx_hal_rcc.c.obj
                              0xe1494 (size before relaxing)
 .debug_str     0x000e3498      0x443 CMakeFiles/4100901-Final_Project_2024_2.dir/Drivers/STM32L4xx_HAL_Driver/Src/stm32l4xx_hal_rcc_ex.c.obj
                              0xe160d (size before relaxing)
 .debug_str     0x000e38db       0xcf CMakeFiles/4100901-Final_Project_2024_2.dir/Drivers/STM32L4xx_HAL_Driver/Src/stm32l4xx_hal_gpio.c.obj
                              0xe0fc7 (size before relaxing)
 .debug_str     0x000e39aa      0x24f CMakeFiles/4100901-Final_Project_2024_2.dir/Drivers/STM32L4xx_HAL_Driver/Src/stm32l4xx_hal_dma.c.obj
                              0xe10b8 (size before relaxing)
 .debug_str     0x000e3bf9      0x4ee CMakeFiles/4100901-Final_Project_2024_2.dir/Drivers/STM32L4xx_HAL_Driver/Src/stm32l4xx_hal_pwr_ex.c.obj
                              0xe13a9 (size before relaxing)
 .debug_str     0x000e40e7      0x392 CMakeFiles/4100901-Final_Project_2024_2.dir/Drivers/STM32L4xx_HAL_Driver/Src/stm32l4xx_hal_cortex.c.obj
                              0xe16c7 (size before relaxing)
 .debug_str     0x000e4479       0x7d CMakeFiles/4100901-Final_Project_2024_2.dir/Core/Src/system_stm32l4xx.c.obj
                              0xe0e4e (size before relaxing)
 .debug_str     0x000e44f6       0x72 CMakeFiles/4100901-Final_Project_2024_2.dir/startup_stm32l476xx.s.obj
                                 0xbe (size before relaxing)

.debug_line_str
                0x00000000       0xa2
 .debug_line_str
                0x00000000       0xa2 CMakeFiles/4100901-Final_Project_2024_2.dir/startup_stm32l476xx.s.obj
