Archive member included to satisfy reference by file (symbol)

C:/Users/germmeja/Downloads/STM32CubeCLT_1.16.0/GNU-tools-for-STM32/bin/../lib/gcc/arm-none-eabi/12.3.1/../../../../arm-none-eabi/lib/thumb/v7e-m+fp/hard\libc_nano.a(libc_a-exit.o)
                              C:/Users/germmeja/Downloads/STM32CubeCLT_1.16.0/GNU-tools-for-STM32/bin/../lib/gcc/arm-none-eabi/12.3.1/../../../../arm-none-eabi/lib/thumb/v7e-m+fp/hard/crt0.o (exit)
C:/Users/germmeja/Downloads/STM32CubeCLT_1.16.0/GNU-tools-for-STM32/bin/../lib/gcc/arm-none-eabi/12.3.1/../../../../arm-none-eabi/lib/thumb/v7e-m+fp/hard\libc_nano.a(libc_a-findfp.o)
                              C:/Users/germmeja/Downloads/STM32CubeCLT_1.16.0/GNU-tools-for-STM32/bin/../lib/gcc/arm-none-eabi/12.3.1/../../../../arm-none-eabi/lib/thumb/v7e-m+fp/hard\libc_nano.a(libc_a-exit.o) (__stdio_exit_handler)
C:/Users/germmeja/Downloads/STM32CubeCLT_1.16.0/GNU-tools-for-STM32/bin/../lib/gcc/arm-none-eabi/12.3.1/../../../../arm-none-eabi/lib/thumb/v7e-m+fp/hard\libc_nano.a(libc_a-fwalk.o)
                              C:/Users/germmeja/Downloads/STM32CubeCLT_1.16.0/GNU-tools-for-STM32/bin/../lib/gcc/arm-none-eabi/12.3.1/../../../../arm-none-eabi/lib/thumb/v7e-m+fp/hard\libc_nano.a(libc_a-findfp.o) (_fwalk_sglue)
C:/Users/germmeja/Downloads/STM32CubeCLT_1.16.0/GNU-tools-for-STM32/bin/../lib/gcc/arm-none-eabi/12.3.1/../../../../arm-none-eabi/lib/thumb/v7e-m+fp/hard\libc_nano.a(libc_a-stdio.o)
                              C:/Users/germmeja/Downloads/STM32CubeCLT_1.16.0/GNU-tools-for-STM32/bin/../lib/gcc/arm-none-eabi/12.3.1/../../../../arm-none-eabi/lib/thumb/v7e-m+fp/hard\libc_nano.a(libc_a-findfp.o) (__sread)
C:/Users/germmeja/Downloads/STM32CubeCLT_1.16.0/GNU-tools-for-STM32/bin/../lib/gcc/arm-none-eabi/12.3.1/../../../../arm-none-eabi/lib/thumb/v7e-m+fp/hard\libc_nano.a(libc_a-memset.o)
                              C:/Users/germmeja/Downloads/STM32CubeCLT_1.16.0/GNU-tools-for-STM32/bin/../lib/gcc/arm-none-eabi/12.3.1/../../../../arm-none-eabi/lib/thumb/v7e-m+fp/hard/crt0.o (memset)
C:/Users/germmeja/Downloads/STM32CubeCLT_1.16.0/GNU-tools-for-STM32/bin/../lib/gcc/arm-none-eabi/12.3.1/../../../../arm-none-eabi/lib/thumb/v7e-m+fp/hard\libc_nano.a(libc_a-closer.o)
                              C:/Users/germmeja/Downloads/STM32CubeCLT_1.16.0/GNU-tools-for-STM32/bin/../lib/gcc/arm-none-eabi/12.3.1/../../../../arm-none-eabi/lib/thumb/v7e-m+fp/hard\libc_nano.a(libc_a-stdio.o) (_close_r)
C:/Users/germmeja/Downloads/STM32CubeCLT_1.16.0/GNU-tools-for-STM32/bin/../lib/gcc/arm-none-eabi/12.3.1/../../../../arm-none-eabi/lib/thumb/v7e-m+fp/hard\libc_nano.a(libc_a-reent.o)
                              C:/Users/germmeja/Downloads/STM32CubeCLT_1.16.0/GNU-tools-for-STM32/bin/../lib/gcc/arm-none-eabi/12.3.1/../../../../arm-none-eabi/lib/thumb/v7e-m+fp/hard\libc_nano.a(libc_a-closer.o) (errno)
C:/Users/germmeja/Downloads/STM32CubeCLT_1.16.0/GNU-tools-for-STM32/bin/../lib/gcc/arm-none-eabi/12.3.1/../../../../arm-none-eabi/lib/thumb/v7e-m+fp/hard\libc_nano.a(libc_a-impure.o)
                              C:/Users/germmeja/Downloads/STM32CubeCLT_1.16.0/GNU-tools-for-STM32/bin/../lib/gcc/arm-none-eabi/12.3.1/../../../../arm-none-eabi/lib/thumb/v7e-m+fp/hard\libc_nano.a(libc_a-reent.o) (_impure_ptr)
C:/Users/germmeja/Downloads/STM32CubeCLT_1.16.0/GNU-tools-for-STM32/bin/../lib/gcc/arm-none-eabi/12.3.1/../../../../arm-none-eabi/lib/thumb/v7e-m+fp/hard\libc_nano.a(libc_a-lseekr.o)
                              C:/Users/germmeja/Downloads/STM32CubeCLT_1.16.0/GNU-tools-for-STM32/bin/../lib/gcc/arm-none-eabi/12.3.1/../../../../arm-none-eabi/lib/thumb/v7e-m+fp/hard\libc_nano.a(libc_a-stdio.o) (_lseek_r)
C:/Users/germmeja/Downloads/STM32CubeCLT_1.16.0/GNU-tools-for-STM32/bin/../lib/gcc/arm-none-eabi/12.3.1/../../../../arm-none-eabi/lib/thumb/v7e-m+fp/hard\libc_nano.a(libc_a-readr.o)
                              C:/Users/germmeja/Downloads/STM32CubeCLT_1.16.0/GNU-tools-for-STM32/bin/../lib/gcc/arm-none-eabi/12.3.1/../../../../arm-none-eabi/lib/thumb/v7e-m+fp/hard\libc_nano.a(libc_a-stdio.o) (_read_r)
C:/Users/germmeja/Downloads/STM32CubeCLT_1.16.0/GNU-tools-for-STM32/bin/../lib/gcc/arm-none-eabi/12.3.1/../../../../arm-none-eabi/lib/thumb/v7e-m+fp/hard\libc_nano.a(libc_a-writer.o)
                              C:/Users/germmeja/Downloads/STM32CubeCLT_1.16.0/GNU-tools-for-STM32/bin/../lib/gcc/arm-none-eabi/12.3.1/../../../../arm-none-eabi/lib/thumb/v7e-m+fp/hard\libc_nano.a(libc_a-stdio.o) (_write_r)
C:/Users/germmeja/Downloads/STM32CubeCLT_1.16.0/GNU-tools-for-STM32/bin/../lib/gcc/arm-none-eabi/12.3.1/../../../../arm-none-eabi/lib/thumb/v7e-m+fp/hard\libc_nano.a(libc_a-init.o)
                              C:/Users/germmeja/Downloads/STM32CubeCLT_1.16.0/GNU-tools-for-STM32/bin/../lib/gcc/arm-none-eabi/12.3.1/../../../../arm-none-eabi/lib/thumb/v7e-m+fp/hard/crt0.o (__libc_init_array)
[...]
Memory Configuration

Name             Origin             Length             Attributes
RAM              0x20000000         0x00018000         xrw
RAM2             0x10000000         0x00008000         xrw
FLASH            0x08000000         0x00100000         xr
*default*        0x00000000         0xffffffff

Linker script and memory map

LOAD C:/Users/germmeja/Downloads/STM32CubeCLT_1.16.0/GNU-tools-for-STM32/bin/../lib/gcc/arm-none-eabi/12.3.1/thumb/v7e-m+fp/hard/crti.o
LOAD C:/Users/germmeja/Downloads/STM32CubeCLT_1.16.0/GNU-tools-for-STM32/bin/../lib/gcc/arm-none-eabi/12.3.1/thumb/v7e-m+fp/hard/crtbegin.o
LOAD C:/Users/germmeja/Downloads/STM32CubeCLT_1.16.0/GNU-tools-for-STM32/bin/../lib/gcc/arm-none-eabi/12.3.1/../../../../arm-none-eabi/lib/thumb/v7e-m+fp/hard/crt0.o
START GROUP
LOAD C:/Users/germmeja/Downloads/STM32CubeCLT_1.16.0/GNU-tools-for-STM32/bin/../lib/gcc/arm-none-eabi/12.3.1/../../../../arm-none-eabi/lib/thumb/v7e-m+fp/hard\libc_nano.a
LOAD C:/Users/germmeja/Downloads/STM32CubeCLT_1.16.0/GNU-tools-for-STM32/bin/../lib/gcc/arm-none-eabi/12.3.1/../../../../arm-none-eabi/lib/thumb/v7e-m+fp/hard\libm.a
END GROUP
LOAD CMakeFiles/Project.dir/Drivers/keypad/keypad.c.obj
LOAD CMakeFiles/Project.dir/Core/Src/main.c.obj
LOAD CMakeFiles/Project.dir/Core/Src/stm32l4xx_it.c.obj
LOAD CMakeFiles/Project.dir/Core/Src/stm32l4xx_hal_msp.c.obj
LOAD CMakeFiles/Project.dir/Drivers/STM32L4xx_HAL_Driver/Src/stm32l4xx_hal_uart.c.obj
LOAD CMakeFiles/Project.dir/Drivers/STM32L4xx_HAL_Driver/Src/stm32l4xx_hal_uart_ex.c.obj
LOAD CMakeFiles/Project.dir/Drivers/STM32L4xx_HAL_Driver/Src/stm32l4xx_hal.c.obj
LOAD CMakeFiles/Project.dir/Drivers/STM32L4xx_HAL_Driver/Src/stm32l4xx_hal_rcc.c.obj
LOAD CMakeFiles/Project.dir/Drivers/STM32L4xx_HAL_Driver/Src/stm32l4xx_hal_rcc_ex.c.obj
LOAD CMakeFiles/Project.dir/Drivers/STM32L4xx_HAL_Driver/Src/stm32l4xx_hal_flash.c.obj
LOAD CMakeFiles/Project.dir/Drivers/STM32L4xx_HAL_Driver/Src/stm32l4xx_hal_flash_ex.c.obj
LOAD CMakeFiles/Project.dir/Drivers/STM32L4xx_HAL_Driver/Src/stm32l4xx_hal_flash_ramfunc.c.obj
LOAD CMakeFiles/Project.dir/Drivers/STM32L4xx_HAL_Driver/Src/stm32l4xx_hal_gpio.c.obj
LOAD CMakeFiles/Project.dir/Drivers/STM32L4xx_HAL_Driver/Src/stm32l4xx_hal_i2c.c.obj
LOAD CMakeFiles/Project.dir/Drivers/STM32L4xx_HAL_Driver/Src/stm32l4xx_hal_i2c_ex.c.obj
LOAD CMakeFiles/Project.dir/Drivers/STM32L4xx_HAL_Driver/Src/stm32l4xx_hal_dma.c.obj
LOAD CMakeFiles/Project.dir/Drivers/STM32L4xx_HAL_Driver/Src/stm32l4xx_hal_dma_ex.c.obj
LOAD CMakeFiles/Project.dir/Drivers/STM32L4xx_HAL_Driver/Src/stm32l4xx_hal_pwr.c.obj
LOAD CMakeFiles/Project.dir/Drivers/STM32L4xx_HAL_Driver/Src/stm32l4xx_hal_pwr_ex.c.obj
LOAD CMakeFiles/Project.dir/Drivers/STM32L4xx_HAL_Driver/Src/stm32l4xx_hal_cortex.c.obj
LOAD CMakeFiles/Project.dir/Drivers/STM32L4xx_HAL_Driver/Src/stm32l4xx_hal_exti.c.obj
LOAD CMakeFiles/Project.dir/Core/Src/system_stm32l4xx.c.obj
LOAD CMakeFiles/Project.dir/Core/Src/sysmem.c.obj
LOAD CMakeFiles/Project.dir/Core/Src/syscalls.c.obj
LOAD CMakeFiles/Project.dir/startup_stm32l476xx.s.obj
START GROUP
LOAD C:/Users/germmeja/Downloads/STM32CubeCLT_1.16.0/GNU-tools-for-STM32/bin/../lib/gcc/arm-none-eabi/12.3.1/thumb/v7e-m+fp/hard\libgcc.a
LOAD C:/Users/germmeja/Downloads/STM32CubeCLT_1.16.0/GNU-tools-for-STM32/bin/../lib/gcc/arm-none-eabi/12.3.1/../../../../arm-none-eabi/lib/thumb/v7e-m+fp/hard\libg_nano.a
LOAD C:/Users/germmeja/Downloads/STM32CubeCLT_1.16.0/GNU-tools-for-STM32/bin/../lib/gcc/arm-none-eabi/12.3.1/../../../../arm-none-eabi/lib/thumb/v7e-m+fp/hard\libc_nano.a
END GROUP
START GROUP
LOAD C:/Users/germmeja/Downloads/STM32CubeCLT_1.16.0/GNU-tools-for-STM32/bin/../lib/gcc/arm-none-eabi/12.3.1/thumb/v7e-m+fp/hard\libgcc.a
LOAD C:/Users/germmeja/Downloads/STM32CubeCLT_1.16.0/GNU-tools-for-STM32/bin/../lib/gcc/arm-none-eabi/12.3.1/../../../../arm-none-eabi/lib/thumb/v7e-m+fp/hard\libc_nano.a
END GROUP
LOAD C:/Users/germmeja/Downloads/STM32CubeCLT_1.16.0/GNU-tools-for-STM32/bin/../lib/gcc/arm-none-eabi/12.3.1/thumb/v7e-m+fp/hard/crtend.o
LOAD C:/Users/germmeja/Downloads/STM32CubeCLT_1.16.0/GNU-tools-for-STM32/bin/../lib/gcc/arm-none-eabi/12.3.1/thumb/v7e-m+fp/hard/crtn.o
                0x20018000                        _estack = (ORIGIN (RAM) + LENGTH (RAM))
                0x00000200                        _Min_Heap_Size = 0x200
                0x00000400                        _Min_Stack_Size = 0x400

.isr_vector     0x08000000      0x188
                0x08000000                        . = ALIGN (0x8)
 *(.isr_vector)
 .isr_vector    0x08000000      0x188 CMakeFiles/Project.dir/startup_stm32l476xx.s.obj
                0x08000000                g_pfnVectors
                0x08000188                        . = ALIGN (0x8)

.text           0x08000188     0x3ba8
                0x08000188                        . = ALIGN (0x8)
 *(.text)
 .text          0x08000188       0x40 C:/Users/germmeja/Downloads/STM32CubeCLT_1.16.0/GNU-tools-for-STM32/bin/../lib/gcc/arm-none-eabi/12.3.1/thumb/v7e-m+fp/hard/crtbegin.o
 .text          0x080001c8       0x30 C:/Users/germmeja/Downloads/STM32CubeCLT_1.16.0/GNU-tools-for-STM32/bin/../lib/gcc/arm-none-eabi/12.3.1/thumb/v7e-m+fp/hard\libgcc.a(_aeabi_uldivmod.o)
                0x080001c8                __aeabi_uldivmod
 .text          0x080001f8      0x2bc C:/Users/germmeja/Downloads/STM32CubeCLT_1.16.0/GNU-tools-for-STM32/bin/../lib/gcc/arm-none-eabi/12.3.1/thumb/v7e-m+fp/hard\libgcc.a(_udivmoddi4.o)
                0x080001f8                __udivmoddi4
 .text          0x080004b4        0x4 C:/Users/germmeja/Downloads/STM32CubeCLT_1.16.0/GNU-tools-for-STM32/bin/../lib/gcc/arm-none-eabi/12.3.1/thumb/v7e-m+fp/hard\libgcc.a(_dvmd_tls.o)
                0x080004b4                __aeabi_idiv0
                0x080004b4                __aeabi_ldiv0
 *(.text*)
 .text.memset   0x080004b8       0x10 C:/Users/germmeja/Downloads/STM32CubeCLT_1.16.0/GNU-tools-for-STM32/bin/../lib/gcc/arm-none-eabi/12.3.1/../../../../arm-none-eabi/lib/thumb/v7e-m+fp/hard\libc_nano.a(libc_a-memset.o)
                0x080004b8                memset
 .text.__libc_init_array
                0x080004c8       0x48 C:/Users/germmeja/Downloads/STM32CubeCLT_1.16.0/GNU-tools-for-STM32/bin/../lib/gcc/arm-none-eabi/12.3.1/../../../../arm-none-eabi/lib/thumb/v7e-m+fp/hard\libc_nano.a(libc_a-init.o)
                0x080004c8                __libc_init_array
 .text.keypad_init
                0x08000510       0x38 CMakeFiles/Project.dir/Drivers/keypad/keypad.c.obj
                0x08000510                keypad_init
 .text.keypad_scan_rows
                0x08000548       0xf4 CMakeFiles/Project.dir/Drivers/keypad/keypad.c.obj
 .text.keypad_scan
                0x0800063c       0xdc CMakeFiles/Project.dir/Drivers/keypad/keypad.c.obj
                0x0800063c                keypad_scan
 .text.HAL_GPIO_EXTI_Callback
                0x08000718       0x4c CMakeFiles/Project.dir/Core/Src/main.c.obj
                0x08000718                HAL_GPIO_EXTI_Callback
 .text.main     0x08000764       0x70 CMakeFiles/Project.dir/Core/Src/main.c.obj
                0x08000764                main
 .text.SystemClock_Config
                0x080007d4       0xa2 CMakeFiles/Project.dir/Core/Src/main.c.obj
                0x080007d4                SystemClock_Config
 *fill*         0x08000876        0x2 
 .text.MX_USART2_UART_Init
                0x08000878       0x60 CMakeFiles/Project.dir/Core/Src/main.c.obj
 .text.MX_GPIO_Init
                0x080008d8      0x18c CMakeFiles/Project.dir/Core/Src/main.c.obj
 .text.Error_Handler
                0x08000a64        0xc CMakeFiles/Project.dir/Core/Src/main.c.obj
                0x08000a64                Error_Handler
 .text.NMI_Handler
                0x08000a70        0x8 CMakeFiles/Project.dir/Core/Src/stm32l4xx_it.c.obj
                0x08000a70                NMI_Handler
 .text.HardFault_Handler
                0x08000a78        0x8 CMakeFiles/Project.dir/Core/Src/stm32l4xx_it.c.obj
                0x08000a78                HardFault_Handler
 .text.MemManage_Handler
                0x08000a80        0x8 CMakeFiles/Project.dir/Core/Src/stm32l4xx_it.c.obj
                0x08000a80                MemManage_Handler
 .text.BusFault_Handler
                0x08000a88        0x8 CMakeFiles/Project.dir/Core/Src/stm32l4xx_it.c.obj
                0x08000a88                BusFault_Handler
 .text.UsageFault_Handler
                0x08000a90        0x8 CMakeFiles/Project.dir/Core/Src/stm32l4xx_it.c.obj
                0x08000a90                UsageFault_Handler
 .text.SVC_Handler
                0x08000a98        0xe CMakeFiles/Project.dir/Core/Src/stm32l4xx_it.c.obj
                0x08000a98                SVC_Handler
 .text.DebugMon_Handler
                0x08000aa6        0xe CMakeFiles/Project.dir/Core/Src/stm32l4xx_it.c.obj
                0x08000aa6                DebugMon_Handler
 .text.PendSV_Handler
                0x08000ab4        0xe CMakeFiles/Project.dir/Core/Src/stm32l4xx_it.c.obj
                0x08000ab4                PendSV_Handler
 .text.SysTick_Handler
                0x08000ac2        0xc CMakeFiles/Project.dir/Core/Src/stm32l4xx_it.c.obj
                0x08000ac2                SysTick_Handler
 .text.EXTI9_5_IRQHandler
                0x08000ace       0x1e CMakeFiles/Project.dir/Core/Src/stm32l4xx_it.c.obj
                0x08000ace                EXTI9_5_IRQHandler
 .text.USART2_IRQHandler
                0x08000aec       0x14 CMakeFiles/Project.dir/Core/Src/stm32l4xx_it.c.obj
                0x08000aec                USART2_IRQHandler
 .text.EXTI15_10_IRQHandler
                0x08000b00       0x18 CMakeFiles/Project.dir/Core/Src/stm32l4xx_it.c.obj
                0x08000b00                EXTI15_10_IRQHandler
 .text.HAL_MspInit
                0x08000b18       0x48 CMakeFiles/Project.dir/Core/Src/stm32l4xx_hal_msp.c.obj
                0x08000b18                HAL_MspInit
 .text.HAL_UART_MspInit
                0x08000b60       0xc8 CMakeFiles/Project.dir/Core/Src/stm32l4xx_hal_msp.c.obj
                0x08000b60                HAL_UART_MspInit
 .text.HAL_UART_Init
                0x08000c28       0x9c CMakeFiles/Project.dir/Drivers/STM32L4xx_HAL_Driver/Src/stm32l4xx_hal_uart.c.obj
                0x08000c28                HAL_UART_Init
 .text.HAL_UART_Transmit
                0x08000cc4      0x112 CMakeFiles/Project.dir/Drivers/STM32L4xx_HAL_Driver/Src/stm32l4xx_hal_uart.c.obj
                0x08000cc4                HAL_UART_Transmit
 *fill*         0x08000dd6        0x2 
 .text.HAL_UART_IRQHandler
                0x08000dd8      0x60c CMakeFiles/Project.dir/Drivers/STM32L4xx_HAL_Driver/Src/stm32l4xx_hal_uart.c.obj
                0x08000dd8                HAL_UART_IRQHandler
 .text.HAL_UART_TxCpltCallback
                0x080013e4       0x14 CMakeFiles/Project.dir/Drivers/STM32L4xx_HAL_Driver/Src/stm32l4xx_hal_uart.c.obj
                0x080013e4                HAL_UART_TxCpltCallback
 .text.HAL_UART_ErrorCallback
                0x080013f8       0x14 CMakeFiles/Project.dir/Drivers/STM32L4xx_HAL_Driver/Src/stm32l4xx_hal_uart.c.obj
                0x080013f8                HAL_UART_ErrorCallback
 .text.HAL_UARTEx_RxEventCallback
                0x0800140c       0x18 CMakeFiles/Project.dir/Drivers/STM32L4xx_HAL_Driver/Src/stm32l4xx_hal_uart.c.obj
                0x0800140c                HAL_UARTEx_RxEventCallback
 .text.UART_SetConfig
                0x08001424      0x570 CMakeFiles/Project.dir/Drivers/STM32L4xx_HAL_Driver/Src/stm32l4xx_hal_uart.c.obj
                0x08001424                UART_SetConfig
 .text.UART_AdvFeatureConfig
                0x08001994      0x144 CMakeFiles/Project.dir/Drivers/STM32L4xx_HAL_Driver/Src/stm32l4xx_hal_uart.c.obj
                0x08001994                UART_AdvFeatureConfig
 .text.UART_CheckIdleState
                0x08001ad8      0x150 CMakeFiles/Project.dir/Drivers/STM32L4xx_HAL_Driver/Src/stm32l4xx_hal_uart.c.obj
                0x08001ad8                UART_CheckIdleState
 .text.UART_WaitOnFlagUntilTimeout
                0x08001c28       0xda CMakeFiles/Project.dir/Drivers/STM32L4xx_HAL_Driver/Src/stm32l4xx_hal_uart.c.obj
                0x08001c28                UART_WaitOnFlagUntilTimeout
 .text.UART_EndRxTransfer
                0x08001d02       0xc8 CMakeFiles/Project.dir/Drivers/STM32L4xx_HAL_Driver/Src/stm32l4xx_hal_uart.c.obj
 .text.UART_DMAAbortOnError
                0x08001dca       0x2c CMakeFiles/Project.dir/Drivers/STM32L4xx_HAL_Driver/Src/stm32l4xx_hal_uart.c.obj
 .text.UART_EndTransmit_IT
                0x08001df6       0x54 CMakeFiles/Project.dir/Drivers/STM32L4xx_HAL_Driver/Src/stm32l4xx_hal_uart.c.obj
 .text.HAL_UARTEx_WakeupCallback
                0x08001e4a       0x14 CMakeFiles/Project.dir/Drivers/STM32L4xx_HAL_Driver/Src/stm32l4xx_hal_uart_ex.c.obj
                0x08001e4a                HAL_UARTEx_WakeupCallback
 *fill*         0x08001e5e        0x2 
 .text.HAL_Init
                0x08001e60       0x40 CMakeFiles/Project.dir/Drivers/STM32L4xx_HAL_Driver/Src/stm32l4xx_hal.c.obj
                0x08001e60                HAL_Init
 .text.HAL_InitTick
                0x08001ea0       0x78 CMakeFiles/Project.dir/Drivers/STM32L4xx_HAL_Driver/Src/stm32l4xx_hal.c.obj
                0x08001ea0                HAL_InitTick
 .text.HAL_IncTick
                0x08001f18       0x28 CMakeFiles/Project.dir/Drivers/STM32L4xx_HAL_Driver/Src/stm32l4xx_hal.c.obj
                0x08001f18                HAL_IncTick
 .text.HAL_GetTick
                0x08001f40       0x18 CMakeFiles/Project.dir/Drivers/STM32L4xx_HAL_Driver/Src/stm32l4xx_hal.c.obj
                0x08001f40                HAL_GetTick
 .text.HAL_RCC_OscConfig
                0x08001f58      0x7b8 CMakeFiles/Project.dir/Drivers/STM32L4xx_HAL_Driver/Src/stm32l4xx_hal_rcc.c.obj
                0x08001f58                HAL_RCC_OscConfig
 .text.HAL_RCC_ClockConfig
                0x08002710      0x200 CMakeFiles/Project.dir/Drivers/STM32L4xx_HAL_Driver/Src/stm32l4xx_hal_rcc.c.obj
                0x08002710                HAL_RCC_ClockConfig
 .text.HAL_RCC_GetSysClockFreq
                0x08002910      0x118 CMakeFiles/Project.dir/Drivers/STM32L4xx_HAL_Driver/Src/stm32l4xx_hal_rcc.c.obj
                0x08002910                HAL_RCC_GetSysClockFreq
 .text.HAL_RCC_GetHCLKFreq
                0x08002a28       0x18 CMakeFiles/Project.dir/Drivers/STM32L4xx_HAL_Driver/Src/stm32l4xx_hal_rcc.c.obj
                0x08002a28                HAL_RCC_GetHCLKFreq
 .text.HAL_RCC_GetPCLK1Freq
                0x08002a40       0x2c CMakeFiles/Project.dir/Drivers/STM32L4xx_HAL_Driver/Src/stm32l4xx_hal_rcc.c.obj
                0x08002a40                HAL_RCC_GetPCLK1Freq
 .text.HAL_RCC_GetPCLK2Freq
                0x08002a6c       0x2c CMakeFiles/Project.dir/Drivers/STM32L4xx_HAL_Driver/Src/stm32l4xx_hal_rcc.c.obj
                0x08002a6c                HAL_RCC_GetPCLK2Freq
 .text.RCC_SetFlashLatencyFromMSIRange
                0x08002a98       0xc0 CMakeFiles/Project.dir/Drivers/STM32L4xx_HAL_Driver/Src/stm32l4xx_hal_rcc.c.obj
 .text.HAL_RCCEx_PeriphCLKConfig
                0x08002b58      0x5d4 CMakeFiles/Project.dir/Drivers/STM32L4xx_HAL_Driver/Src/stm32l4xx_hal_rcc_ex.c.obj
                0x08002b58                HAL_RCCEx_PeriphCLKConfig
 .text.RCCEx_PLLSAI1_Config
                0x0800312c      0x1e8 CMakeFiles/Project.dir/Drivers/STM32L4xx_HAL_Driver/Src/stm32l4xx_hal_rcc_ex.c.obj
 .text.RCCEx_PLLSAI2_Config
                0x08003314      0x1bc CMakeFiles/Project.dir/Drivers/STM32L4xx_HAL_Driver/Src/stm32l4xx_hal_rcc_ex.c.obj
 .text.HAL_GPIO_Init
                0x080034d0      0x354 CMakeFiles/Project.dir/Drivers/STM32L4xx_HAL_Driver/Src/stm32l4xx_hal_gpio.c.obj
                0x080034d0                HAL_GPIO_Init
 .text.HAL_GPIO_ReadPin
                0x08003824       0x30 CMakeFiles/Project.dir/Drivers/STM32L4xx_HAL_Driver/Src/stm32l4xx_hal_gpio.c.obj
                0x08003824                HAL_GPIO_ReadPin
 .text.HAL_GPIO_WritePin
                0x08003854       0x30 CMakeFiles/Project.dir/Drivers/STM32L4xx_HAL_Driver/Src/stm32l4xx_hal_gpio.c.obj
                0x08003854                HAL_GPIO_WritePin
 .text.HAL_GPIO_EXTI_IRQHandler
                0x08003884       0x30 CMakeFiles/Project.dir/Drivers/STM32L4xx_HAL_Driver/Src/stm32l4xx_hal_gpio.c.obj
                0x08003884                HAL_GPIO_EXTI_IRQHandler
 .text.HAL_DMA_Abort
                0x080038b4       0x7c CMakeFiles/Project.dir/Drivers/STM32L4xx_HAL_Driver/Src/stm32l4xx_hal_dma.c.obj
                0x080038b4                HAL_DMA_Abort
 .text.HAL_DMA_Abort_IT
                0x08003930       0x82 CMakeFiles/Project.dir/Drivers/STM32L4xx_HAL_Driver/Src/stm32l4xx_hal_dma.c.obj
                0x08003930                HAL_DMA_Abort_IT
 *fill*         0x080039b2        0x2 
 .text.HAL_PWREx_GetVoltageRange
                0x080039b4       0x1c CMakeFiles/Project.dir/Drivers/STM32L4xx_HAL_Driver/Src/stm32l4xx_hal_pwr_ex.c.obj
                0x080039b4                HAL_PWREx_GetVoltageRange
 .text.HAL_PWREx_ControlVoltageScaling
                0x080039d0       0xac CMakeFiles/Project.dir/Drivers/STM32L4xx_HAL_Driver/Src/stm32l4xx_hal_pwr_ex.c.obj
                0x080039d0                HAL_PWREx_ControlVoltageScaling
 .text.__NVIC_SetPriorityGrouping
                0x08003a7c       0x48 CMakeFiles/Project.dir/Drivers/STM32L4xx_HAL_Driver/Src/stm32l4xx_hal_cortex.c.obj
 .text.__NVIC_GetPriorityGrouping
                0x08003ac4       0x1c CMakeFiles/Project.dir/Drivers/STM32L4xx_HAL_Driver/Src/stm32l4xx_hal_cortex.c.obj
 .text.__NVIC_EnableIRQ
                0x08003ae0       0x3c CMakeFiles/Project.dir/Drivers/STM32L4xx_HAL_Driver/Src/stm32l4xx_hal_cortex.c.obj
 .text.__NVIC_SetPriority
                0x08003b1c       0x54 CMakeFiles/Project.dir/Drivers/STM32L4xx_HAL_Driver/Src/stm32l4xx_hal_cortex.c.obj
 .text.NVIC_EncodePriority
                0x08003b70       0x66 CMakeFiles/Project.dir/Drivers/STM32L4xx_HAL_Driver/Src/stm32l4xx_hal_cortex.c.obj
 *fill*         0x08003bd6        0x2 
 .text.SysTick_Config
                0x08003bd8       0x44 CMakeFiles/Project.dir/Drivers/STM32L4xx_HAL_Driver/Src/stm32l4xx_hal_cortex.c.obj
 .text.HAL_NVIC_SetPriorityGrouping
                0x08003c1c       0x16 CMakeFiles/Project.dir/Drivers/STM32L4xx_HAL_Driver/Src/stm32l4xx_hal_cortex.c.obj
                0x08003c1c                HAL_NVIC_SetPriorityGrouping
 .text.HAL_NVIC_SetPriority
                0x08003c32       0x38 CMakeFiles/Project.dir/Drivers/STM32L4xx_HAL_Driver/Src/stm32l4xx_hal_cortex.c.obj
                0x08003c32                HAL_NVIC_SetPriority
 .text.HAL_NVIC_EnableIRQ
                0x08003c6a       0x1c CMakeFiles/Project.dir/Drivers/STM32L4xx_HAL_Driver/Src/stm32l4xx_hal_cortex.c.obj
                0x08003c6a                HAL_NVIC_EnableIRQ
 .text.HAL_SYSTICK_Config
                0x08003c86       0x18 CMakeFiles/Project.dir/Drivers/STM32L4xx_HAL_Driver/Src/stm32l4xx_hal_cortex.c.obj
                0x08003c86                HAL_SYSTICK_Config
 *fill*         0x08003c9e        0x2 
 .text.SystemInit
                0x08003ca0       0x24 CMakeFiles/Project.dir/Core/Src/system_stm32l4xx.c.obj
                0x08003ca0                SystemInit
 .text.Reset_Handler
                0x08003cc4       0x50 CMakeFiles/Project.dir/startup_stm32l476xx.s.obj
                0x08003cc4                Reset_Handler
 .text.Default_Handler
                0x08003d14        0x2 CMakeFiles/Project.dir/startup_stm32l476xx.s.obj
                0x08003d14                RTC_Alarm_IRQHandler
                0x08003d14                EXTI2_IRQHandler
                0x08003d14                TIM8_TRG_COM_IRQHandler
                0x08003d14                TIM8_CC_IRQHandler
                0x08003d14                TIM1_CC_IRQHandler
                0x08003d14                TSC_IRQHandler
                0x08003d14                TAMP_STAMP_IRQHandler
                0x08003d14                EXTI3_IRQHandler
                0x08003d14                LPTIM2_IRQHandler
                0x08003d14                DFSDM1_FLT1_IRQHandler
                0x08003d14                I2C3_ER_IRQHandler
                0x08003d14                DFSDM1_FLT2_IRQHandler
                0x08003d14                EXTI0_IRQHandler
                0x08003d14                I2C2_EV_IRQHandler
                0x08003d14                CAN1_RX0_IRQHandler
                0x08003d14                FPU_IRQHandler
                0x08003d14                TIM1_UP_TIM16_IRQHandler
                0x08003d14                ADC1_2_IRQHandler
                0x08003d14                SPI1_IRQHandler
                0x08003d14                TIM6_DAC_IRQHandler
                0x08003d14                TIM8_UP_IRQHandler
                0x08003d14                DMA2_Channel2_IRQHandler
                0x08003d14                DMA1_Channel4_IRQHandler
                0x08003d14                SAI2_IRQHandler
                0x08003d14                DFSDM1_FLT3_IRQHandler
                0x08003d14                USART3_IRQHandler
                0x08003d14                DMA1_Channel7_IRQHandler
                0x08003d14                CAN1_RX1_IRQHandler
                0x08003d14                LCD_IRQHandler
                0x08003d14                UART5_IRQHandler
                0x08003d14                ADC3_IRQHandler
                0x08003d14                TIM4_IRQHandler
                0x08003d14                DMA2_Channel1_IRQHandler
                0x08003d14                QUADSPI_IRQHandler
                0x08003d14                I2C1_EV_IRQHandler
                0x08003d14                DMA1_Channel6_IRQHandler
                0x08003d14                UART4_IRQHandler
                0x08003d14                DMA2_Channel4_IRQHandler
                0x08003d14                TIM3_IRQHandler
                0x08003d14                RCC_IRQHandler
                0x08003d14                DMA1_Channel1_IRQHandler
                0x08003d14                Default_Handler
                0x08003d14                DMA2_Channel7_IRQHandler
                0x08003d14                TIM7_IRQHandler
                0x08003d14                SDMMC1_IRQHandler
                0x08003d14                TIM5_IRQHandler
                0x08003d14                I2C3_EV_IRQHandler
                0x08003d14                RTC_WKUP_IRQHandler
                0x08003d14                PVD_PVM_IRQHandler
                0x08003d14                SPI2_IRQHandler
                0x08003d14                CAN1_TX_IRQHandler
                0x08003d14                DMA2_Channel5_IRQHandler
                0x08003d14                DMA1_Channel5_IRQHandler
                0x08003d14                EXTI4_IRQHandler
                0x08003d14                RNG_IRQHandler
                0x08003d14                TIM1_TRG_COM_TIM17_IRQHandler
                0x08003d14                DMA1_Channel3_IRQHandler
                0x08003d14                COMP_IRQHandler
                0x08003d14                WWDG_IRQHandler
                0x08003d14                LPUART1_IRQHandler
                0x08003d14                DMA2_Channel6_IRQHandler
                0x08003d14                TIM2_IRQHandler
                0x08003d14                EXTI1_IRQHandler
                0x08003d14                DFSDM1_FLT0_IRQHandler
                0x08003d14                I2C2_ER_IRQHandler
                0x08003d14                DMA1_Channel2_IRQHandler
                0x08003d14                TIM8_BRK_IRQHandler
                0x08003d14                CAN1_SCE_IRQHandler
                0x08003d14                FLASH_IRQHandler
                0x08003d14                USART1_IRQHandler
                0x08003d14                OTG_FS_IRQHandler
                0x08003d14                SPI3_IRQHandler
                0x08003d14                I2C1_ER_IRQHandler
                0x08003d14                FMC_IRQHandler
                0x08003d14                SWPMI1_IRQHandler
                0x08003d14                LPTIM1_IRQHandler
                0x08003d14                SAI1_IRQHandler
                0x08003d14                DMA2_Channel3_IRQHandler
                0x08003d14                TIM1_BRK_TIM15_IRQHandler
 *(.glue_7)
 .glue_7        0x08003d16        0x0 linker stubs
 *(.glue_7t)
 .glue_7t       0x08003d16        0x0 linker stubs
 *(.eh_frame)
 *fill*         0x08003d16        0x2 
 .eh_frame      0x08003d18        0x0 C:/Users/germmeja/Downloads/STM32CubeCLT_1.16.0/GNU-tools-for-STM32/bin/../lib/gcc/arm-none-eabi/12.3.1/thumb/v7e-m+fp/hard/crtbegin.o
 *(.init)
 .init          0x08003d18        0x4 C:/Users/germmeja/Downloads/STM32CubeCLT_1.16.0/GNU-tools-for-STM32/bin/../lib/gcc/arm-none-eabi/12.3.1/thumb/v7e-m+fp/hard/crti.o
                0x08003d18                _init
 .init          0x08003d1c        0x8 C:/Users/germmeja/Downloads/STM32CubeCLT_1.16.0/GNU-tools-for-STM32/bin/../lib/gcc/arm-none-eabi/12.3.1/thumb/v7e-m+fp/hard/crtn.o
 *(.fini)
 .fini          0x08003d24        0x4 C:/Users/germmeja/Downloads/STM32CubeCLT_1.16.0/GNU-tools-for-STM32/bin/../lib/gcc/arm-none-eabi/12.3.1/thumb/v7e-m+fp/hard/crti.o
                0x08003d24                _fini
 .fini          0x08003d28        0x8 C:/Users/germmeja/Downloads/STM32CubeCLT_1.16.0/GNU-tools-for-STM32/bin/../lib/gcc/arm-none-eabi/12.3.1/thumb/v7e-m+fp/hard/crtn.o
                0x08003d30                        . = ALIGN (0x8)
                0x08003d30                        _etext = .

.vfp11_veneer   0x08003d30        0x0
 .vfp11_veneer  0x08003d30        0x0 linker stubs

.v4_bx          0x08003d30        0x0
 .v4_bx         0x08003d30        0x0 linker stubs

.iplt           0x08003d30        0x0
 .iplt          0x08003d30        0x0 C:/Users/germmeja/Downloads/STM32CubeCLT_1.16.0/GNU-tools-for-STM32/bin/../lib/gcc/arm-none-eabi/12.3.1/thumb/v7e-m+fp/hard/crtbegin.o

.rodata         0x08003d30       0x68
                0x08003d30                        . = ALIGN (0x8)
 *(.rodata)
 .rodata        0x08003d30        0xd CMakeFiles/Project.dir/Core/Src/main.c.obj
 *(.rodata*)
 *fill*         0x08003d3d        0x3 
 .rodata.keypad_map
                0x08003d40       0x10 CMakeFiles/Project.dir/Drivers/keypad/keypad.c.obj
                0x08003d40                keypad_map
 .rodata.AHBPrescTable
                0x08003d50       0x10 CMakeFiles/Project.dir/Core/Src/system_stm32l4xx.c.obj
                0x08003d50                AHBPrescTable
 .rodata.APBPrescTable
                0x08003d60        0x8 CMakeFiles/Project.dir/Core/Src/system_stm32l4xx.c.obj
                0x08003d60                APBPrescTable
 .rodata.MSIRangeTable
                0x08003d68       0x30 CMakeFiles/Project.dir/Core/Src/system_stm32l4xx.c.obj
                0x08003d68                MSIRangeTable
                0x08003d98                        . = ALIGN (0x8)

.ARM.extab      0x08003d98        0x0
                0x08003d98                        . = ALIGN (0x8)
 *(.ARM.extab* .gnu.linkonce.armextab.*)
                0x08003d98                        . = ALIGN (0x8)

.ARM            0x08003d98        0x8
                0x08003d98                        . = ALIGN (0x8)
                0x08003d98                        __exidx_start = .
 *(.ARM.exidx*)
 .ARM.exidx     0x08003d98        0x8 C:/Users/germmeja/Downloads/STM32CubeCLT_1.16.0/GNU-tools-for-STM32/bin/../lib/gcc/arm-none-eabi/12.3.1/thumb/v7e-m+fp/hard\libgcc.a(_udivmoddi4.o)
                0x08003da0                        __exidx_end = .
                0x08003da0                        . = ALIGN (0x8)

.rel.dyn        0x08003da0        0x0
 .rel.iplt      0x08003da0        0x0 C:/Users/germmeja/Downloads/STM32CubeCLT_1.16.0/GNU-tools-for-STM32/bin/../lib/gcc/arm-none-eabi/12.3.1/thumb/v7e-m+fp/hard/crtbegin.o

.preinit_array  0x08003da0        0x0
                0x08003da0                        . = ALIGN (0x8)
                0x08003da0                        PROVIDE (__preinit_array_start = .)
 *(.preinit_array*)
                0x08003da0                        PROVIDE (__preinit_array_end = .)
                0x08003da0                        . = ALIGN (0x8)

.init_array     0x08003da0        0x8
                0x08003da0                        . = ALIGN (0x8)
                0x08003da0                        PROVIDE (__init_array_start = .)
 *(SORT_BY_NAME(.init_array.*))
 *(.init_array*)
 .init_array    0x08003da0        0x4 C:/Users/germmeja/Downloads/STM32CubeCLT_1.16.0/GNU-tools-for-STM32/bin/../lib/gcc/arm-none-eabi/12.3.1/thumb/v7e-m+fp/hard/crtbegin.o
                0x08003da4                        PROVIDE (__init_array_end = .)
                0x08003da8                        . = ALIGN (0x8)
 *fill*         0x08003da4        0x4 

.fini_array     0x08003da8        0x8
                0x08003da8                        . = ALIGN (0x8)
                [!provide]                        PROVIDE (__fini_array_start = .)
 *(SORT_BY_NAME(.fini_array.*))
 *(.fini_array*)
 .fini_array    0x08003da8        0x4 C:/Users/germmeja/Downloads/STM32CubeCLT_1.16.0/GNU-tools-for-STM32/bin/../lib/gcc/arm-none-eabi/12.3.1/thumb/v7e-m+fp/hard/crtbegin.o
                [!provide]                        PROVIDE (__fini_array_end = .)
                0x08003db0                        . = ALIGN (0x8)
 *fill*         0x08003dac        0x4 
                0x08003db0                        _sidata = LOADADDR (.data)

.data           0x20000000       0x10 load address 0x08003db0
                0x20000000                        . = ALIGN (0x8)
                0x20000000                        _sdata = .
 *(.data)
 *(.data*)
 .data.uwTickPrio
                0x20000000        0x4 CMakeFiles/Project.dir/Drivers/STM32L4xx_HAL_Driver/Src/stm32l4xx_hal.c.obj
                0x20000000                uwTickPrio
 .data.uwTickFreq
                0x20000004        0x1 CMakeFiles/Project.dir/Drivers/STM32L4xx_HAL_Driver/Src/stm32l4xx_hal.c.obj
                0x20000004                uwTickFreq
 *fill*         0x20000005        0x3 
 .data.SystemCoreClock
                0x20000008        0x4 CMakeFiles/Project.dir/Core/Src/system_stm32l4xx.c.obj
                0x20000008                SystemCoreClock
                0x20000010                        . = ALIGN (0x8)
 *fill*         0x2000000c        0x4 
                0x20000010                        _edata = .

.igot.plt       0x20000010        0x0 load address 0x08003dc0
 .igot.plt      0x20000010        0x0 C:/Users/germmeja/Downloads/STM32CubeCLT_1.16.0/GNU-tools-for-STM32/bin/../lib/gcc/arm-none-eabi/12.3.1/thumb/v7e-m+fp/hard/crtbegin.o
                0x20000010                        . = ALIGN (0x4)

.bss            0x20000010       0xb4 load address 0x08003dc0
                0x20000010                        _sbss = .
                0x20000010                        __bss_start__ = _sbss
 *(.bss)
 .bss           0x20000010       0x1c C:/Users/germmeja/Downloads/STM32CubeCLT_1.16.0/GNU-tools-for-STM32/bin/../lib/gcc/arm-none-eabi/12.3.1/thumb/v7e-m+fp/hard/crtbegin.o
 *(.bss*)
 .bss.huart2    0x2000002c       0x88 CMakeFiles/Project.dir/Core/Src/main.c.obj
                0x2000002c                huart2
 .bss.key_pressed_tick
                0x200000b4        0x4 CMakeFiles/Project.dir/Core/Src/main.c.obj
                0x200000b4                key_pressed_tick
 .bss.column_pressed
                0x200000b8        0x2 CMakeFiles/Project.dir/Core/Src/main.c.obj
                0x200000b8                column_pressed
 *fill*         0x200000ba        0x2 
 .bss.debounce_tick
                0x200000bc        0x4 CMakeFiles/Project.dir/Core/Src/main.c.obj
                0x200000bc                debounce_tick
 .bss.uwTick    0x200000c0        0x4 CMakeFiles/Project.dir/Drivers/STM32L4xx_HAL_Driver/Src/stm32l4xx_hal.c.obj
                0x200000c0                uwTick
 *(COMMON)
                0x200000c4                        . = ALIGN (0x4)
                0x200000c4                        _ebss = .
                0x200000c4                        __bss_end__ = _ebss

._user_heap_stack
                0x200000c4      0x604 load address 0x08003dc0
                0x200000c8                        . = ALIGN (0x8)
 *fill*         0x200000c4        0x4 
                [!provide]                        PROVIDE (end = .)
                0x200000c8                        PROVIDE (_end = .)
                0x200002c8                        . = (. + _Min_Heap_Size)
 *fill*         0x200000c8      0x200 
                0x200006c8                        . = (. + _Min_Stack_Size)
 *fill*         0x200002c8      0x400 
                0x200006c8                        . = ALIGN (0x8)

/DISCARD/
 libc.a(*)
 libm.a(*)
 libgcc.a(*)
OUTPUT(Project.elf elf32-littlearm)
LOAD linker stubs
LOAD C:/Users/germmeja/Downloads/STM32CubeCLT_1.16.0/GNU-tools-for-STM32/bin/../lib/gcc/arm-none-eabi/12.3.1/../../../../arm-none-eabi/lib/thumb/v7e-m+fp/hard\libc.a
LOAD C:/Users/germmeja/Downloads/STM32CubeCLT_1.16.0/GNU-tools-for-STM32/bin/../lib/gcc/arm-none-eabi/12.3.1/../../../../arm-none-eabi/lib/thumb/v7e-m+fp/hard\libm.a
LOAD C:/Users/germmeja/Downloads/STM32CubeCLT_1.16.0/GNU-tools-for-STM32/bin/../lib/gcc/arm-none-eabi/12.3.1/thumb/v7e-m+fp/hard\libgcc.a

.ARM.attributes
                0x00000000       0x30
 .ARM.attributes
                0x00000000       0x22 C:/Users/germmeja/Downloads/STM32CubeCLT_1.16.0/GNU-tools-for-STM32/bin/../lib/gcc/arm-none-eabi/12.3.1/thumb/v7e-m+fp/hard/crti.o
 .ARM.attributes
                0x00000022       0x34 C:/Users/germmeja/Downloads/STM32CubeCLT_1.16.0/GNU-tools-for-STM32/bin/../lib/gcc/arm-none-eabi/12.3.1/thumb/v7e-m+fp/hard/crtbegin.o
 .ARM.attributes
                0x00000056       0x34 C:/Users/germmeja/Downloads/STM32CubeCLT_1.16.0/GNU-tools-for-STM32/bin/../lib/gcc/arm-none-eabi/12.3.1/../../../../arm-none-eabi/lib/thumb/v7e-m+fp/hard\libc_nano.a(libc_a-memset.o)
 .ARM.attributes
                0x0000008a       0x34 C:/Users/germmeja/Downloads/STM32CubeCLT_1.16.0/GNU-tools-for-STM32/bin/../lib/gcc/arm-none-eabi/12.3.1/../../../../arm-none-eabi/lib/thumb/v7e-m+fp/hard\libc_nano.a(libc_a-init.o)
 .ARM.attributes
                0x000000be       0x34 CMakeFiles/Project.dir/Drivers/keypad/keypad.c.obj
 .ARM.attributes
                0x000000f2       0x34 CMakeFiles/Project.dir/Core/Src/main.c.obj
 .ARM.attributes
                0x00000126       0x34 CMakeFiles/Project.dir/Core/Src/stm32l4xx_it.c.obj
 .ARM.attributes
                0x0000015a       0x34 CMakeFiles/Project.dir/Core/Src/stm32l4xx_hal_msp.c.obj
 .ARM.attributes
                0x0000018e       0x34 CMakeFiles/Project.dir/Drivers/STM32L4xx_HAL_Driver/Src/stm32l4xx_hal_uart.c.obj
 .ARM.attributes
                0x000001c2       0x34 CMakeFiles/Project.dir/Drivers/STM32L4xx_HAL_Driver/Src/stm32l4xx_hal_uart_ex.c.obj
 .ARM.attributes
                0x000001f6       0x34 CMakeFiles/Project.dir/Drivers/STM32L4xx_HAL_Driver/Src/stm32l4xx_hal.c.obj
 .ARM.attributes
                0x0000022a       0x34 CMakeFiles/Project.dir/Drivers/STM32L4xx_HAL_Driver/Src/stm32l4xx_hal_rcc.c.obj
 .ARM.attributes
                0x0000025e       0x34 CMakeFiles/Project.dir/Drivers/STM32L4xx_HAL_Driver/Src/stm32l4xx_hal_rcc_ex.c.obj
 .ARM.attributes
                0x00000292       0x34 CMakeFiles/Project.dir/Drivers/STM32L4xx_HAL_Driver/Src/stm32l4xx_hal_gpio.c.obj
 .ARM.attributes
                0x000002c6       0x34 CMakeFiles/Project.dir/Drivers/STM32L4xx_HAL_Driver/Src/stm32l4xx_hal_dma.c.obj
 .ARM.attributes
                0x000002fa       0x34 CMakeFiles/Project.dir/Drivers/STM32L4xx_HAL_Driver/Src/stm32l4xx_hal_pwr_ex.c.obj
 .ARM.attributes
                0x0000032e       0x34 CMakeFiles/Project.dir/Drivers/STM32L4xx_HAL_Driver/Src/stm32l4xx_hal_cortex.c.obj
 .ARM.attributes
                0x00000362       0x34 CMakeFiles/Project.dir/Core/Src/system_stm32l4xx.c.obj
 .ARM.attributes
                0x00000396       0x21 CMakeFiles/Project.dir/startup_stm32l476xx.s.obj
 .ARM.attributes
                0x000003b7       0x22 C:/Users/germmeja/Downloads/STM32CubeCLT_1.16.0/GNU-tools-for-STM32/bin/../lib/gcc/arm-none-eabi/12.3.1/thumb/v7e-m+fp/hard\libgcc.a(_aeabi_uldivmod.o)
 .ARM.attributes
                0x000003d9       0x34 C:/Users/germmeja/Downloads/STM32CubeCLT_1.16.0/GNU-tools-for-STM32/bin/../lib/gcc/arm-none-eabi/12.3.1/thumb/v7e-m+fp/hard\libgcc.a(_udivmoddi4.o)
 .ARM.attributes
                0x0000040d       0x22 C:/Users/germmeja/Downloads/STM32CubeCLT_1.16.0/GNU-tools-for-STM32/bin/../lib/gcc/arm-none-eabi/12.3.1/thumb/v7e-m+fp/hard\libgcc.a(_dvmd_tls.o)
 .ARM.attributes
                0x0000042f       0x22 C:/Users/germmeja/Downloads/STM32CubeCLT_1.16.0/GNU-tools-for-STM32/bin/../lib/gcc/arm-none-eabi/12.3.1/thumb/v7e-m+fp/hard/crtn.o

.comment        0x00000000       0x43
 .comment       0x00000000       0x43 CMakeFiles/Project.dir/Drivers/keypad/keypad.c.obj
                                 0x44 (size before relaxing)
 .comment       0x00000043       0x44 CMakeFiles/Project.dir/Core/Src/main.c.obj
 .comment       0x00000043       0x44 CMakeFiles/Project.dir/Core/Src/stm32l4xx_it.c.obj
 .comment       0x00000043       0x44 CMakeFiles/Project.dir/Core/Src/stm32l4xx_hal_msp.c.obj
 .comment       0x00000043       0x44 CMakeFiles/Project.dir/Drivers/STM32L4xx_HAL_Driver/Src/stm32l4xx_hal_uart.c.obj
 .comment       0x00000043       0x44 CMakeFiles/Project.dir/Drivers/STM32L4xx_HAL_Driver/Src/stm32l4xx_hal_uart_ex.c.obj
 .comment       0x00000043       0x44 CMakeFiles/Project.dir/Drivers/STM32L4xx_HAL_Driver/Src/stm32l4xx_hal.c.obj
 .comment       0x00000043       0x44 CMakeFiles/Project.dir/Drivers/STM32L4xx_HAL_Driver/Src/stm32l4xx_hal_rcc.c.obj
 .comment       0x00000043       0x44 CMakeFiles/Project.dir/Drivers/STM32L4xx_HAL_Driver/Src/stm32l4xx_hal_rcc_ex.c.obj
 .comment       0x00000043       0x44 CMakeFiles/Project.dir/Drivers/STM32L4xx_HAL_Driver/Src/stm32l4xx_hal_gpio.c.obj
 .comment       0x00000043       0x44 CMakeFiles/Project.dir/Drivers/STM32L4xx_HAL_Driver/Src/stm32l4xx_hal_dma.c.obj
 .comment       0x00000043       0x44 CMakeFiles/Project.dir/Drivers/STM32L4xx_HAL_Driver/Src/stm32l4xx_hal_pwr_ex.c.obj
 .comment       0x00000043       0x44 CMakeFiles/Project.dir/Drivers/STM32L4xx_HAL_Driver/Src/stm32l4xx_hal_cortex.c.obj
 .comment       0x00000043       0x44 CMakeFiles/Project.dir/Core/Src/system_stm32l4xx.c.obj

.debug_frame    0x00000000     0x278c
 .debug_frame   0x00000000       0x20 C:/Users/germmeja/Downloads/STM32CubeCLT_1.16.0/GNU-tools-for-STM32/bin/../lib/gcc/arm-none-eabi/12.3.1/../../../../arm-none-eabi/lib/thumb/v7e-m+fp/hard\libc_nano.a(libc_a-memset.o)
 .debug_frame   0x00000020       0x2c C:/Users/germmeja/Downloads/STM32CubeCLT_1.16.0/GNU-tools-for-STM32/bin/../lib/gcc/arm-none-eabi/12.3.1/../../../../arm-none-eabi/lib/thumb/v7e-m+fp/hard\libc_nano.a(libc_a-init.o)
 .debug_frame   0x0000004c       0x74 CMakeFiles/Project.dir/Drivers/keypad/keypad.c.obj
 .debug_frame   0x000000c0       0xd4 CMakeFiles/Project.dir/Core/Src/main.c.obj
 .debug_frame   0x00000194      0x158 CMakeFiles/Project.dir/Core/Src/stm32l4xx_it.c.obj
 .debug_frame   0x000002ec       0x84 CMakeFiles/Project.dir/Core/Src/stm32l4xx_hal_msp.c.obj
 .debug_frame   0x00000370      0x9f4 CMakeFiles/Project.dir/Drivers/STM32L4xx_HAL_Driver/Src/stm32l4xx_hal_uart.c.obj
 .debug_frame   0x00000d64      0x204 CMakeFiles/Project.dir/Drivers/STM32L4xx_HAL_Driver/Src/stm32l4xx_hal_uart_ex.c.obj
 .debug_frame   0x00000f68      0x498 CMakeFiles/Project.dir/Drivers/STM32L4xx_HAL_Driver/Src/stm32l4xx_hal.c.obj
 .debug_frame   0x00001400      0x21c CMakeFiles/Project.dir/Drivers/STM32L4xx_HAL_Driver/Src/stm32l4xx_hal_rcc.c.obj
 .debug_frame   0x0000161c      0x2fc CMakeFiles/Project.dir/Drivers/STM32L4xx_HAL_Driver/Src/stm32l4xx_hal_rcc_ex.c.obj
 .debug_frame   0x00001918      0x14c CMakeFiles/Project.dir/Drivers/STM32L4xx_HAL_Driver/Src/stm32l4xx_hal_gpio.c.obj
 .debug_frame   0x00001a64      0x204 CMakeFiles/Project.dir/Drivers/STM32L4xx_HAL_Driver/Src/stm32l4xx_hal_dma.c.obj
 .debug_frame   0x00001c68      0x584 CMakeFiles/Project.dir/Drivers/STM32L4xx_HAL_Driver/Src/stm32l4xx_hal_pwr_ex.c.obj
 .debug_frame   0x000021ec      0x4e8 CMakeFiles/Project.dir/Drivers/STM32L4xx_HAL_Driver/Src/stm32l4xx_hal_cortex.c.obj
 .debug_frame   0x000026d4       0x58 CMakeFiles/Project.dir/Core/Src/system_stm32l4xx.c.obj
 .debug_frame   0x0000272c       0x2c C:/Users/germmeja/Downloads/STM32CubeCLT_1.16.0/GNU-tools-for-STM32/bin/../lib/gcc/arm-none-eabi/12.3.1/thumb/v7e-m+fp/hard\libgcc.a(_aeabi_uldivmod.o)
 .debug_frame   0x00002758       0x34 C:/Users/germmeja/Downloads/STM32CubeCLT_1.16.0/GNU-tools-for-STM32/bin/../lib/gcc/arm-none-eabi/12.3.1/thumb/v7e-m+fp/hard\libgcc.a(_udivmoddi4.o)

.debug_info     0x00000000     0xc548
 .debug_info    0x00000000      0x300 CMakeFiles/Project.dir/Drivers/keypad/keypad.c.obj
 .debug_info    0x00000300     0x1067 CMakeFiles/Project.dir/Core/Src/main.c.obj
 .debug_info    0x00001367      0x760 CMakeFiles/Project.dir/Core/Src/stm32l4xx_it.c.obj
 .debug_info    0x00001ac7      0xfa0 CMakeFiles/Project.dir/Core/Src/stm32l4xx_hal_msp.c.obj
 .debug_info    0x00002a67     0x3b69 CMakeFiles/Project.dir/Drivers/STM32L4xx_HAL_Driver/Src/stm32l4xx_hal_uart.c.obj
 .debug_info    0x000065d0      0xdff CMakeFiles/Project.dir/Drivers/STM32L4xx_HAL_Driver/Src/stm32l4xx_hal_uart_ex.c.obj
 .debug_info    0x000073cf      0xc09 CMakeFiles/Project.dir/Drivers/STM32L4xx_HAL_Driver/Src/stm32l4xx_hal.c.obj
 .debug_info    0x00007fd8      0xc14 CMakeFiles/Project.dir/Drivers/STM32L4xx_HAL_Driver/Src/stm32l4xx_hal_rcc.c.obj
 .debug_info    0x00008bec      0xe11 CMakeFiles/Project.dir/Drivers/STM32L4xx_HAL_Driver/Src/stm32l4xx_hal_rcc_ex.c.obj
 .debug_info    0x000099fd      0x757 CMakeFiles/Project.dir/Drivers/STM32L4xx_HAL_Driver/Src/stm32l4xx_hal_gpio.c.obj
 .debug_info    0x0000a154      0x6f4 CMakeFiles/Project.dir/Drivers/STM32L4xx_HAL_Driver/Src/stm32l4xx_hal_dma.c.obj
 .debug_info    0x0000a848      0x99e CMakeFiles/Project.dir/Drivers/STM32L4xx_HAL_Driver/Src/stm32l4xx_hal_pwr_ex.c.obj
 .debug_info    0x0000b1e6      0xd81 CMakeFiles/Project.dir/Drivers/STM32L4xx_HAL_Driver/Src/stm32l4xx_hal_cortex.c.obj
 .debug_info    0x0000bf67      0x5b1 CMakeFiles/Project.dir/Core/Src/system_stm32l4xx.c.obj
 .debug_info    0x0000c518       0x30 CMakeFiles/Project.dir/startup_stm32l476xx.s.obj

.debug_abbrev   0x00000000     0x1ebd
 .debug_abbrev  0x00000000      0x193 CMakeFiles/Project.dir/Drivers/keypad/keypad.c.obj
 .debug_abbrev  0x00000193      0x29c CMakeFiles/Project.dir/Core/Src/main.c.obj
 .debug_abbrev  0x0000042f      0x172 CMakeFiles/Project.dir/Core/Src/stm32l4xx_it.c.obj
 .debug_abbrev  0x000005a1      0x1d8 CMakeFiles/Project.dir/Core/Src/stm32l4xx_hal_msp.c.obj
 .debug_abbrev  0x00000779      0x2d0 CMakeFiles/Project.dir/Drivers/STM32L4xx_HAL_Driver/Src/stm32l4xx_hal_uart.c.obj
 .debug_abbrev  0x00000a49      0x2be CMakeFiles/Project.dir/Drivers/STM32L4xx_HAL_Driver/Src/stm32l4xx_hal_uart_ex.c.obj
 .debug_abbrev  0x00000d07      0x243 CMakeFiles/Project.dir/Drivers/STM32L4xx_HAL_Driver/Src/stm32l4xx_hal.c.obj
 .debug_abbrev  0x00000f4a      0x2cb CMakeFiles/Project.dir/Drivers/STM32L4xx_HAL_Driver/Src/stm32l4xx_hal_rcc.c.obj
 .debug_abbrev  0x00001215      0x2a6 CMakeFiles/Project.dir/Drivers/STM32L4xx_HAL_Driver/Src/stm32l4xx_hal_rcc_ex.c.obj
 .debug_abbrev  0x000014bb      0x1cb CMakeFiles/Project.dir/Drivers/STM32L4xx_HAL_Driver/Src/stm32l4xx_hal_gpio.c.obj
 .debug_abbrev  0x00001686      0x1e4 CMakeFiles/Project.dir/Drivers/STM32L4xx_HAL_Driver/Src/stm32l4xx_hal_dma.c.obj
 .debug_abbrev  0x0000186a      0x1f9 CMakeFiles/Project.dir/Drivers/STM32L4xx_HAL_Driver/Src/stm32l4xx_hal_pwr_ex.c.obj
 .debug_abbrev  0x00001a63      0x31c CMakeFiles/Project.dir/Drivers/STM32L4xx_HAL_Driver/Src/stm32l4xx_hal_cortex.c.obj
 .debug_abbrev  0x00001d7f      0x11a CMakeFiles/Project.dir/Core/Src/system_stm32l4xx.c.obj
 .debug_abbrev  0x00001e99       0x24 CMakeFiles/Project.dir/startup_stm32l476xx.s.obj

.debug_aranges  0x00000000      0x9f8
 .debug_aranges
                0x00000000       0x30 CMakeFiles/Project.dir/Drivers/keypad/keypad.c.obj
 .debug_aranges
                0x00000030       0x48 CMakeFiles/Project.dir/Core/Src/main.c.obj
 .debug_aranges
                0x00000078       0x78 CMakeFiles/Project.dir/Core/Src/stm32l4xx_it.c.obj
 .debug_aranges
                0x000000f0       0x30 CMakeFiles/Project.dir/Core/Src/stm32l4xx_hal_msp.c.obj
 .debug_aranges
                0x00000120      0x228 CMakeFiles/Project.dir/Drivers/STM32L4xx_HAL_Driver/Src/stm32l4xx_hal_uart.c.obj
 .debug_aranges
                0x00000348       0x80 CMakeFiles/Project.dir/Drivers/STM32L4xx_HAL_Driver/Src/stm32l4xx_hal_uart_ex.c.obj
 .debug_aranges
                0x000003c8      0x130 CMakeFiles/Project.dir/Drivers/STM32L4xx_HAL_Driver/Src/stm32l4xx_hal.c.obj
 .debug_aranges
                0x000004f8       0x90 CMakeFiles/Project.dir/Drivers/STM32L4xx_HAL_Driver/Src/stm32l4xx_hal_rcc.c.obj
 .debug_aranges
                0x00000588       0xc0 CMakeFiles/Project.dir/Drivers/STM32L4xx_HAL_Driver/Src/stm32l4xx_hal_rcc_ex.c.obj
 .debug_aranges
                0x00000648       0x58 CMakeFiles/Project.dir/Drivers/STM32L4xx_HAL_Driver/Src/stm32l4xx_hal_gpio.c.obj
 .debug_aranges
                0x000006a0       0x80 CMakeFiles/Project.dir/Drivers/STM32L4xx_HAL_Driver/Src/stm32l4xx_hal_dma.c.obj
 .debug_aranges
                0x00000720      0x160 CMakeFiles/Project.dir/Drivers/STM32L4xx_HAL_Driver/Src/stm32l4xx_hal_pwr_ex.c.obj
 .debug_aranges
                0x00000880      0x128 CMakeFiles/Project.dir/Drivers/STM32L4xx_HAL_Driver/Src/stm32l4xx_hal_cortex.c.obj
 .debug_aranges
                0x000009a8       0x28 CMakeFiles/Project.dir/Core/Src/system_stm32l4xx.c.obj
 .debug_aranges
                0x000009d0       0x28 CMakeFiles/Project.dir/startup_stm32l476xx.s.obj

.debug_rnglists
                0x00000000      0x79e
 .debug_rnglists
                0x00000000       0x21 CMakeFiles/Project.dir/Drivers/keypad/keypad.c.obj
 .debug_rnglists
                0x00000021       0x33 CMakeFiles/Project.dir/Core/Src/main.c.obj
 .debug_rnglists
                0x00000054       0x55 CMakeFiles/Project.dir/Core/Src/stm32l4xx_it.c.obj
 .debug_rnglists
                0x000000a9       0x20 CMakeFiles/Project.dir/Core/Src/stm32l4xx_hal_msp.c.obj
 .debug_rnglists
                0x000000c9      0x1db CMakeFiles/Project.dir/Drivers/STM32L4xx_HAL_Driver/Src/stm32l4xx_hal_uart.c.obj
 .debug_rnglists
                0x000002a4       0x60 CMakeFiles/Project.dir/Drivers/STM32L4xx_HAL_Driver/Src/stm32l4xx_hal_uart_ex.c.obj
 .debug_rnglists
                0x00000304       0xdf CMakeFiles/Project.dir/Drivers/STM32L4xx_HAL_Driver/Src/stm32l4xx_hal.c.obj
 .debug_rnglists
                0x000003e3       0x6d CMakeFiles/Project.dir/Drivers/STM32L4xx_HAL_Driver/Src/stm32l4xx_hal_rcc.c.obj
 .debug_rnglists
                0x00000450       0x95 CMakeFiles/Project.dir/Drivers/STM32L4xx_HAL_Driver/Src/stm32l4xx_hal_rcc_ex.c.obj
 .debug_rnglists
                0x000004e5       0x3f CMakeFiles/Project.dir/Drivers/STM32L4xx_HAL_Driver/Src/stm32l4xx_hal_gpio.c.obj
 .debug_rnglists
                0x00000524       0x64 CMakeFiles/Project.dir/Drivers/STM32L4xx_HAL_Driver/Src/stm32l4xx_hal_dma.c.obj
 .debug_rnglists
                0x00000588      0x109 CMakeFiles/Project.dir/Drivers/STM32L4xx_HAL_Driver/Src/stm32l4xx_hal_pwr_ex.c.obj
 .debug_rnglists
                0x00000691       0xda CMakeFiles/Project.dir/Drivers/STM32L4xx_HAL_Driver/Src/stm32l4xx_hal_cortex.c.obj
 .debug_rnglists
                0x0000076b       0x1a CMakeFiles/Project.dir/Core/Src/system_stm32l4xx.c.obj
 .debug_rnglists
                0x00000785       0x19 CMakeFiles/Project.dir/startup_stm32l476xx.s.obj

.debug_macro    0x00000000    0x251e6
 .debug_macro   0x00000000      0x1c5 CMakeFiles/Project.dir/Drivers/keypad/keypad.c.obj
 .debug_macro   0x000001c5      0xab4 CMakeFiles/Project.dir/Drivers/keypad/keypad.c.obj
 .debug_macro   0x00000c79       0x22 CMakeFiles/Project.dir/Drivers/keypad/keypad.c.obj
 .debug_macro   0x00000c9b       0x8e CMakeFiles/Project.dir/Drivers/keypad/keypad.c.obj
 .debug_macro   0x00000d29       0x51 CMakeFiles/Project.dir/Drivers/keypad/keypad.c.obj
 .debug_macro   0x00000d7a      0x103 CMakeFiles/Project.dir/Drivers/keypad/keypad.c.obj
 .debug_macro   0x00000e7d       0x6a CMakeFiles/Project.dir/Drivers/keypad/keypad.c.obj
 .debug_macro   0x00000ee7      0x1df CMakeFiles/Project.dir/Drivers/keypad/keypad.c.obj
 .debug_macro   0x000010c6      0x1a1 CMakeFiles/Project.dir/Drivers/keypad/keypad.c.obj
 .debug_macro   0x00001267       0x2e CMakeFiles/Project.dir/Drivers/keypad/keypad.c.obj
 .debug_macro   0x00001295       0x28 CMakeFiles/Project.dir/Drivers/keypad/keypad.c.obj
 .debug_macro   0x000012bd       0x1c CMakeFiles/Project.dir/Drivers/keypad/keypad.c.obj
 .debug_macro   0x000012d9       0x22 CMakeFiles/Project.dir/Drivers/keypad/keypad.c.obj
 .debug_macro   0x000012fb       0xfb CMakeFiles/Project.dir/Drivers/keypad/keypad.c.obj
 .debug_macro   0x000013f6     0x1011 CMakeFiles/Project.dir/Drivers/keypad/keypad.c.obj
 .debug_macro   0x00002407      0x11f CMakeFiles/Project.dir/Drivers/keypad/keypad.c.obj
 .debug_macro   0x00002526    0x1a17a CMakeFiles/Project.dir/Drivers/keypad/keypad.c.obj
 .debug_macro   0x0001c6a0       0x6d CMakeFiles/Project.dir/Drivers/keypad/keypad.c.obj
 .debug_macro   0x0001c70d     0x38fb CMakeFiles/Project.dir/Drivers/keypad/keypad.c.obj
 .debug_macro   0x00020008      0x189 CMakeFiles/Project.dir/Drivers/keypad/keypad.c.obj
 .debug_macro   0x00020191       0x5c CMakeFiles/Project.dir/Drivers/keypad/keypad.c.obj
 .debug_macro   0x000201ed     0x159e CMakeFiles/Project.dir/Drivers/keypad/keypad.c.obj
 .debug_macro   0x0002178b      0x5a5 CMakeFiles/Project.dir/Drivers/keypad/keypad.c.obj
 .debug_macro   0x00021d30      0x1b9 CMakeFiles/Project.dir/Drivers/keypad/keypad.c.obj
 .debug_macro   0x00021ee9      0x18b CMakeFiles/Project.dir/Drivers/keypad/keypad.c.obj
 .debug_macro   0x00022074      0x26b CMakeFiles/Project.dir/Drivers/keypad/keypad.c.obj
 .debug_macro   0x000222df      0x23d CMakeFiles/Project.dir/Drivers/keypad/keypad.c.obj
 .debug_macro   0x0002251c      0x241 CMakeFiles/Project.dir/Drivers/keypad/keypad.c.obj
 .debug_macro   0x0002275d      0x37c CMakeFiles/Project.dir/Drivers/keypad/keypad.c.obj
 .debug_macro   0x00022ad9       0xd6 CMakeFiles/Project.dir/Drivers/keypad/keypad.c.obj
 .debug_macro   0x00022baf      0x122 CMakeFiles/Project.dir/Drivers/keypad/keypad.c.obj
 .debug_macro   0x00022cd1      0x3ef CMakeFiles/Project.dir/Drivers/keypad/keypad.c.obj
 .debug_macro   0x000230c0      0x5cf CMakeFiles/Project.dir/Drivers/keypad/keypad.c.obj
 .debug_macro   0x0002368f       0x44 CMakeFiles/Project.dir/Drivers/keypad/keypad.c.obj
 .debug_macro   0x000236d3      0x330 CMakeFiles/Project.dir/Drivers/keypad/keypad.c.obj
 .debug_macro   0x00023a03       0xca CMakeFiles/Project.dir/Drivers/keypad/keypad.c.obj
 .debug_macro   0x00023acd      0x1c5 CMakeFiles/Project.dir/Core/Src/main.c.obj
 .debug_macro   0x00023c92      0x1c5 CMakeFiles/Project.dir/Core/Src/stm32l4xx_it.c.obj
 .debug_macro   0x00023e57      0x1bb CMakeFiles/Project.dir/Core/Src/stm32l4xx_hal_msp.c.obj
 .debug_macro   0x00024012      0x1d7 CMakeFiles/Project.dir/Drivers/STM32L4xx_HAL_Driver/Src/stm32l4xx_hal_uart.c.obj
 .debug_macro   0x000241e9      0x1ac CMakeFiles/Project.dir/Drivers/STM32L4xx_HAL_Driver/Src/stm32l4xx_hal_uart_ex.c.obj
 .debug_macro   0x00024395      0x1fa CMakeFiles/Project.dir/Drivers/STM32L4xx_HAL_Driver/Src/stm32l4xx_hal.c.obj
 .debug_macro   0x0002458f      0x1ee CMakeFiles/Project.dir/Drivers/STM32L4xx_HAL_Driver/Src/stm32l4xx_hal_rcc.c.obj
 .debug_macro   0x0002477d      0x1e2 CMakeFiles/Project.dir/Drivers/STM32L4xx_HAL_Driver/Src/stm32l4xx_hal_rcc_ex.c.obj
 .debug_macro   0x0002495f      0x1b3 CMakeFiles/Project.dir/Drivers/STM32L4xx_HAL_Driver/Src/stm32l4xx_hal_gpio.c.obj
 .debug_macro   0x00024b12      0x1ac CMakeFiles/Project.dir/Drivers/STM32L4xx_HAL_Driver/Src/stm32l4xx_hal_dma.c.obj
 .debug_macro   0x00024cbe      0x1d0 CMakeFiles/Project.dir/Drivers/STM32L4xx_HAL_Driver/Src/stm32l4xx_hal_pwr_ex.c.obj
 .debug_macro   0x00024e8e      0x1ac CMakeFiles/Project.dir/Drivers/STM32L4xx_HAL_Driver/Src/stm32l4xx_hal_cortex.c.obj
 .debug_macro   0x0002503a      0x1ac CMakeFiles/Project.dir/Core/Src/system_stm32l4xx.c.obj

.debug_line     0x00000000     0xd254
 .debug_line    0x00000000      0x8c4 CMakeFiles/Project.dir/Drivers/keypad/keypad.c.obj
 .debug_line    0x000008c4      0x99c CMakeFiles/Project.dir/Core/Src/main.c.obj
 .debug_line    0x00001260      0x8ce CMakeFiles/Project.dir/Core/Src/stm32l4xx_it.c.obj
 .debug_line    0x00001b2e      0x822 CMakeFiles/Project.dir/Core/Src/stm32l4xx_hal_msp.c.obj
 .debug_line    0x00002350     0x32c8 CMakeFiles/Project.dir/Drivers/STM32L4xx_HAL_Driver/Src/stm32l4xx_hal_uart.c.obj
 .debug_line    0x00005618      0xcbc CMakeFiles/Project.dir/Drivers/STM32L4xx_HAL_Driver/Src/stm32l4xx_hal_uart_ex.c.obj
 .debug_line    0x000062d4      0xbb7 CMakeFiles/Project.dir/Drivers/STM32L4xx_HAL_Driver/Src/stm32l4xx_hal.c.obj
 .debug_line    0x00006e8b     0x102f CMakeFiles/Project.dir/Drivers/STM32L4xx_HAL_Driver/Src/stm32l4xx_hal_rcc.c.obj
 .debug_line    0x00007eba     0x15a1 CMakeFiles/Project.dir/Drivers/STM32L4xx_HAL_Driver/Src/stm32l4xx_hal_rcc_ex.c.obj
 .debug_line    0x0000945b      0xc42 CMakeFiles/Project.dir/Drivers/STM32L4xx_HAL_Driver/Src/stm32l4xx_hal_gpio.c.obj
 .debug_line    0x0000a09d      0xdbb CMakeFiles/Project.dir/Drivers/STM32L4xx_HAL_Driver/Src/stm32l4xx_hal_dma.c.obj
 .debug_line    0x0000ae58      0xda8 CMakeFiles/Project.dir/Drivers/STM32L4xx_HAL_Driver/Src/stm32l4xx_hal_pwr_ex.c.obj
 .debug_line    0x0000bc00      0xd7f CMakeFiles/Project.dir/Drivers/STM32L4xx_HAL_Driver/Src/stm32l4xx_hal_cortex.c.obj
 .debug_line    0x0000c97f      0x85b CMakeFiles/Project.dir/Core/Src/system_stm32l4xx.c.obj
 .debug_line    0x0000d1da       0x7a CMakeFiles/Project.dir/startup_stm32l476xx.s.obj

.debug_str      0x00000000    0xe463a
 .debug_str     0x00000000    0xe0dad CMakeFiles/Project.dir/Drivers/keypad/keypad.c.obj
                              0xe1048 (size before relaxing)
 .debug_str     0x000e0dad      0xc80 CMakeFiles/Project.dir/Core/Src/main.c.obj
                              0xe1d3f (size before relaxing)
 .debug_str     0x000e1a2d      0x16d CMakeFiles/Project.dir/Core/Src/stm32l4xx_it.c.obj
                              0xe14a7 (size before relaxing)
 .debug_str     0x000e1b9a      0x32b CMakeFiles/Project.dir/Core/Src/stm32l4xx_hal_msp.c.obj
                              0xe1d94 (size before relaxing)
 .debug_str     0x000e1ec5      0x977 CMakeFiles/Project.dir/Drivers/STM32L4xx_HAL_Driver/Src/stm32l4xx_hal_uart.c.obj
                              0xe1ba6 (size before relaxing)
 .debug_str     0x000e283c      0x23d CMakeFiles/Project.dir/Drivers/STM32L4xx_HAL_Driver/Src/stm32l4xx_hal_uart_ex.c.obj
                              0xe13d2 (size before relaxing)
 .debug_str     0x000e2a79      0x6e8 CMakeFiles/Project.dir/Drivers/STM32L4xx_HAL_Driver/Src/stm32l4xx_hal.c.obj
                              0xe1a4d (size before relaxing)
 .debug_str     0x000e3161      0x409 CMakeFiles/Project.dir/Drivers/STM32L4xx_HAL_Driver/Src/stm32l4xx_hal_rcc.c.obj
                              0xe1494 (size before relaxing)
 .debug_str     0x000e356a      0x443 CMakeFiles/Project.dir/Drivers/STM32L4xx_HAL_Driver/Src/stm32l4xx_hal_rcc_ex.c.obj
                              0xe160d (size before relaxing)
 .debug_str     0x000e39ad       0xcf CMakeFiles/Project.dir/Drivers/STM32L4xx_HAL_Driver/Src/stm32l4xx_hal_gpio.c.obj
                              0xe0fc7 (size before relaxing)
 .debug_str     0x000e3a7c      0x24f CMakeFiles/Project.dir/Drivers/STM32L4xx_HAL_Driver/Src/stm32l4xx_hal_dma.c.obj
                              0xe10b8 (size before relaxing)
 .debug_str     0x000e3ccb      0x4ee CMakeFiles/Project.dir/Drivers/STM32L4xx_HAL_Driver/Src/stm32l4xx_hal_pwr_ex.c.obj
                              0xe13a9 (size before relaxing)
 .debug_str     0x000e41b9      0x392 CMakeFiles/Project.dir/Drivers/STM32L4xx_HAL_Driver/Src/stm32l4xx_hal_cortex.c.obj
                              0xe16c7 (size before relaxing)
 .debug_str     0x000e454b       0x7d CMakeFiles/Project.dir/Core/Src/system_stm32l4xx.c.obj
                              0xe0e4e (size before relaxing)
 .debug_str     0x000e45c8       0x72 CMakeFiles/Project.dir/startup_stm32l476xx.s.obj
                                 0xbe (size before relaxing)

.debug_line_str
                0x00000000       0xa2
 .debug_line_str
                0x00000000       0xa2 CMakeFiles/Project.dir/startup_stm32l476xx.s.obj
