Archive member included to satisfy reference by file (symbol)

C:/Users/germmeja/Downloads/STM32CubeCLT_1.16.0/GNU-tools-for-STM32/bin/../lib/gcc/arm-none-eabi/12.3.1/../../../../arm-none-eabi/lib/thumb/v7e-m+fp/hard\libc_nano.a(libc_a-exit.o)
                              C:/Users/germmeja/Downloads/STM32CubeCLT_1.16.0/GNU-tools-for-STM32/bin/../lib/gcc/arm-none-eabi/12.3.1/../../../../arm-none-eabi/lib/thumb/v7e-m+fp/hard/crt0.o (exit)
C:/Users/germmeja/Downloads/STM32CubeCLT_1.16.0/GNU-tools-for-STM32/bin/../lib/gcc/arm-none-eabi/12.3.1/../../../../arm-none-eabi/lib/thumb/v7e-m+fp/hard\libc_nano.a(libc_a-findfp.o)
                              C:/Users/germmeja/Downloads/STM32CubeCLT_1.16.0/GNU-tools-for-STM32/bin/../lib/gcc/arm-none-eabi/12.3.1/../../../../arm-none-eabi/lib/thumb/v7e-m+fp/hard\libc_nano.a(libc_a-exit.o) (__stdio_exit_handler)
C:/Users/germmeja/Downloads/STM32CubeCLT_1.16.0/GNU-tools-for-STM32/bin/../lib/gcc/arm-none-eabi/12.3.1/../../../../arm-none-eabi/lib/thumb/v7e-m+fp/hard\libc_nano.a(libc_a-fwalk.o)
                              C:/Users/germmeja/Downloads/STM32CubeCLT_1.16.0/GNU-tools-for-STM32/bin/../lib/gcc/arm-none-eabi/12.3.1/../../../../arm-none-eabi/lib/thumb/v7e-m+fp/hard\libc_nano.a(libc_a-findfp.o) (_fwalk_sglue)
C:/Users/germmeja/Downloads/STM32CubeCLT_1.16.0/GNU-tools-for-STM32/bin/../lib/gcc/arm-none-eabi/12.3.1/../../../../arm-none-eabi/lib/thumb/v7e-m+fp/hard\libc_nano.a(libc_a-stdio.o)
                              C:/Users/germmeja/Downloads/STM32CubeCLT_1.16.0/GNU-tools-for-STM32/bin/../lib/gcc/arm-none-eabi/12.3.1/../../../../arm-none-eabi/lib/thumb/v7e-m+fp/hard\libc_nano.a(libc_a-findfp.o) (__sread)
C:/Users/germmeja/Downloads/STM32CubeCLT_1.16.0/GNU-tools-for-STM32/bin/../lib/gcc/arm-none-eabi/12.3.1/../../../../arm-none-eabi/lib/thumb/v7e-m+fp/hard\libc_nano.a(libc_a-memset.o)
                              C:/Users/germmeja/Downloads/STM32CubeCLT_1.16.0/GNU-tools-for-STM32/bin/../lib/gcc/arm-none-eabi/12.3.1/../../../../arm-none-eabi/lib/thumb/v7e-m+fp/hard/crt0.o (memset)
C:/Users/germmeja/Downloads/STM32CubeCLT_1.16.0/GNU-tools-for-STM32/bin/../lib/gcc/arm-none-eabi/12.3.1/../../../../arm-none-eabi/lib/thumb/v7e-m+fp/hard\libc_nano.a(libc_a-closer.o)
                              C:/Users/germmeja/Downloads/STM32CubeCLT_1.16.0/GNU-tools-for-STM32/bin/../lib/gcc/arm-none-eabi/12.3.1/../../../../arm-none-eabi/lib/thumb/v7e-m+fp/hard\libc_nano.a(libc_a-stdio.o) (_close_r)
C:/Users/germmeja/Downloads/STM32CubeCLT_1.16.0/GNU-tools-for-STM32/bin/../lib/gcc/arm-none-eabi/12.3.1/../../../../arm-none-eabi/lib/thumb/v7e-m+fp/hard\libc_nano.a(libc_a-reent.o)
                              C:/Users/germmeja/Downloads/STM32CubeCLT_1.16.0/GNU-tools-for-STM32/bin/../lib/gcc/arm-none-eabi/12.3.1/../../../../arm-none-eabi/lib/thumb/v7e-m+fp/hard\libc_nano.a(libc_a-closer.o) (errno)
C:/Users/germmeja/Downloads/STM32CubeCLT_1.16.0/GNU-tools-for-STM32/bin/../lib/gcc/arm-none-eabi/12.3.1/../../../../arm-none-eabi/lib/thumb/v7e-m+fp/hard\libc_nano.a(libc_a-impure.o)
                              C:/Users/germmeja/Downloads/STM32CubeCLT_1.16.0/GNU-tools-for-STM32/bin/../lib/gcc/arm-none-eabi/12.3.1/../../../../arm-none-eabi/lib/thumb/v7e-m+fp/hard\libc_nano.a(libc_a-reent.o) (_impure_ptr)
C:/Users/germmeja/Downloads/STM32CubeCLT_1.16.0/GNU-tools-for-STM32/bin/../lib/gcc/arm-none-eabi/12.3.1/../../../../arm-none-eabi/lib/thumb/v7e-m+fp/hard\libc_nano.a(libc_a-lseekr.o)
                              C:/Users/germmeja/Downloads/STM32CubeCLT_1.16.0/GNU-tools-for-STM32/bin/../lib/gcc/arm-none-eabi/12.3.1/../../../../arm-none-eabi/lib/thumb/v7e-m+fp/hard\libc_nano.a(libc_a-stdio.o) (_lseek_r)
C:/Users/germmeja/Downloads/STM32CubeCLT_1.16.0/GNU-tools-for-STM32/bin/../lib/gcc/arm-none-eabi/12.3.1/../../../../arm-none-eabi/lib/thumb/v7e-m+fp/hard\libc_nano.a(libc_a-readr.o)
                              C:/Users/germmeja/Downloads/STM32CubeCLT_1.16.0/GNU-tools-for-STM32/bin/../lib/gcc/arm-none-eabi/12.3.1/../../../../arm-none-eabi/lib/thumb/v7e-m+fp/hard\libc_nano.a(libc_a-stdio.o) (_read_r)
C:/Users/germmeja/Downloads/STM32CubeCLT_1.16.0/GNU-tools-for-STM32/bin/../lib/gcc/arm-none-eabi/12.3.1/../../../../arm-none-eabi/lib/thumb/v7e-m+fp/hard\libc_nano.a(libc_a-writer.o)
                              C:/Users/germmeja/Downloads/STM32CubeCLT_1.16.0/GNU-tools-for-STM32/bin/../lib/gcc/arm-none-eabi/12.3.1/../../../../arm-none-eabi/lib/thumb/v7e-m+fp/hard\libc_nano.a(libc_a-stdio.o) (_write_r)
C:/Users/germmeja/Downloads/STM32CubeCLT_1.16.0/GNU-tools-for-STM32/bin/../lib/gcc/arm-none-eabi/12.3.1/../../../../arm-none-eabi/lib/thumb/v7e-m+fp/hard\libc_nano.a(libc_a-init.o)
                              C:/Users/germmeja/Downloads/STM32CubeCLT_1.16.0/GNU-tools-for-STM32/bin/../lib/gcc/arm-none-eabi/12.3.1/../../../../arm-none-eabi/lib/thumb/v7e-m+fp/hard/crt0.o (__libc_init_array)
[...]
Memory Configuration

Name             Origin             Length             Attributes
RAM              0x20000000         0x00018000         xrw
RAM2             0x10000000         0x00008000         xrw
FLASH            0x08000000         0x00100000         xr
*default*        0x00000000         0xffffffff

Linker script and memory map

LOAD C:/Users/germmeja/Downloads/STM32CubeCLT_1.16.0/GNU-tools-for-STM32/bin/../lib/gcc/arm-none-eabi/12.3.1/thumb/v7e-m+fp/hard/crti.o
LOAD C:/Users/germmeja/Downloads/STM32CubeCLT_1.16.0/GNU-tools-for-STM32/bin/../lib/gcc/arm-none-eabi/12.3.1/thumb/v7e-m+fp/hard/crtbegin.o
LOAD C:/Users/germmeja/Downloads/STM32CubeCLT_1.16.0/GNU-tools-for-STM32/bin/../lib/gcc/arm-none-eabi/12.3.1/../../../../arm-none-eabi/lib/thumb/v7e-m+fp/hard/crt0.o
START GROUP
LOAD C:/Users/germmeja/Downloads/STM32CubeCLT_1.16.0/GNU-tools-for-STM32/bin/../lib/gcc/arm-none-eabi/12.3.1/../../../../arm-none-eabi/lib/thumb/v7e-m+fp/hard\libc_nano.a
LOAD C:/Users/germmeja/Downloads/STM32CubeCLT_1.16.0/GNU-tools-for-STM32/bin/../lib/gcc/arm-none-eabi/12.3.1/../../../../arm-none-eabi/lib/thumb/v7e-m+fp/hard\libm.a
END GROUP
LOAD CMakeFiles/Project.dir/Drivers/keypad/keypad.c.obj
LOAD CMakeFiles/Project.dir/Core/Src/ring_buffer.c.obj
LOAD CMakeFiles/Project.dir/Core/Src/main.c.obj
LOAD CMakeFiles/Project.dir/Core/Src/stm32l4xx_it.c.obj
LOAD CMakeFiles/Project.dir/Core/Src/stm32l4xx_hal_msp.c.obj
LOAD CMakeFiles/Project.dir/Drivers/STM32L4xx_HAL_Driver/Src/stm32l4xx_hal_uart.c.obj
LOAD CMakeFiles/Project.dir/Drivers/STM32L4xx_HAL_Driver/Src/stm32l4xx_hal_uart_ex.c.obj
LOAD CMakeFiles/Project.dir/Drivers/STM32L4xx_HAL_Driver/Src/stm32l4xx_hal.c.obj
LOAD CMakeFiles/Project.dir/Drivers/STM32L4xx_HAL_Driver/Src/stm32l4xx_hal_rcc.c.obj
LOAD CMakeFiles/Project.dir/Drivers/STM32L4xx_HAL_Driver/Src/stm32l4xx_hal_rcc_ex.c.obj
LOAD CMakeFiles/Project.dir/Drivers/STM32L4xx_HAL_Driver/Src/stm32l4xx_hal_flash.c.obj
LOAD CMakeFiles/Project.dir/Drivers/STM32L4xx_HAL_Driver/Src/stm32l4xx_hal_flash_ex.c.obj
LOAD CMakeFiles/Project.dir/Drivers/STM32L4xx_HAL_Driver/Src/stm32l4xx_hal_flash_ramfunc.c.obj
LOAD CMakeFiles/Project.dir/Drivers/STM32L4xx_HAL_Driver/Src/stm32l4xx_hal_gpio.c.obj
LOAD CMakeFiles/Project.dir/Drivers/STM32L4xx_HAL_Driver/Src/stm32l4xx_hal_i2c.c.obj
LOAD CMakeFiles/Project.dir/Drivers/STM32L4xx_HAL_Driver/Src/stm32l4xx_hal_i2c_ex.c.obj
LOAD CMakeFiles/Project.dir/Drivers/STM32L4xx_HAL_Driver/Src/stm32l4xx_hal_dma.c.obj
LOAD CMakeFiles/Project.dir/Drivers/STM32L4xx_HAL_Driver/Src/stm32l4xx_hal_dma_ex.c.obj
LOAD CMakeFiles/Project.dir/Drivers/STM32L4xx_HAL_Driver/Src/stm32l4xx_hal_pwr.c.obj
LOAD CMakeFiles/Project.dir/Drivers/STM32L4xx_HAL_Driver/Src/stm32l4xx_hal_pwr_ex.c.obj
LOAD CMakeFiles/Project.dir/Drivers/STM32L4xx_HAL_Driver/Src/stm32l4xx_hal_cortex.c.obj
LOAD CMakeFiles/Project.dir/Drivers/STM32L4xx_HAL_Driver/Src/stm32l4xx_hal_exti.c.obj
LOAD CMakeFiles/Project.dir/Core/Src/system_stm32l4xx.c.obj
LOAD CMakeFiles/Project.dir/Core/Src/sysmem.c.obj
LOAD CMakeFiles/Project.dir/Core/Src/syscalls.c.obj
LOAD CMakeFiles/Project.dir/startup_stm32l476xx.s.obj
START GROUP
LOAD C:/Users/germmeja/Downloads/STM32CubeCLT_1.16.0/GNU-tools-for-STM32/bin/../lib/gcc/arm-none-eabi/12.3.1/thumb/v7e-m+fp/hard\libgcc.a
LOAD C:/Users/germmeja/Downloads/STM32CubeCLT_1.16.0/GNU-tools-for-STM32/bin/../lib/gcc/arm-none-eabi/12.3.1/../../../../arm-none-eabi/lib/thumb/v7e-m+fp/hard\libg_nano.a
LOAD C:/Users/germmeja/Downloads/STM32CubeCLT_1.16.0/GNU-tools-for-STM32/bin/../lib/gcc/arm-none-eabi/12.3.1/../../../../arm-none-eabi/lib/thumb/v7e-m+fp/hard\libc_nano.a
END GROUP
START GROUP
LOAD C:/Users/germmeja/Downloads/STM32CubeCLT_1.16.0/GNU-tools-for-STM32/bin/../lib/gcc/arm-none-eabi/12.3.1/thumb/v7e-m+fp/hard\libgcc.a
LOAD C:/Users/germmeja/Downloads/STM32CubeCLT_1.16.0/GNU-tools-for-STM32/bin/../lib/gcc/arm-none-eabi/12.3.1/../../../../arm-none-eabi/lib/thumb/v7e-m+fp/hard\libc_nano.a
END GROUP
LOAD C:/Users/germmeja/Downloads/STM32CubeCLT_1.16.0/GNU-tools-for-STM32/bin/../lib/gcc/arm-none-eabi/12.3.1/thumb/v7e-m+fp/hard/crtend.o
LOAD C:/Users/germmeja/Downloads/STM32CubeCLT_1.16.0/GNU-tools-for-STM32/bin/../lib/gcc/arm-none-eabi/12.3.1/thumb/v7e-m+fp/hard/crtn.o
                0x20018000                        _estack = (ORIGIN (RAM) + LENGTH (RAM))
                0x00000200                        _Min_Heap_Size = 0x200
                0x00000400                        _Min_Stack_Size = 0x400

.isr_vector     0x08000000      0x188
                0x08000000                        . = ALIGN (0x8)
 *(.isr_vector)
 .isr_vector    0x08000000      0x188 CMakeFiles/Project.dir/startup_stm32l476xx.s.obj
                0x08000000                g_pfnVectors
                0x08000188                        . = ALIGN (0x8)

.text           0x08000188     0x4450
                0x08000188                        . = ALIGN (0x8)
 *(.text)
 .text          0x08000188       0x40 C:/Users/germmeja/Downloads/STM32CubeCLT_1.16.0/GNU-tools-for-STM32/bin/../lib/gcc/arm-none-eabi/12.3.1/thumb/v7e-m+fp/hard/crtbegin.o
 .text          0x080001c8       0x30 C:/Users/germmeja/Downloads/STM32CubeCLT_1.16.0/GNU-tools-for-STM32/bin/../lib/gcc/arm-none-eabi/12.3.1/thumb/v7e-m+fp/hard\libgcc.a(_aeabi_uldivmod.o)
                0x080001c8                __aeabi_uldivmod
 .text          0x080001f8      0x2bc C:/Users/germmeja/Downloads/STM32CubeCLT_1.16.0/GNU-tools-for-STM32/bin/../lib/gcc/arm-none-eabi/12.3.1/thumb/v7e-m+fp/hard\libgcc.a(_udivmoddi4.o)
                0x080001f8                __udivmoddi4
 .text          0x080004b4        0x4 C:/Users/germmeja/Downloads/STM32CubeCLT_1.16.0/GNU-tools-for-STM32/bin/../lib/gcc/arm-none-eabi/12.3.1/thumb/v7e-m+fp/hard\libgcc.a(_dvmd_tls.o)
                0x080004b4                __aeabi_idiv0
                0x080004b4                __aeabi_ldiv0
 .text          0x080004b8       0x10 C:/Users/germmeja/Downloads/STM32CubeCLT_1.16.0/GNU-tools-for-STM32/bin/../lib/gcc/arm-none-eabi/12.3.1/../../../../arm-none-eabi/lib/thumb/v7e-m+fp/hard\libg_nano.a(libc_a-strlen.o)
                0x080004b8                strlen
 *(.text*)
 .text.memset   0x080004c8       0x10 C:/Users/germmeja/Downloads/STM32CubeCLT_1.16.0/GNU-tools-for-STM32/bin/../lib/gcc/arm-none-eabi/12.3.1/../../../../arm-none-eabi/lib/thumb/v7e-m+fp/hard\libc_nano.a(libc_a-memset.o)
                0x080004c8                memset
 .text.__libc_init_array
                0x080004d8       0x48 C:/Users/germmeja/Downloads/STM32CubeCLT_1.16.0/GNU-tools-for-STM32/bin/../lib/gcc/arm-none-eabi/12.3.1/../../../../arm-none-eabi/lib/thumb/v7e-m+fp/hard\libc_nano.a(libc_a-init.o)
                0x080004d8                __libc_init_array
 .text.keypad_init
                0x08000520       0x38 CMakeFiles/Project.dir/Drivers/keypad/keypad.c.obj
                0x08000520                keypad_init
 .text.keypad_scan_rows
                0x08000558       0xf4 CMakeFiles/Project.dir/Drivers/keypad/keypad.c.obj
 .text.keypad_scan
                0x0800064c       0xdc CMakeFiles/Project.dir/Drivers/keypad/keypad.c.obj
                0x0800064c                keypad_scan
 .text.ring_buffer_init
                0x08000728       0x28 CMakeFiles/Project.dir/Core/Src/ring_buffer.c.obj
                0x08000728                ring_buffer_init
 .text.ring_buffer_reset
                0x08000750       0x26 CMakeFiles/Project.dir/Core/Src/ring_buffer.c.obj
                0x08000750                ring_buffer_reset
 .text.ring_buffer_is_empty
                0x08000776       0x30 CMakeFiles/Project.dir/Core/Src/ring_buffer.c.obj
                0x08000776                ring_buffer_is_empty
 .text.ring_buffer_write
                0x080007a6       0x7a CMakeFiles/Project.dir/Core/Src/ring_buffer.c.obj
                0x080007a6                ring_buffer_write
 .text.ring_buffer_read
                0x08000820       0x54 CMakeFiles/Project.dir/Core/Src/ring_buffer.c.obj
                0x08000820                ring_buffer_read
 .text.main     0x08000874       0x84 CMakeFiles/Project.dir/Core/Src/main.c.obj
                0x08000874                main
 .text.SystemClock_Config
                0x080008f8       0xa2 CMakeFiles/Project.dir/Core/Src/main.c.obj
                0x080008f8                SystemClock_Config
 *fill*         0x0800099a        0x2 
 .text.MX_USART2_UART_Init
                0x0800099c       0x60 CMakeFiles/Project.dir/Core/Src/main.c.obj
 .text.MX_GPIO_Init
                0x080009fc      0x18c CMakeFiles/Project.dir/Core/Src/main.c.obj
 .text.HAL_GPIO_EXTI_Callback
                0x08000b88       0x34 CMakeFiles/Project.dir/Core/Src/main.c.obj
                0x08000b88                HAL_GPIO_EXTI_Callback
 .text.HAL_UART_RxCpltCallback
                0x08000bbc       0x48 CMakeFiles/Project.dir/Core/Src/main.c.obj
                0x08000bbc                HAL_UART_RxCpltCallback
 .text.uart_send_string
                0x08000c04       0x28 CMakeFiles/Project.dir/Core/Src/main.c.obj
                0x08000c04                uart_send_string
 .text.process_commands
                0x08000c2c      0x120 CMakeFiles/Project.dir/Core/Src/main.c.obj
                0x08000c2c                process_commands
 .text.Error_Handler
                0x08000d4c        0xc CMakeFiles/Project.dir/Core/Src/main.c.obj
                0x08000d4c                Error_Handler
 .text.NMI_Handler
                0x08000d58        0x8 CMakeFiles/Project.dir/Core/Src/stm32l4xx_it.c.obj
                0x08000d58                NMI_Handler
 .text.HardFault_Handler
                0x08000d60        0x8 CMakeFiles/Project.dir/Core/Src/stm32l4xx_it.c.obj
                0x08000d60                HardFault_Handler
 .text.MemManage_Handler
                0x08000d68        0x8 CMakeFiles/Project.dir/Core/Src/stm32l4xx_it.c.obj
                0x08000d68                MemManage_Handler
 .text.BusFault_Handler
                0x08000d70        0x8 CMakeFiles/Project.dir/Core/Src/stm32l4xx_it.c.obj
                0x08000d70                BusFault_Handler
 .text.UsageFault_Handler
                0x08000d78        0x8 CMakeFiles/Project.dir/Core/Src/stm32l4xx_it.c.obj
                0x08000d78                UsageFault_Handler
 .text.SVC_Handler
                0x08000d80        0xe CMakeFiles/Project.dir/Core/Src/stm32l4xx_it.c.obj
                0x08000d80                SVC_Handler
 .text.DebugMon_Handler
                0x08000d8e        0xe CMakeFiles/Project.dir/Core/Src/stm32l4xx_it.c.obj
                0x08000d8e                DebugMon_Handler
 .text.PendSV_Handler
                0x08000d9c        0xe CMakeFiles/Project.dir/Core/Src/stm32l4xx_it.c.obj
                0x08000d9c                PendSV_Handler
 .text.SysTick_Handler
                0x08000daa        0xc CMakeFiles/Project.dir/Core/Src/stm32l4xx_it.c.obj
                0x08000daa                SysTick_Handler
 .text.EXTI9_5_IRQHandler
                0x08000db6       0x1e CMakeFiles/Project.dir/Core/Src/stm32l4xx_it.c.obj
                0x08000db6                EXTI9_5_IRQHandler
 .text.USART2_IRQHandler
                0x08000dd4       0x14 CMakeFiles/Project.dir/Core/Src/stm32l4xx_it.c.obj
                0x08000dd4                USART2_IRQHandler
 .text.EXTI15_10_IRQHandler
                0x08000de8       0x18 CMakeFiles/Project.dir/Core/Src/stm32l4xx_it.c.obj
                0x08000de8                EXTI15_10_IRQHandler
 .text.HAL_MspInit
                0x08000e00       0x48 CMakeFiles/Project.dir/Core/Src/stm32l4xx_hal_msp.c.obj
                0x08000e00                HAL_MspInit
 .text.HAL_UART_MspInit
                0x08000e48       0xc8 CMakeFiles/Project.dir/Core/Src/stm32l4xx_hal_msp.c.obj
                0x08000e48                HAL_UART_MspInit
 .text.HAL_UART_Init
                0x08000f10       0x9c CMakeFiles/Project.dir/Drivers/STM32L4xx_HAL_Driver/Src/stm32l4xx_hal_uart.c.obj
                0x08000f10                HAL_UART_Init
 .text.HAL_UART_Transmit
                0x08000fac      0x112 CMakeFiles/Project.dir/Drivers/STM32L4xx_HAL_Driver/Src/stm32l4xx_hal_uart.c.obj
                0x08000fac                HAL_UART_Transmit
 *fill*         0x080010be        0x2 
 .text.HAL_UART_Receive_IT
                0x080010c0       0x98 CMakeFiles/Project.dir/Drivers/STM32L4xx_HAL_Driver/Src/stm32l4xx_hal_uart.c.obj
                0x080010c0                HAL_UART_Receive_IT
 .text.HAL_UART_IRQHandler
                0x08001158      0x60c CMakeFiles/Project.dir/Drivers/STM32L4xx_HAL_Driver/Src/stm32l4xx_hal_uart.c.obj
                0x08001158                HAL_UART_IRQHandler
 .text.HAL_UART_TxCpltCallback
                0x08001764       0x14 CMakeFiles/Project.dir/Drivers/STM32L4xx_HAL_Driver/Src/stm32l4xx_hal_uart.c.obj
                0x08001764                HAL_UART_TxCpltCallback
 .text.HAL_UART_ErrorCallback
                0x08001778       0x14 CMakeFiles/Project.dir/Drivers/STM32L4xx_HAL_Driver/Src/stm32l4xx_hal_uart.c.obj
                0x08001778                HAL_UART_ErrorCallback
 .text.HAL_UARTEx_RxEventCallback
                0x0800178c       0x18 CMakeFiles/Project.dir/Drivers/STM32L4xx_HAL_Driver/Src/stm32l4xx_hal_uart.c.obj
                0x0800178c                HAL_UARTEx_RxEventCallback
 .text.UART_SetConfig
                0x080017a4      0x570 CMakeFiles/Project.dir/Drivers/STM32L4xx_HAL_Driver/Src/stm32l4xx_hal_uart.c.obj
                0x080017a4                UART_SetConfig
 .text.UART_AdvFeatureConfig
                0x08001d14      0x144 CMakeFiles/Project.dir/Drivers/STM32L4xx_HAL_Driver/Src/stm32l4xx_hal_uart.c.obj
                0x08001d14                UART_AdvFeatureConfig
 .text.UART_CheckIdleState
                0x08001e58      0x150 CMakeFiles/Project.dir/Drivers/STM32L4xx_HAL_Driver/Src/stm32l4xx_hal_uart.c.obj
                0x08001e58                UART_CheckIdleState
 .text.UART_WaitOnFlagUntilTimeout
                0x08001fa8       0xda CMakeFiles/Project.dir/Drivers/STM32L4xx_HAL_Driver/Src/stm32l4xx_hal_uart.c.obj
                0x08001fa8                UART_WaitOnFlagUntilTimeout
 *fill*         0x08002082        0x2 
 .text.UART_Start_Receive_IT
                0x08002084      0x18c CMakeFiles/Project.dir/Drivers/STM32L4xx_HAL_Driver/Src/stm32l4xx_hal_uart.c.obj
                0x08002084                UART_Start_Receive_IT
 .text.UART_EndRxTransfer
                0x08002210       0xc8 CMakeFiles/Project.dir/Drivers/STM32L4xx_HAL_Driver/Src/stm32l4xx_hal_uart.c.obj
 .text.UART_DMAAbortOnError
                0x080022d8       0x2c CMakeFiles/Project.dir/Drivers/STM32L4xx_HAL_Driver/Src/stm32l4xx_hal_uart.c.obj
 .text.UART_EndTransmit_IT
                0x08002304       0x54 CMakeFiles/Project.dir/Drivers/STM32L4xx_HAL_Driver/Src/stm32l4xx_hal_uart.c.obj
 .text.UART_RxISR_8BIT
                0x08002358      0x1bc CMakeFiles/Project.dir/Drivers/STM32L4xx_HAL_Driver/Src/stm32l4xx_hal_uart.c.obj
 .text.UART_RxISR_16BIT
                0x08002514      0x1bc CMakeFiles/Project.dir/Drivers/STM32L4xx_HAL_Driver/Src/stm32l4xx_hal_uart.c.obj
 .text.HAL_UARTEx_WakeupCallback
                0x080026d0       0x14 CMakeFiles/Project.dir/Drivers/STM32L4xx_HAL_Driver/Src/stm32l4xx_hal_uart_ex.c.obj
                0x080026d0                HAL_UARTEx_WakeupCallback
 .text.HAL_Init
                0x080026e4       0x40 CMakeFiles/Project.dir/Drivers/STM32L4xx_HAL_Driver/Src/stm32l4xx_hal.c.obj
                0x080026e4                HAL_Init
 .text.HAL_InitTick
                0x08002724       0x78 CMakeFiles/Project.dir/Drivers/STM32L4xx_HAL_Driver/Src/stm32l4xx_hal.c.obj
                0x08002724                HAL_InitTick
 .text.HAL_IncTick
                0x0800279c       0x28 CMakeFiles/Project.dir/Drivers/STM32L4xx_HAL_Driver/Src/stm32l4xx_hal.c.obj
                0x0800279c                HAL_IncTick
 .text.HAL_GetTick
                0x080027c4       0x18 CMakeFiles/Project.dir/Drivers/STM32L4xx_HAL_Driver/Src/stm32l4xx_hal.c.obj
                0x080027c4                HAL_GetTick
 .text.HAL_RCC_OscConfig
                0x080027dc      0x7b8 CMakeFiles/Project.dir/Drivers/STM32L4xx_HAL_Driver/Src/stm32l4xx_hal_rcc.c.obj
                0x080027dc                HAL_RCC_OscConfig
 .text.HAL_RCC_ClockConfig
                0x08002f94      0x200 CMakeFiles/Project.dir/Drivers/STM32L4xx_HAL_Driver/Src/stm32l4xx_hal_rcc.c.obj
                0x08002f94                HAL_RCC_ClockConfig
 .text.HAL_RCC_GetSysClockFreq
                0x08003194      0x118 CMakeFiles/Project.dir/Drivers/STM32L4xx_HAL_Driver/Src/stm32l4xx_hal_rcc.c.obj
                0x08003194                HAL_RCC_GetSysClockFreq
 .text.HAL_RCC_GetHCLKFreq
                0x080032ac       0x18 CMakeFiles/Project.dir/Drivers/STM32L4xx_HAL_Driver/Src/stm32l4xx_hal_rcc.c.obj
                0x080032ac                HAL_RCC_GetHCLKFreq
 .text.HAL_RCC_GetPCLK1Freq
                0x080032c4       0x2c CMakeFiles/Project.dir/Drivers/STM32L4xx_HAL_Driver/Src/stm32l4xx_hal_rcc.c.obj
                0x080032c4                HAL_RCC_GetPCLK1Freq
 .text.HAL_RCC_GetPCLK2Freq
                0x080032f0       0x2c CMakeFiles/Project.dir/Drivers/STM32L4xx_HAL_Driver/Src/stm32l4xx_hal_rcc.c.obj
                0x080032f0                HAL_RCC_GetPCLK2Freq
 .text.RCC_SetFlashLatencyFromMSIRange
                0x0800331c       0xc0 CMakeFiles/Project.dir/Drivers/STM32L4xx_HAL_Driver/Src/stm32l4xx_hal_rcc.c.obj
 .text.HAL_RCCEx_PeriphCLKConfig
                0x080033dc      0x5d4 CMakeFiles/Project.dir/Drivers/STM32L4xx_HAL_Driver/Src/stm32l4xx_hal_rcc_ex.c.obj
                0x080033dc                HAL_RCCEx_PeriphCLKConfig
 .text.RCCEx_PLLSAI1_Config
                0x080039b0      0x1e8 CMakeFiles/Project.dir/Drivers/STM32L4xx_HAL_Driver/Src/stm32l4xx_hal_rcc_ex.c.obj
 .text.RCCEx_PLLSAI2_Config
                0x08003b98      0x1bc CMakeFiles/Project.dir/Drivers/STM32L4xx_HAL_Driver/Src/stm32l4xx_hal_rcc_ex.c.obj
 .text.HAL_GPIO_Init
                0x08003d54      0x354 CMakeFiles/Project.dir/Drivers/STM32L4xx_HAL_Driver/Src/stm32l4xx_hal_gpio.c.obj
                0x08003d54                HAL_GPIO_Init
 .text.HAL_GPIO_ReadPin
                0x080040a8       0x30 CMakeFiles/Project.dir/Drivers/STM32L4xx_HAL_Driver/Src/stm32l4xx_hal_gpio.c.obj
                0x080040a8                HAL_GPIO_ReadPin
 .text.HAL_GPIO_WritePin
                0x080040d8       0x30 CMakeFiles/Project.dir/Drivers/STM32L4xx_HAL_Driver/Src/stm32l4xx_hal_gpio.c.obj
                0x080040d8                HAL_GPIO_WritePin
 .text.HAL_GPIO_EXTI_IRQHandler
                0x08004108       0x30 CMakeFiles/Project.dir/Drivers/STM32L4xx_HAL_Driver/Src/stm32l4xx_hal_gpio.c.obj
                0x08004108                HAL_GPIO_EXTI_IRQHandler
 .text.HAL_DMA_Abort
                0x08004138       0x7c CMakeFiles/Project.dir/Drivers/STM32L4xx_HAL_Driver/Src/stm32l4xx_hal_dma.c.obj
                0x08004138                HAL_DMA_Abort
 .text.HAL_DMA_Abort_IT
                0x080041b4       0x82 CMakeFiles/Project.dir/Drivers/STM32L4xx_HAL_Driver/Src/stm32l4xx_hal_dma.c.obj
                0x080041b4                HAL_DMA_Abort_IT
 *fill*         0x08004236        0x2 
 .text.HAL_PWREx_GetVoltageRange
                0x08004238       0x1c CMakeFiles/Project.dir/Drivers/STM32L4xx_HAL_Driver/Src/stm32l4xx_hal_pwr_ex.c.obj
                0x08004238                HAL_PWREx_GetVoltageRange
 .text.HAL_PWREx_ControlVoltageScaling
                0x08004254       0xac CMakeFiles/Project.dir/Drivers/STM32L4xx_HAL_Driver/Src/stm32l4xx_hal_pwr_ex.c.obj
                0x08004254                HAL_PWREx_ControlVoltageScaling
 .text.__NVIC_SetPriorityGrouping
                0x08004300       0x48 CMakeFiles/Project.dir/Drivers/STM32L4xx_HAL_Driver/Src/stm32l4xx_hal_cortex.c.obj
 .text.__NVIC_GetPriorityGrouping
                0x08004348       0x1c CMakeFiles/Project.dir/Drivers/STM32L4xx_HAL_Driver/Src/stm32l4xx_hal_cortex.c.obj
 .text.__NVIC_EnableIRQ
                0x08004364       0x3c CMakeFiles/Project.dir/Drivers/STM32L4xx_HAL_Driver/Src/stm32l4xx_hal_cortex.c.obj
 .text.__NVIC_SetPriority
                0x080043a0       0x54 CMakeFiles/Project.dir/Drivers/STM32L4xx_HAL_Driver/Src/stm32l4xx_hal_cortex.c.obj
 .text.NVIC_EncodePriority
                0x080043f4       0x66 CMakeFiles/Project.dir/Drivers/STM32L4xx_HAL_Driver/Src/stm32l4xx_hal_cortex.c.obj
 *fill*         0x0800445a        0x2 
 .text.SysTick_Config
                0x0800445c       0x44 CMakeFiles/Project.dir/Drivers/STM32L4xx_HAL_Driver/Src/stm32l4xx_hal_cortex.c.obj
 .text.HAL_NVIC_SetPriorityGrouping
                0x080044a0       0x16 CMakeFiles/Project.dir/Drivers/STM32L4xx_HAL_Driver/Src/stm32l4xx_hal_cortex.c.obj
                0x080044a0                HAL_NVIC_SetPriorityGrouping
 .text.HAL_NVIC_SetPriority
                0x080044b6       0x38 CMakeFiles/Project.dir/Drivers/STM32L4xx_HAL_Driver/Src/stm32l4xx_hal_cortex.c.obj
                0x080044b6                HAL_NVIC_SetPriority
 .text.HAL_NVIC_EnableIRQ
                0x080044ee       0x1c CMakeFiles/Project.dir/Drivers/STM32L4xx_HAL_Driver/Src/stm32l4xx_hal_cortex.c.obj
                0x080044ee                HAL_NVIC_EnableIRQ
 .text.HAL_SYSTICK_Config
                0x0800450a       0x18 CMakeFiles/Project.dir/Drivers/STM32L4xx_HAL_Driver/Src/stm32l4xx_hal_cortex.c.obj
                0x0800450a                HAL_SYSTICK_Config
 *fill*         0x08004522        0x2 
 .text.SystemInit
                0x08004524       0x24 CMakeFiles/Project.dir/Core/Src/system_stm32l4xx.c.obj
                0x08004524                SystemInit
 .text.Reset_Handler
                0x08004548       0x50 CMakeFiles/Project.dir/startup_stm32l476xx.s.obj
                0x08004548                Reset_Handler
 .text.Default_Handler
                0x08004598        0x2 CMakeFiles/Project.dir/startup_stm32l476xx.s.obj
                0x08004598                RTC_Alarm_IRQHandler
                0x08004598                EXTI2_IRQHandler
                0x08004598                TIM8_TRG_COM_IRQHandler
                0x08004598                TIM8_CC_IRQHandler
                0x08004598                TIM1_CC_IRQHandler
                0x08004598                TSC_IRQHandler
                0x08004598                TAMP_STAMP_IRQHandler
                0x08004598                EXTI3_IRQHandler
                0x08004598                LPTIM2_IRQHandler
                0x08004598                DFSDM1_FLT1_IRQHandler
                0x08004598                I2C3_ER_IRQHandler
                0x08004598                DFSDM1_FLT2_IRQHandler
                0x08004598                EXTI0_IRQHandler
                0x08004598                I2C2_EV_IRQHandler
                0x08004598                CAN1_RX0_IRQHandler
                0x08004598                FPU_IRQHandler
                0x08004598                TIM1_UP_TIM16_IRQHandler
                0x08004598                ADC1_2_IRQHandler
                0x08004598                SPI1_IRQHandler
                0x08004598                TIM6_DAC_IRQHandler
                0x08004598                TIM8_UP_IRQHandler
                0x08004598                DMA2_Channel2_IRQHandler
                0x08004598                DMA1_Channel4_IRQHandler
                0x08004598                SAI2_IRQHandler
                0x08004598                DFSDM1_FLT3_IRQHandler
                0x08004598                USART3_IRQHandler
                0x08004598                DMA1_Channel7_IRQHandler
                0x08004598                CAN1_RX1_IRQHandler
                0x08004598                LCD_IRQHandler
                0x08004598                UART5_IRQHandler
                0x08004598                ADC3_IRQHandler
                0x08004598                TIM4_IRQHandler
                0x08004598                DMA2_Channel1_IRQHandler
                0x08004598                QUADSPI_IRQHandler
                0x08004598                I2C1_EV_IRQHandler
                0x08004598                DMA1_Channel6_IRQHandler
                0x08004598                UART4_IRQHandler
                0x08004598                DMA2_Channel4_IRQHandler
                0x08004598                TIM3_IRQHandler
                0x08004598                RCC_IRQHandler
                0x08004598                DMA1_Channel1_IRQHandler
                0x08004598                Default_Handler
                0x08004598                DMA2_Channel7_IRQHandler
                0x08004598                TIM7_IRQHandler
                0x08004598                SDMMC1_IRQHandler
                0x08004598                TIM5_IRQHandler
                0x08004598                I2C3_EV_IRQHandler
                0x08004598                RTC_WKUP_IRQHandler
                0x08004598                PVD_PVM_IRQHandler
                0x08004598                SPI2_IRQHandler
                0x08004598                CAN1_TX_IRQHandler
                0x08004598                DMA2_Channel5_IRQHandler
                0x08004598                DMA1_Channel5_IRQHandler
                0x08004598                EXTI4_IRQHandler
                0x08004598                RNG_IRQHandler
                0x08004598                TIM1_TRG_COM_TIM17_IRQHandler
                0x08004598                DMA1_Channel3_IRQHandler
                0x08004598                COMP_IRQHandler
                0x08004598                WWDG_IRQHandler
                0x08004598                LPUART1_IRQHandler
                0x08004598                DMA2_Channel6_IRQHandler
                0x08004598                TIM2_IRQHandler
                0x08004598                EXTI1_IRQHandler
                0x08004598                DFSDM1_FLT0_IRQHandler
                0x08004598                I2C2_ER_IRQHandler
                0x08004598                DMA1_Channel2_IRQHandler
                0x08004598                TIM8_BRK_IRQHandler
                0x08004598                CAN1_SCE_IRQHandler
                0x08004598                FLASH_IRQHandler
                0x08004598                USART1_IRQHandler
                0x08004598                OTG_FS_IRQHandler
                0x08004598                SPI3_IRQHandler
                0x08004598                I2C1_ER_IRQHandler
                0x08004598                FMC_IRQHandler
                0x08004598                SWPMI1_IRQHandler
                0x08004598                LPTIM1_IRQHandler
                0x08004598                SAI1_IRQHandler
                0x08004598                DMA2_Channel3_IRQHandler
                0x08004598                TIM1_BRK_TIM15_IRQHandler
 .text.memcmp   0x0800459a       0x20 C:/Users/germmeja/Downloads/STM32CubeCLT_1.16.0/GNU-tools-for-STM32/bin/../lib/gcc/arm-none-eabi/12.3.1/../../../../arm-none-eabi/lib/thumb/v7e-m+fp/hard\libg_nano.a(libc_a-memcmp.o)
                0x0800459a                memcmp
 *(.glue_7)
 .glue_7        0x080045ba        0x0 linker stubs
 *(.glue_7t)
 .glue_7t       0x080045ba        0x0 linker stubs
 *(.eh_frame)
 *fill*         0x080045ba        0x2 
 .eh_frame      0x080045bc        0x0 C:/Users/germmeja/Downloads/STM32CubeCLT_1.16.0/GNU-tools-for-STM32/bin/../lib/gcc/arm-none-eabi/12.3.1/thumb/v7e-m+fp/hard/crtbegin.o
 *(.init)
 .init          0x080045bc        0x4 C:/Users/germmeja/Downloads/STM32CubeCLT_1.16.0/GNU-tools-for-STM32/bin/../lib/gcc/arm-none-eabi/12.3.1/thumb/v7e-m+fp/hard/crti.o
                0x080045bc                _init
 .init          0x080045c0        0x8 C:/Users/germmeja/Downloads/STM32CubeCLT_1.16.0/GNU-tools-for-STM32/bin/../lib/gcc/arm-none-eabi/12.3.1/thumb/v7e-m+fp/hard/crtn.o
 *(.fini)
 .fini          0x080045c8        0x4 C:/Users/germmeja/Downloads/STM32CubeCLT_1.16.0/GNU-tools-for-STM32/bin/../lib/gcc/arm-none-eabi/12.3.1/thumb/v7e-m+fp/hard/crti.o
                0x080045c8                _fini
 .fini          0x080045cc        0x8 C:/Users/germmeja/Downloads/STM32CubeCLT_1.16.0/GNU-tools-for-STM32/bin/../lib/gcc/arm-none-eabi/12.3.1/thumb/v7e-m+fp/hard/crtn.o
                0x080045d8                        . = ALIGN (0x8)
 *fill*         0x080045d4        0x4 
                0x080045d8                        _etext = .

.vfp11_veneer   0x080045d8        0x0
 .vfp11_veneer  0x080045d8        0x0 linker stubs

.v4_bx          0x080045d8        0x0
 .v4_bx         0x080045d8        0x0 linker stubs

.iplt           0x080045d8        0x0
 .iplt          0x080045d8        0x0 C:/Users/germmeja/Downloads/STM32CubeCLT_1.16.0/GNU-tools-for-STM32/bin/../lib/gcc/arm-none-eabi/12.3.1/thumb/v7e-m+fp/hard/crtbegin.o

.rodata         0x080045d8       0xd0
                0x080045d8                        . = ALIGN (0x8)
 *(.rodata)
 .rodata        0x080045d8       0x55 CMakeFiles/Project.dir/Core/Src/main.c.obj
 *(.rodata*)
 *fill*         0x0800462d        0x3 
 .rodata.keypad_map
                0x08004630       0x10 CMakeFiles/Project.dir/Drivers/keypad/keypad.c.obj
                0x08004630                keypad_map
 .rodata.CMD_OPEN
                0x08004640        0x6 CMakeFiles/Project.dir/Core/Src/main.c.obj
                0x08004640                CMD_OPEN
 *fill*         0x08004646        0x2 
 .rodata.CMD_CLOSE
                0x08004648        0x6 CMakeFiles/Project.dir/Core/Src/main.c.obj
                0x08004648                CMD_CLOSE
 *fill*         0x0800464e        0x2 
 .rodata.CMD_STATUS
                0x08004650        0x6 CMakeFiles/Project.dir/Core/Src/main.c.obj
                0x08004650                CMD_STATUS
 *fill*         0x08004656        0x2 
 .rodata.CMD_CLEAR
                0x08004658        0x6 CMakeFiles/Project.dir/Core/Src/main.c.obj
                0x08004658                CMD_CLEAR
 *fill*         0x0800465e        0x2 
 .rodata.AHBPrescTable
                0x08004660       0x10 CMakeFiles/Project.dir/Core/Src/system_stm32l4xx.c.obj
                0x08004660                AHBPrescTable
 .rodata.APBPrescTable
                0x08004670        0x8 CMakeFiles/Project.dir/Core/Src/system_stm32l4xx.c.obj
                0x08004670                APBPrescTable
 .rodata.MSIRangeTable
                0x08004678       0x30 CMakeFiles/Project.dir/Core/Src/system_stm32l4xx.c.obj
                0x08004678                MSIRangeTable
                0x080046a8                        . = ALIGN (0x8)

.ARM.extab      0x080046a8        0x0
                0x080046a8                        . = ALIGN (0x8)
 *(.ARM.extab* .gnu.linkonce.armextab.*)
                0x080046a8                        . = ALIGN (0x8)

.ARM            0x080046a8        0x8
                0x080046a8                        . = ALIGN (0x8)
                0x080046a8                        __exidx_start = .
 *(.ARM.exidx*)
 .ARM.exidx     0x080046a8        0x8 C:/Users/germmeja/Downloads/STM32CubeCLT_1.16.0/GNU-tools-for-STM32/bin/../lib/gcc/arm-none-eabi/12.3.1/thumb/v7e-m+fp/hard\libgcc.a(_udivmoddi4.o)
 .ARM.exidx     0x080046b0        0x0 C:/Users/germmeja/Downloads/STM32CubeCLT_1.16.0/GNU-tools-for-STM32/bin/../lib/gcc/arm-none-eabi/12.3.1/../../../../arm-none-eabi/lib/thumb/v7e-m+fp/hard\libg_nano.a(libc_a-strlen.o)
                                  0x8 (size before relaxing)
                0x080046b0                        __exidx_end = .
                0x080046b0                        . = ALIGN (0x8)

.rel.dyn        0x080046b0        0x0
 .rel.iplt      0x080046b0        0x0 C:/Users/germmeja/Downloads/STM32CubeCLT_1.16.0/GNU-tools-for-STM32/bin/../lib/gcc/arm-none-eabi/12.3.1/thumb/v7e-m+fp/hard/crtbegin.o

.preinit_array  0x080046b0        0x0
                0x080046b0                        . = ALIGN (0x8)
                0x080046b0                        PROVIDE (__preinit_array_start = .)
 *(.preinit_array*)
                0x080046b0                        PROVIDE (__preinit_array_end = .)
                0x080046b0                        . = ALIGN (0x8)

.init_array     0x080046b0        0x8
                0x080046b0                        . = ALIGN (0x8)
                0x080046b0                        PROVIDE (__init_array_start = .)
 *(SORT_BY_NAME(.init_array.*))
 *(.init_array*)
 .init_array    0x080046b0        0x4 C:/Users/germmeja/Downloads/STM32CubeCLT_1.16.0/GNU-tools-for-STM32/bin/../lib/gcc/arm-none-eabi/12.3.1/thumb/v7e-m+fp/hard/crtbegin.o
                0x080046b4                        PROVIDE (__init_array_end = .)
                0x080046b8                        . = ALIGN (0x8)
 *fill*         0x080046b4        0x4 

.fini_array     0x080046b8        0x8
                0x080046b8                        . = ALIGN (0x8)
                [!provide]                        PROVIDE (__fini_array_start = .)
 *(SORT_BY_NAME(.fini_array.*))
 *(.fini_array*)
 .fini_array    0x080046b8        0x4 C:/Users/germmeja/Downloads/STM32CubeCLT_1.16.0/GNU-tools-for-STM32/bin/../lib/gcc/arm-none-eabi/12.3.1/thumb/v7e-m+fp/hard/crtbegin.o
                [!provide]                        PROVIDE (__fini_array_end = .)
                0x080046c0                        . = ALIGN (0x8)
 *fill*         0x080046bc        0x4 
                0x080046c0                        _sidata = LOADADDR (.data)

.data           0x20000000       0x10 load address 0x080046c0
                0x20000000                        . = ALIGN (0x8)
                0x20000000                        _sdata = .
 *(.data)
 *(.data*)
 .data.uwTickPrio
                0x20000000        0x4 CMakeFiles/Project.dir/Drivers/STM32L4xx_HAL_Driver/Src/stm32l4xx_hal.c.obj
                0x20000000                uwTickPrio
 .data.uwTickFreq
                0x20000004        0x1 CMakeFiles/Project.dir/Drivers/STM32L4xx_HAL_Driver/Src/stm32l4xx_hal.c.obj
                0x20000004                uwTickFreq
 *fill*         0x20000005        0x3 
 .data.SystemCoreClock
                0x20000008        0x4 CMakeFiles/Project.dir/Core/Src/system_stm32l4xx.c.obj
                0x20000008                SystemCoreClock
                0x20000010                        . = ALIGN (0x8)
 *fill*         0x2000000c        0x4 
                0x20000010                        _edata = .

.igot.plt       0x20000010        0x0 load address 0x080046d0
 .igot.plt      0x20000010        0x0 C:/Users/germmeja/Downloads/STM32CubeCLT_1.16.0/GNU-tools-for-STM32/bin/../lib/gcc/arm-none-eabi/12.3.1/thumb/v7e-m+fp/hard/crtbegin.o
                0x20000010                        . = ALIGN (0x4)

.bss            0x20000010      0x108 load address 0x080046d0
                0x20000010                        _sbss = .
                0x20000010                        __bss_start__ = _sbss
 *(.bss)
 .bss           0x20000010       0x1c C:/Users/germmeja/Downloads/STM32CubeCLT_1.16.0/GNU-tools-for-STM32/bin/../lib/gcc/arm-none-eabi/12.3.1/thumb/v7e-m+fp/hard/crtbegin.o
 *(.bss*)
 .bss.huart2    0x2000002c       0x88 CMakeFiles/Project.dir/Core/Src/main.c.obj
                0x2000002c                huart2
 .bss.rx_byte   0x200000b4        0x1 CMakeFiles/Project.dir/Core/Src/main.c.obj
                0x200000b4                rx_byte
 *fill*         0x200000b5        0x3 
 .bss.key_pressed_tick
                0x200000b8        0x4 CMakeFiles/Project.dir/Core/Src/main.c.obj
                0x200000b8                key_pressed_tick
 .bss.column_pressed
                0x200000bc        0x2 CMakeFiles/Project.dir/Core/Src/main.c.obj
                0x200000bc                column_pressed
 *fill*         0x200000be        0x2 
 .bss.debounce_tick
                0x200000c0        0x4 CMakeFiles/Project.dir/Core/Src/main.c.obj
                0x200000c0                debounce_tick
 .bss.rx_buffer
                0x200000c4        0x8 CMakeFiles/Project.dir/Core/Src/main.c.obj
                0x200000c4                rx_buffer
 .bss.rx_buffer_mem
                0x200000cc       0x40 CMakeFiles/Project.dir/Core/Src/main.c.obj
                0x200000cc                rx_buffer_mem
 .bss.current_cmd
                0x2000010c        0x5 CMakeFiles/Project.dir/Core/Src/main.c.obj
                0x2000010c                current_cmd
 *fill*         0x20000111        0x3 
 .bss.uwTick    0x20000114        0x4 CMakeFiles/Project.dir/Drivers/STM32L4xx_HAL_Driver/Src/stm32l4xx_hal.c.obj
                0x20000114                uwTick
 *(COMMON)
                0x20000118                        . = ALIGN (0x4)
                0x20000118                        _ebss = .
                0x20000118                        __bss_end__ = _ebss

._user_heap_stack
                0x20000118      0x600 load address 0x080046d0
                0x20000118                        . = ALIGN (0x8)
                [!provide]                        PROVIDE (end = .)
                0x20000118                        PROVIDE (_end = .)
                0x20000318                        . = (. + _Min_Heap_Size)
 *fill*         0x20000118      0x200 
                0x20000718                        . = (. + _Min_Stack_Size)
 *fill*         0x20000318      0x400 
                0x20000718                        . = ALIGN (0x8)

/DISCARD/
 libc.a(*)
 libm.a(*)
 libgcc.a(*)
OUTPUT(Project.elf elf32-littlearm)
LOAD linker stubs
LOAD C:/Users/germmeja/Downloads/STM32CubeCLT_1.16.0/GNU-tools-for-STM32/bin/../lib/gcc/arm-none-eabi/12.3.1/../../../../arm-none-eabi/lib/thumb/v7e-m+fp/hard\libc.a
LOAD C:/Users/germmeja/Downloads/STM32CubeCLT_1.16.0/GNU-tools-for-STM32/bin/../lib/gcc/arm-none-eabi/12.3.1/../../../../arm-none-eabi/lib/thumb/v7e-m+fp/hard\libm.a
LOAD C:/Users/germmeja/Downloads/STM32CubeCLT_1.16.0/GNU-tools-for-STM32/bin/../lib/gcc/arm-none-eabi/12.3.1/thumb/v7e-m+fp/hard\libgcc.a

.ARM.attributes
                0x00000000       0x30
 .ARM.attributes
                0x00000000       0x22 C:/Users/germmeja/Downloads/STM32CubeCLT_1.16.0/GNU-tools-for-STM32/bin/../lib/gcc/arm-none-eabi/12.3.1/thumb/v7e-m+fp/hard/crti.o
 .ARM.attributes
                0x00000022       0x34 C:/Users/germmeja/Downloads/STM32CubeCLT_1.16.0/GNU-tools-for-STM32/bin/../lib/gcc/arm-none-eabi/12.3.1/thumb/v7e-m+fp/hard/crtbegin.o
 .ARM.attributes
                0x00000056       0x34 C:/Users/germmeja/Downloads/STM32CubeCLT_1.16.0/GNU-tools-for-STM32/bin/../lib/gcc/arm-none-eabi/12.3.1/../../../../arm-none-eabi/lib/thumb/v7e-m+fp/hard\libc_nano.a(libc_a-memset.o)
 .ARM.attributes
                0x0000008a       0x34 C:/Users/germmeja/Downloads/STM32CubeCLT_1.16.0/GNU-tools-for-STM32/bin/../lib/gcc/arm-none-eabi/12.3.1/../../../../arm-none-eabi/lib/thumb/v7e-m+fp/hard\libc_nano.a(libc_a-init.o)
 .ARM.attributes
                0x000000be       0x34 CMakeFiles/Project.dir/Drivers/keypad/keypad.c.obj
 .ARM.attributes
                0x000000f2       0x34 CMakeFiles/Project.dir/Core/Src/ring_buffer.c.obj
 .ARM.attributes
                0x00000126       0x34 CMakeFiles/Project.dir/Core/Src/main.c.obj
 .ARM.attributes
                0x0000015a       0x34 CMakeFiles/Project.dir/Core/Src/stm32l4xx_it.c.obj
 .ARM.attributes
                0x0000018e       0x34 CMakeFiles/Project.dir/Core/Src/stm32l4xx_hal_msp.c.obj
 .ARM.attributes
                0x000001c2       0x34 CMakeFiles/Project.dir/Drivers/STM32L4xx_HAL_Driver/Src/stm32l4xx_hal_uart.c.obj
 .ARM.attributes
                0x000001f6       0x34 CMakeFiles/Project.dir/Drivers/STM32L4xx_HAL_Driver/Src/stm32l4xx_hal_uart_ex.c.obj
 .ARM.attributes
                0x0000022a       0x34 CMakeFiles/Project.dir/Drivers/STM32L4xx_HAL_Driver/Src/stm32l4xx_hal.c.obj
 .ARM.attributes
                0x0000025e       0x34 CMakeFiles/Project.dir/Drivers/STM32L4xx_HAL_Driver/Src/stm32l4xx_hal_rcc.c.obj
 .ARM.attributes
                0x00000292       0x34 CMakeFiles/Project.dir/Drivers/STM32L4xx_HAL_Driver/Src/stm32l4xx_hal_rcc_ex.c.obj
 .ARM.attributes
                0x000002c6       0x34 CMakeFiles/Project.dir/Drivers/STM32L4xx_HAL_Driver/Src/stm32l4xx_hal_gpio.c.obj
 .ARM.attributes
                0x000002fa       0x34 CMakeFiles/Project.dir/Drivers/STM32L4xx_HAL_Driver/Src/stm32l4xx_hal_dma.c.obj
 .ARM.attributes
                0x0000032e       0x34 CMakeFiles/Project.dir/Drivers/STM32L4xx_HAL_Driver/Src/stm32l4xx_hal_pwr_ex.c.obj
 .ARM.attributes
                0x00000362       0x34 CMakeFiles/Project.dir/Drivers/STM32L4xx_HAL_Driver/Src/stm32l4xx_hal_cortex.c.obj
 .ARM.attributes
                0x00000396       0x34 CMakeFiles/Project.dir/Core/Src/system_stm32l4xx.c.obj
 .ARM.attributes
                0x000003ca       0x21 CMakeFiles/Project.dir/startup_stm32l476xx.s.obj
 .ARM.attributes
                0x000003eb       0x22 C:/Users/germmeja/Downloads/STM32CubeCLT_1.16.0/GNU-tools-for-STM32/bin/../lib/gcc/arm-none-eabi/12.3.1/thumb/v7e-m+fp/hard\libgcc.a(_aeabi_uldivmod.o)
 .ARM.attributes
                0x0000040d       0x34 C:/Users/germmeja/Downloads/STM32CubeCLT_1.16.0/GNU-tools-for-STM32/bin/../lib/gcc/arm-none-eabi/12.3.1/thumb/v7e-m+fp/hard\libgcc.a(_udivmoddi4.o)
 .ARM.attributes
                0x00000441       0x22 C:/Users/germmeja/Downloads/STM32CubeCLT_1.16.0/GNU-tools-for-STM32/bin/../lib/gcc/arm-none-eabi/12.3.1/thumb/v7e-m+fp/hard\libgcc.a(_dvmd_tls.o)
 .ARM.attributes
                0x00000463       0x34 C:/Users/germmeja/Downloads/STM32CubeCLT_1.16.0/GNU-tools-for-STM32/bin/../lib/gcc/arm-none-eabi/12.3.1/../../../../arm-none-eabi/lib/thumb/v7e-m+fp/hard\libg_nano.a(libc_a-memcmp.o)
 .ARM.attributes
                0x00000497       0x17 C:/Users/germmeja/Downloads/STM32CubeCLT_1.16.0/GNU-tools-for-STM32/bin/../lib/gcc/arm-none-eabi/12.3.1/../../../../arm-none-eabi/lib/thumb/v7e-m+fp/hard\libg_nano.a(libc_a-strlen.o)
 .ARM.attributes
                0x000004ae       0x22 C:/Users/germmeja/Downloads/STM32CubeCLT_1.16.0/GNU-tools-for-STM32/bin/../lib/gcc/arm-none-eabi/12.3.1/thumb/v7e-m+fp/hard/crtn.o

.comment        0x00000000       0x43
 .comment       0x00000000       0x43 CMakeFiles/Project.dir/Drivers/keypad/keypad.c.obj
                                 0x44 (size before relaxing)
 .comment       0x00000043       0x44 CMakeFiles/Project.dir/Core/Src/ring_buffer.c.obj
 .comment       0x00000043       0x44 CMakeFiles/Project.dir/Core/Src/main.c.obj
 .comment       0x00000043       0x44 CMakeFiles/Project.dir/Core/Src/stm32l4xx_it.c.obj
 .comment       0x00000043       0x44 CMakeFiles/Project.dir/Core/Src/stm32l4xx_hal_msp.c.obj
 .comment       0x00000043       0x44 CMakeFiles/Project.dir/Drivers/STM32L4xx_HAL_Driver/Src/stm32l4xx_hal_uart.c.obj
 .comment       0x00000043       0x44 CMakeFiles/Project.dir/Drivers/STM32L4xx_HAL_Driver/Src/stm32l4xx_hal_uart_ex.c.obj
 .comment       0x00000043       0x44 CMakeFiles/Project.dir/Drivers/STM32L4xx_HAL_Driver/Src/stm32l4xx_hal.c.obj
 .comment       0x00000043       0x44 CMakeFiles/Project.dir/Drivers/STM32L4xx_HAL_Driver/Src/stm32l4xx_hal_rcc.c.obj
 .comment       0x00000043       0x44 CMakeFiles/Project.dir/Drivers/STM32L4xx_HAL_Driver/Src/stm32l4xx_hal_rcc_ex.c.obj
 .comment       0x00000043       0x44 CMakeFiles/Project.dir/Drivers/STM32L4xx_HAL_Driver/Src/stm32l4xx_hal_gpio.c.obj
 .comment       0x00000043       0x44 CMakeFiles/Project.dir/Drivers/STM32L4xx_HAL_Driver/Src/stm32l4xx_hal_dma.c.obj
 .comment       0x00000043       0x44 CMakeFiles/Project.dir/Drivers/STM32L4xx_HAL_Driver/Src/stm32l4xx_hal_pwr_ex.c.obj
 .comment       0x00000043       0x44 CMakeFiles/Project.dir/Drivers/STM32L4xx_HAL_Driver/Src/stm32l4xx_hal_cortex.c.obj
 .comment       0x00000043       0x44 CMakeFiles/Project.dir/Core/Src/system_stm32l4xx.c.obj
 .comment       0x00000043       0x44 C:/Users/germmeja/Downloads/STM32CubeCLT_1.16.0/GNU-tools-for-STM32/bin/../lib/gcc/arm-none-eabi/12.3.1/../../../../arm-none-eabi/lib/thumb/v7e-m+fp/hard\libg_nano.a(libc_a-memcmp.o)

.debug_frame    0x00000000     0x293c
 .debug_frame   0x00000000       0x20 C:/Users/germmeja/Downloads/STM32CubeCLT_1.16.0/GNU-tools-for-STM32/bin/../lib/gcc/arm-none-eabi/12.3.1/../../../../arm-none-eabi/lib/thumb/v7e-m+fp/hard\libc_nano.a(libc_a-memset.o)
 .debug_frame   0x00000020       0x2c C:/Users/germmeja/Downloads/STM32CubeCLT_1.16.0/GNU-tools-for-STM32/bin/../lib/gcc/arm-none-eabi/12.3.1/../../../../arm-none-eabi/lib/thumb/v7e-m+fp/hard\libc_nano.a(libc_a-init.o)
 .debug_frame   0x0000004c       0x74 CMakeFiles/Project.dir/Drivers/keypad/keypad.c.obj
 .debug_frame   0x000000c0      0x120 CMakeFiles/Project.dir/Core/Src/ring_buffer.c.obj
 .debug_frame   0x000001e0      0x13c CMakeFiles/Project.dir/Core/Src/main.c.obj
 .debug_frame   0x0000031c      0x158 CMakeFiles/Project.dir/Core/Src/stm32l4xx_it.c.obj
 .debug_frame   0x00000474       0x84 CMakeFiles/Project.dir/Core/Src/stm32l4xx_hal_msp.c.obj
 .debug_frame   0x000004f8      0x9f4 CMakeFiles/Project.dir/Drivers/STM32L4xx_HAL_Driver/Src/stm32l4xx_hal_uart.c.obj
 .debug_frame   0x00000eec      0x204 CMakeFiles/Project.dir/Drivers/STM32L4xx_HAL_Driver/Src/stm32l4xx_hal_uart_ex.c.obj
 .debug_frame   0x000010f0      0x498 CMakeFiles/Project.dir/Drivers/STM32L4xx_HAL_Driver/Src/stm32l4xx_hal.c.obj
 .debug_frame   0x00001588      0x21c CMakeFiles/Project.dir/Drivers/STM32L4xx_HAL_Driver/Src/stm32l4xx_hal_rcc.c.obj
 .debug_frame   0x000017a4      0x2fc CMakeFiles/Project.dir/Drivers/STM32L4xx_HAL_Driver/Src/stm32l4xx_hal_rcc_ex.c.obj
 .debug_frame   0x00001aa0      0x14c CMakeFiles/Project.dir/Drivers/STM32L4xx_HAL_Driver/Src/stm32l4xx_hal_gpio.c.obj
 .debug_frame   0x00001bec      0x204 CMakeFiles/Project.dir/Drivers/STM32L4xx_HAL_Driver/Src/stm32l4xx_hal_dma.c.obj
 .debug_frame   0x00001df0      0x584 CMakeFiles/Project.dir/Drivers/STM32L4xx_HAL_Driver/Src/stm32l4xx_hal_pwr_ex.c.obj
 .debug_frame   0x00002374      0x4e8 CMakeFiles/Project.dir/Drivers/STM32L4xx_HAL_Driver/Src/stm32l4xx_hal_cortex.c.obj
 .debug_frame   0x0000285c       0x58 CMakeFiles/Project.dir/Core/Src/system_stm32l4xx.c.obj
 .debug_frame   0x000028b4       0x2c C:/Users/germmeja/Downloads/STM32CubeCLT_1.16.0/GNU-tools-for-STM32/bin/../lib/gcc/arm-none-eabi/12.3.1/thumb/v7e-m+fp/hard\libgcc.a(_aeabi_uldivmod.o)
 .debug_frame   0x000028e0       0x34 C:/Users/germmeja/Downloads/STM32CubeCLT_1.16.0/GNU-tools-for-STM32/bin/../lib/gcc/arm-none-eabi/12.3.1/thumb/v7e-m+fp/hard\libgcc.a(_udivmoddi4.o)
 .debug_frame   0x00002914       0x28 C:/Users/germmeja/Downloads/STM32CubeCLT_1.16.0/GNU-tools-for-STM32/bin/../lib/gcc/arm-none-eabi/12.3.1/../../../../arm-none-eabi/lib/thumb/v7e-m+fp/hard\libg_nano.a(libc_a-memcmp.o)

.debug_info     0x00000000     0xcc08
 .debug_info    0x00000000      0x300 CMakeFiles/Project.dir/Drivers/keypad/keypad.c.obj
 .debug_info    0x00000300      0x226 CMakeFiles/Project.dir/Core/Src/ring_buffer.c.obj
 .debug_info    0x00000526     0x13cc CMakeFiles/Project.dir/Core/Src/main.c.obj
 .debug_info    0x000018f2      0x760 CMakeFiles/Project.dir/Core/Src/stm32l4xx_it.c.obj
 .debug_info    0x00002052      0xfa0 CMakeFiles/Project.dir/Core/Src/stm32l4xx_hal_msp.c.obj
 .debug_info    0x00002ff2     0x3b69 CMakeFiles/Project.dir/Drivers/STM32L4xx_HAL_Driver/Src/stm32l4xx_hal_uart.c.obj
 .debug_info    0x00006b5b      0xdff CMakeFiles/Project.dir/Drivers/STM32L4xx_HAL_Driver/Src/stm32l4xx_hal_uart_ex.c.obj
 .debug_info    0x0000795a      0xc09 CMakeFiles/Project.dir/Drivers/STM32L4xx_HAL_Driver/Src/stm32l4xx_hal.c.obj
 .debug_info    0x00008563      0xc14 CMakeFiles/Project.dir/Drivers/STM32L4xx_HAL_Driver/Src/stm32l4xx_hal_rcc.c.obj
 .debug_info    0x00009177      0xe11 CMakeFiles/Project.dir/Drivers/STM32L4xx_HAL_Driver/Src/stm32l4xx_hal_rcc_ex.c.obj
 .debug_info    0x00009f88      0x757 CMakeFiles/Project.dir/Drivers/STM32L4xx_HAL_Driver/Src/stm32l4xx_hal_gpio.c.obj
 .debug_info    0x0000a6df      0x6f4 CMakeFiles/Project.dir/Drivers/STM32L4xx_HAL_Driver/Src/stm32l4xx_hal_dma.c.obj
 .debug_info    0x0000add3      0x99e CMakeFiles/Project.dir/Drivers/STM32L4xx_HAL_Driver/Src/stm32l4xx_hal_pwr_ex.c.obj
 .debug_info    0x0000b771      0xd81 CMakeFiles/Project.dir/Drivers/STM32L4xx_HAL_Driver/Src/stm32l4xx_hal_cortex.c.obj
 .debug_info    0x0000c4f2      0x5b1 CMakeFiles/Project.dir/Core/Src/system_stm32l4xx.c.obj
 .debug_info    0x0000caa3       0x30 CMakeFiles/Project.dir/startup_stm32l476xx.s.obj
 .debug_info    0x0000cad3      0x104 C:/Users/germmeja/Downloads/STM32CubeCLT_1.16.0/GNU-tools-for-STM32/bin/../lib/gcc/arm-none-eabi/12.3.1/../../../../arm-none-eabi/lib/thumb/v7e-m+fp/hard\libg_nano.a(libc_a-memcmp.o)
 .debug_info    0x0000cbd7       0x31 C:/Users/germmeja/Downloads/STM32CubeCLT_1.16.0/GNU-tools-for-STM32/bin/../lib/gcc/arm-none-eabi/12.3.1/../../../../arm-none-eabi/lib/thumb/v7e-m+fp/hard\libg_nano.a(libc_a-strlen.o)

.debug_abbrev   0x00000000     0x2124
 .debug_abbrev  0x00000000      0x193 CMakeFiles/Project.dir/Drivers/keypad/keypad.c.obj
 .debug_abbrev  0x00000193       0xfe CMakeFiles/Project.dir/Core/Src/ring_buffer.c.obj
 .debug_abbrev  0x00000291      0x34d CMakeFiles/Project.dir/Core/Src/main.c.obj
 .debug_abbrev  0x000005de      0x172 CMakeFiles/Project.dir/Core/Src/stm32l4xx_it.c.obj
 .debug_abbrev  0x00000750      0x1d8 CMakeFiles/Project.dir/Core/Src/stm32l4xx_hal_msp.c.obj
 .debug_abbrev  0x00000928      0x2d0 CMakeFiles/Project.dir/Drivers/STM32L4xx_HAL_Driver/Src/stm32l4xx_hal_uart.c.obj
 .debug_abbrev  0x00000bf8      0x2be CMakeFiles/Project.dir/Drivers/STM32L4xx_HAL_Driver/Src/stm32l4xx_hal_uart_ex.c.obj
 .debug_abbrev  0x00000eb6      0x243 CMakeFiles/Project.dir/Drivers/STM32L4xx_HAL_Driver/Src/stm32l4xx_hal.c.obj
 .debug_abbrev  0x000010f9      0x2cb CMakeFiles/Project.dir/Drivers/STM32L4xx_HAL_Driver/Src/stm32l4xx_hal_rcc.c.obj
 .debug_abbrev  0x000013c4      0x2a6 CMakeFiles/Project.dir/Drivers/STM32L4xx_HAL_Driver/Src/stm32l4xx_hal_rcc_ex.c.obj
 .debug_abbrev  0x0000166a      0x1cb CMakeFiles/Project.dir/Drivers/STM32L4xx_HAL_Driver/Src/stm32l4xx_hal_gpio.c.obj
 .debug_abbrev  0x00001835      0x1e4 CMakeFiles/Project.dir/Drivers/STM32L4xx_HAL_Driver/Src/stm32l4xx_hal_dma.c.obj
 .debug_abbrev  0x00001a19      0x1f9 CMakeFiles/Project.dir/Drivers/STM32L4xx_HAL_Driver/Src/stm32l4xx_hal_pwr_ex.c.obj
 .debug_abbrev  0x00001c12      0x31c CMakeFiles/Project.dir/Drivers/STM32L4xx_HAL_Driver/Src/stm32l4xx_hal_cortex.c.obj
 .debug_abbrev  0x00001f2e      0x11a CMakeFiles/Project.dir/Core/Src/system_stm32l4xx.c.obj
 .debug_abbrev  0x00002048       0x24 CMakeFiles/Project.dir/startup_stm32l476xx.s.obj
 .debug_abbrev  0x0000206c       0x90 C:/Users/germmeja/Downloads/STM32CubeCLT_1.16.0/GNU-tools-for-STM32/bin/../lib/gcc/arm-none-eabi/12.3.1/../../../../arm-none-eabi/lib/thumb/v7e-m+fp/hard\libg_nano.a(libc_a-memcmp.o)
 .debug_abbrev  0x000020fc       0x28 C:/Users/germmeja/Downloads/STM32CubeCLT_1.16.0/GNU-tools-for-STM32/bin/../lib/gcc/arm-none-eabi/12.3.1/../../../../arm-none-eabi/lib/thumb/v7e-m+fp/hard\libg_nano.a(libc_a-strlen.o)

.debug_aranges  0x00000000      0xaa0
 .debug_aranges
                0x00000000       0x30 CMakeFiles/Project.dir/Drivers/keypad/keypad.c.obj
 .debug_aranges
                0x00000030       0x50 CMakeFiles/Project.dir/Core/Src/ring_buffer.c.obj
 .debug_aranges
                0x00000080       0x60 CMakeFiles/Project.dir/Core/Src/main.c.obj
 .debug_aranges
                0x000000e0       0x78 CMakeFiles/Project.dir/Core/Src/stm32l4xx_it.c.obj
 .debug_aranges
                0x00000158       0x30 CMakeFiles/Project.dir/Core/Src/stm32l4xx_hal_msp.c.obj
 .debug_aranges
                0x00000188      0x228 CMakeFiles/Project.dir/Drivers/STM32L4xx_HAL_Driver/Src/stm32l4xx_hal_uart.c.obj
 .debug_aranges
                0x000003b0       0x80 CMakeFiles/Project.dir/Drivers/STM32L4xx_HAL_Driver/Src/stm32l4xx_hal_uart_ex.c.obj
 .debug_aranges
                0x00000430      0x130 CMakeFiles/Project.dir/Drivers/STM32L4xx_HAL_Driver/Src/stm32l4xx_hal.c.obj
 .debug_aranges
                0x00000560       0x90 CMakeFiles/Project.dir/Drivers/STM32L4xx_HAL_Driver/Src/stm32l4xx_hal_rcc.c.obj
 .debug_aranges
                0x000005f0       0xc0 CMakeFiles/Project.dir/Drivers/STM32L4xx_HAL_Driver/Src/stm32l4xx_hal_rcc_ex.c.obj
 .debug_aranges
                0x000006b0       0x58 CMakeFiles/Project.dir/Drivers/STM32L4xx_HAL_Driver/Src/stm32l4xx_hal_gpio.c.obj
 .debug_aranges
                0x00000708       0x80 CMakeFiles/Project.dir/Drivers/STM32L4xx_HAL_Driver/Src/stm32l4xx_hal_dma.c.obj
 .debug_aranges
                0x00000788      0x160 CMakeFiles/Project.dir/Drivers/STM32L4xx_HAL_Driver/Src/stm32l4xx_hal_pwr_ex.c.obj
 .debug_aranges
                0x000008e8      0x128 CMakeFiles/Project.dir/Drivers/STM32L4xx_HAL_Driver/Src/stm32l4xx_hal_cortex.c.obj
 .debug_aranges
                0x00000a10       0x28 CMakeFiles/Project.dir/Core/Src/system_stm32l4xx.c.obj
 .debug_aranges
                0x00000a38       0x28 CMakeFiles/Project.dir/startup_stm32l476xx.s.obj
 .debug_aranges
                0x00000a60       0x20 C:/Users/germmeja/Downloads/STM32CubeCLT_1.16.0/GNU-tools-for-STM32/bin/../lib/gcc/arm-none-eabi/12.3.1/../../../../arm-none-eabi/lib/thumb/v7e-m+fp/hard\libg_nano.a(libc_a-memcmp.o)
 .debug_aranges
                0x00000a80       0x20 C:/Users/germmeja/Downloads/STM32CubeCLT_1.16.0/GNU-tools-for-STM32/bin/../lib/gcc/arm-none-eabi/12.3.1/../../../../arm-none-eabi/lib/thumb/v7e-m+fp/hard\libg_nano.a(libc_a-strlen.o)

.debug_rnglists
                0x00000000      0x7fc
 .debug_rnglists
                0x00000000       0x21 CMakeFiles/Project.dir/Drivers/keypad/keypad.c.obj
 .debug_rnglists
                0x00000021       0x37 CMakeFiles/Project.dir/Core/Src/ring_buffer.c.obj
 .debug_rnglists
                0x00000058       0x47 CMakeFiles/Project.dir/Core/Src/main.c.obj
 .debug_rnglists
                0x0000009f       0x55 CMakeFiles/Project.dir/Core/Src/stm32l4xx_it.c.obj
 .debug_rnglists
                0x000000f4       0x20 CMakeFiles/Project.dir/Core/Src/stm32l4xx_hal_msp.c.obj
 .debug_rnglists
                0x00000114      0x1db CMakeFiles/Project.dir/Drivers/STM32L4xx_HAL_Driver/Src/stm32l4xx_hal_uart.c.obj
 .debug_rnglists
                0x000002ef       0x60 CMakeFiles/Project.dir/Drivers/STM32L4xx_HAL_Driver/Src/stm32l4xx_hal_uart_ex.c.obj
 .debug_rnglists
                0x0000034f       0xdf CMakeFiles/Project.dir/Drivers/STM32L4xx_HAL_Driver/Src/stm32l4xx_hal.c.obj
 .debug_rnglists
                0x0000042e       0x6d CMakeFiles/Project.dir/Drivers/STM32L4xx_HAL_Driver/Src/stm32l4xx_hal_rcc.c.obj
 .debug_rnglists
                0x0000049b       0x95 CMakeFiles/Project.dir/Drivers/STM32L4xx_HAL_Driver/Src/stm32l4xx_hal_rcc_ex.c.obj
 .debug_rnglists
                0x00000530       0x3f CMakeFiles/Project.dir/Drivers/STM32L4xx_HAL_Driver/Src/stm32l4xx_hal_gpio.c.obj
 .debug_rnglists
                0x0000056f       0x64 CMakeFiles/Project.dir/Drivers/STM32L4xx_HAL_Driver/Src/stm32l4xx_hal_dma.c.obj
 .debug_rnglists
                0x000005d3      0x109 CMakeFiles/Project.dir/Drivers/STM32L4xx_HAL_Driver/Src/stm32l4xx_hal_pwr_ex.c.obj
 .debug_rnglists
                0x000006dc       0xda CMakeFiles/Project.dir/Drivers/STM32L4xx_HAL_Driver/Src/stm32l4xx_hal_cortex.c.obj
 .debug_rnglists
                0x000007b6       0x1a CMakeFiles/Project.dir/Core/Src/system_stm32l4xx.c.obj
 .debug_rnglists
                0x000007d0       0x19 CMakeFiles/Project.dir/startup_stm32l476xx.s.obj
 .debug_rnglists
                0x000007e9       0x13 C:/Users/germmeja/Downloads/STM32CubeCLT_1.16.0/GNU-tools-for-STM32/bin/../lib/gcc/arm-none-eabi/12.3.1/../../../../arm-none-eabi/lib/thumb/v7e-m+fp/hard\libg_nano.a(libc_a-memcmp.o)

.debug_macro    0x00000000    0x253bb
 .debug_macro   0x00000000      0x1c5 CMakeFiles/Project.dir/Drivers/keypad/keypad.c.obj
 .debug_macro   0x000001c5      0xab4 CMakeFiles/Project.dir/Drivers/keypad/keypad.c.obj
 .debug_macro   0x00000c79       0x22 CMakeFiles/Project.dir/Drivers/keypad/keypad.c.obj
 .debug_macro   0x00000c9b       0x8e CMakeFiles/Project.dir/Drivers/keypad/keypad.c.obj
 .debug_macro   0x00000d29       0x51 CMakeFiles/Project.dir/Drivers/keypad/keypad.c.obj
 .debug_macro   0x00000d7a      0x103 CMakeFiles/Project.dir/Drivers/keypad/keypad.c.obj
 .debug_macro   0x00000e7d       0x6a CMakeFiles/Project.dir/Drivers/keypad/keypad.c.obj
 .debug_macro   0x00000ee7      0x1df CMakeFiles/Project.dir/Drivers/keypad/keypad.c.obj
 .debug_macro   0x000010c6      0x1a1 CMakeFiles/Project.dir/Drivers/keypad/keypad.c.obj
 .debug_macro   0x00001267       0x2e CMakeFiles/Project.dir/Drivers/keypad/keypad.c.obj
 .debug_macro   0x00001295       0x28 CMakeFiles/Project.dir/Drivers/keypad/keypad.c.obj
 .debug_macro   0x000012bd       0x1c CMakeFiles/Project.dir/Drivers/keypad/keypad.c.obj
 .debug_macro   0x000012d9       0x22 CMakeFiles/Project.dir/Drivers/keypad/keypad.c.obj
 .debug_macro   0x000012fb       0xfb CMakeFiles/Project.dir/Drivers/keypad/keypad.c.obj
 .debug_macro   0x000013f6     0x1011 CMakeFiles/Project.dir/Drivers/keypad/keypad.c.obj
 .debug_macro   0x00002407      0x11f CMakeFiles/Project.dir/Drivers/keypad/keypad.c.obj
 .debug_macro   0x00002526    0x1a17a CMakeFiles/Project.dir/Drivers/keypad/keypad.c.obj
 .debug_macro   0x0001c6a0       0x6d CMakeFiles/Project.dir/Drivers/keypad/keypad.c.obj
 .debug_macro   0x0001c70d     0x38fb CMakeFiles/Project.dir/Drivers/keypad/keypad.c.obj
 .debug_macro   0x00020008      0x189 CMakeFiles/Project.dir/Drivers/keypad/keypad.c.obj
 .debug_macro   0x00020191       0x5c CMakeFiles/Project.dir/Drivers/keypad/keypad.c.obj
 .debug_macro   0x000201ed     0x159e CMakeFiles/Project.dir/Drivers/keypad/keypad.c.obj
 .debug_macro   0x0002178b      0x5a5 CMakeFiles/Project.dir/Drivers/keypad/keypad.c.obj
 .debug_macro   0x00021d30      0x1b9 CMakeFiles/Project.dir/Drivers/keypad/keypad.c.obj
 .debug_macro   0x00021ee9      0x18b CMakeFiles/Project.dir/Drivers/keypad/keypad.c.obj
 .debug_macro   0x00022074      0x26b CMakeFiles/Project.dir/Drivers/keypad/keypad.c.obj
 .debug_macro   0x000222df      0x23d CMakeFiles/Project.dir/Drivers/keypad/keypad.c.obj
 .debug_macro   0x0002251c      0x241 CMakeFiles/Project.dir/Drivers/keypad/keypad.c.obj
 .debug_macro   0x0002275d      0x37c CMakeFiles/Project.dir/Drivers/keypad/keypad.c.obj
 .debug_macro   0x00022ad9       0xd6 CMakeFiles/Project.dir/Drivers/keypad/keypad.c.obj
 .debug_macro   0x00022baf      0x122 CMakeFiles/Project.dir/Drivers/keypad/keypad.c.obj
 .debug_macro   0x00022cd1      0x3ef CMakeFiles/Project.dir/Drivers/keypad/keypad.c.obj
 .debug_macro   0x000230c0      0x5cf CMakeFiles/Project.dir/Drivers/keypad/keypad.c.obj
 .debug_macro   0x0002368f       0x44 CMakeFiles/Project.dir/Drivers/keypad/keypad.c.obj
 .debug_macro   0x000236d3      0x330 CMakeFiles/Project.dir/Drivers/keypad/keypad.c.obj
 .debug_macro   0x00023a03       0xca CMakeFiles/Project.dir/Drivers/keypad/keypad.c.obj
 .debug_macro   0x00023acd      0x1c5 CMakeFiles/Project.dir/Core/Src/ring_buffer.c.obj
 .debug_macro   0x00023c92      0x1d5 CMakeFiles/Project.dir/Core/Src/main.c.obj
 .debug_macro   0x00023e67      0x1c5 CMakeFiles/Project.dir/Core/Src/stm32l4xx_it.c.obj
 .debug_macro   0x0002402c      0x1bb CMakeFiles/Project.dir/Core/Src/stm32l4xx_hal_msp.c.obj
 .debug_macro   0x000241e7      0x1d7 CMakeFiles/Project.dir/Drivers/STM32L4xx_HAL_Driver/Src/stm32l4xx_hal_uart.c.obj
 .debug_macro   0x000243be      0x1ac CMakeFiles/Project.dir/Drivers/STM32L4xx_HAL_Driver/Src/stm32l4xx_hal_uart_ex.c.obj
 .debug_macro   0x0002456a      0x1fa CMakeFiles/Project.dir/Drivers/STM32L4xx_HAL_Driver/Src/stm32l4xx_hal.c.obj
 .debug_macro   0x00024764      0x1ee CMakeFiles/Project.dir/Drivers/STM32L4xx_HAL_Driver/Src/stm32l4xx_hal_rcc.c.obj
 .debug_macro   0x00024952      0x1e2 CMakeFiles/Project.dir/Drivers/STM32L4xx_HAL_Driver/Src/stm32l4xx_hal_rcc_ex.c.obj
 .debug_macro   0x00024b34      0x1b3 CMakeFiles/Project.dir/Drivers/STM32L4xx_HAL_Driver/Src/stm32l4xx_hal_gpio.c.obj
 .debug_macro   0x00024ce7      0x1ac CMakeFiles/Project.dir/Drivers/STM32L4xx_HAL_Driver/Src/stm32l4xx_hal_dma.c.obj
 .debug_macro   0x00024e93      0x1d0 CMakeFiles/Project.dir/Drivers/STM32L4xx_HAL_Driver/Src/stm32l4xx_hal_pwr_ex.c.obj
 .debug_macro   0x00025063      0x1ac CMakeFiles/Project.dir/Drivers/STM32L4xx_HAL_Driver/Src/stm32l4xx_hal_cortex.c.obj
 .debug_macro   0x0002520f      0x1ac CMakeFiles/Project.dir/Core/Src/system_stm32l4xx.c.obj

.debug_line     0x00000000     0xddfe
 .debug_line    0x00000000      0x8c4 CMakeFiles/Project.dir/Drivers/keypad/keypad.c.obj
 .debug_line    0x000008c4      0x904 CMakeFiles/Project.dir/Core/Src/ring_buffer.c.obj
 .debug_line    0x000011c8      0xa56 CMakeFiles/Project.dir/Core/Src/main.c.obj
 .debug_line    0x00001c1e      0x8ce CMakeFiles/Project.dir/Core/Src/stm32l4xx_it.c.obj
 .debug_line    0x000024ec      0x822 CMakeFiles/Project.dir/Core/Src/stm32l4xx_hal_msp.c.obj
 .debug_line    0x00002d0e     0x32c8 CMakeFiles/Project.dir/Drivers/STM32L4xx_HAL_Driver/Src/stm32l4xx_hal_uart.c.obj
 .debug_line    0x00005fd6      0xcbc CMakeFiles/Project.dir/Drivers/STM32L4xx_HAL_Driver/Src/stm32l4xx_hal_uart_ex.c.obj
 .debug_line    0x00006c92      0xbb7 CMakeFiles/Project.dir/Drivers/STM32L4xx_HAL_Driver/Src/stm32l4xx_hal.c.obj
 .debug_line    0x00007849     0x102f CMakeFiles/Project.dir/Drivers/STM32L4xx_HAL_Driver/Src/stm32l4xx_hal_rcc.c.obj
 .debug_line    0x00008878     0x15a1 CMakeFiles/Project.dir/Drivers/STM32L4xx_HAL_Driver/Src/stm32l4xx_hal_rcc_ex.c.obj
 .debug_line    0x00009e19      0xc42 CMakeFiles/Project.dir/Drivers/STM32L4xx_HAL_Driver/Src/stm32l4xx_hal_gpio.c.obj
 .debug_line    0x0000aa5b      0xdbb CMakeFiles/Project.dir/Drivers/STM32L4xx_HAL_Driver/Src/stm32l4xx_hal_dma.c.obj
 .debug_line    0x0000b816      0xda8 CMakeFiles/Project.dir/Drivers/STM32L4xx_HAL_Driver/Src/stm32l4xx_hal_pwr_ex.c.obj
 .debug_line    0x0000c5be      0xd7f CMakeFiles/Project.dir/Drivers/STM32L4xx_HAL_Driver/Src/stm32l4xx_hal_cortex.c.obj
 .debug_line    0x0000d33d      0x85b CMakeFiles/Project.dir/Core/Src/system_stm32l4xx.c.obj
 .debug_line    0x0000db98       0x7a CMakeFiles/Project.dir/startup_stm32l476xx.s.obj
 .debug_line    0x0000dc12      0x19d C:/Users/germmeja/Downloads/STM32CubeCLT_1.16.0/GNU-tools-for-STM32/bin/../lib/gcc/arm-none-eabi/12.3.1/../../../../arm-none-eabi/lib/thumb/v7e-m+fp/hard\libg_nano.a(libc_a-memcmp.o)
 .debug_line    0x0000ddaf       0x4f C:/Users/germmeja/Downloads/STM32CubeCLT_1.16.0/GNU-tools-for-STM32/bin/../lib/gcc/arm-none-eabi/12.3.1/../../../../arm-none-eabi/lib/thumb/v7e-m+fp/hard\libg_nano.a(libc_a-strlen.o)

.debug_str      0x00000000    0xe49da
 .debug_str     0x00000000    0xe0dad CMakeFiles/Project.dir/Drivers/keypad/keypad.c.obj
                              0xe1048 (size before relaxing)
 .debug_str     0x000e0dad      0x121 CMakeFiles/Project.dir/Core/Src/ring_buffer.c.obj
                              0xe1015 (size before relaxing)
 .debug_str     0x000e0ece      0xd60 CMakeFiles/Project.dir/Core/Src/main.c.obj
                              0xe1ed2 (size before relaxing)
 .debug_str     0x000e1c2e      0x16d CMakeFiles/Project.dir/Core/Src/stm32l4xx_it.c.obj
                              0xe14a7 (size before relaxing)
 .debug_str     0x000e1d9b      0x325 CMakeFiles/Project.dir/Core/Src/stm32l4xx_hal_msp.c.obj
                              0xe1d94 (size before relaxing)
 .debug_str     0x000e20c0      0x94b CMakeFiles/Project.dir/Drivers/STM32L4xx_HAL_Driver/Src/stm32l4xx_hal_uart.c.obj
                              0xe1ba6 (size before relaxing)
 .debug_str     0x000e2a0b      0x23d CMakeFiles/Project.dir/Drivers/STM32L4xx_HAL_Driver/Src/stm32l4xx_hal_uart_ex.c.obj
                              0xe13d2 (size before relaxing)
 .debug_str     0x000e2c48      0x6e8 CMakeFiles/Project.dir/Drivers/STM32L4xx_HAL_Driver/Src/stm32l4xx_hal.c.obj
                              0xe1a4d (size before relaxing)
 .debug_str     0x000e3330      0x403 CMakeFiles/Project.dir/Drivers/STM32L4xx_HAL_Driver/Src/stm32l4xx_hal_rcc.c.obj
                              0xe1494 (size before relaxing)
 .debug_str     0x000e3733      0x443 CMakeFiles/Project.dir/Drivers/STM32L4xx_HAL_Driver/Src/stm32l4xx_hal_rcc_ex.c.obj
                              0xe160d (size before relaxing)
 .debug_str     0x000e3b76       0xcf CMakeFiles/Project.dir/Drivers/STM32L4xx_HAL_Driver/Src/stm32l4xx_hal_gpio.c.obj
                              0xe0fc7 (size before relaxing)
 .debug_str     0x000e3c45      0x24f CMakeFiles/Project.dir/Drivers/STM32L4xx_HAL_Driver/Src/stm32l4xx_hal_dma.c.obj
                              0xe10b8 (size before relaxing)
 .debug_str     0x000e3e94      0x4ee CMakeFiles/Project.dir/Drivers/STM32L4xx_HAL_Driver/Src/stm32l4xx_hal_pwr_ex.c.obj
                              0xe13a9 (size before relaxing)
 .debug_str     0x000e4382      0x392 CMakeFiles/Project.dir/Drivers/STM32L4xx_HAL_Driver/Src/stm32l4xx_hal_cortex.c.obj
                              0xe16c7 (size before relaxing)
 .debug_str     0x000e4714       0x7d CMakeFiles/Project.dir/Core/Src/system_stm32l4xx.c.obj
                              0xe0e4e (size before relaxing)
 .debug_str     0x000e4791       0x72 CMakeFiles/Project.dir/startup_stm32l476xx.s.obj
                                 0xbe (size before relaxing)
 .debug_str     0x000e4803      0x16e C:/Users/germmeja/Downloads/STM32CubeCLT_1.16.0/GNU-tools-for-STM32/bin/../lib/gcc/arm-none-eabi/12.3.1/../../../../arm-none-eabi/lib/thumb/v7e-m+fp/hard\libg_nano.a(libc_a-memcmp.o)
                                0x211 (size before relaxing)
 .debug_str     0x000e4971       0x69 C:/Users/germmeja/Downloads/STM32CubeCLT_1.16.0/GNU-tools-for-STM32/bin/../lib/gcc/arm-none-eabi/12.3.1/../../../../arm-none-eabi/lib/thumb/v7e-m+fp/hard\libg_nano.a(libc_a-strlen.o)
                                 0xf3 (size before relaxing)

.debug_line_str
                0x00000000      0x180
 .debug_line_str
                0x00000000       0xa2 CMakeFiles/Project.dir/startup_stm32l476xx.s.obj
 .debug_line_str
                0x000000a2       0xde C:/Users/germmeja/Downloads/STM32CubeCLT_1.16.0/GNU-tools-for-STM32/bin/../lib/gcc/arm-none-eabi/12.3.1/../../../../arm-none-eabi/lib/thumb/v7e-m+fp/hard\libg_nano.a(libc_a-strlen.o)

.debug_loclists
                0x00000000       0xa1
 .debug_loclists
                0x00000000       0xa1 C:/Users/germmeja/Downloads/STM32CubeCLT_1.16.0/GNU-tools-for-STM32/bin/../lib/gcc/arm-none-eabi/12.3.1/../../../../arm-none-eabi/lib/thumb/v7e-m+fp/hard\libg_nano.a(libc_a-memcmp.o)
